Component: ARM Compiler 5.06 update 6 (build 750) Tool: armlink [4d35ed]

==============================================================================

Section Cross References

    system_stm32f10x.o(i.SetSysClock) refers to system_stm32f10x.o(i.SetSysClockTo24) for SetSysClockTo24
    system_stm32f10x.o(i.SystemInit) refers to system_stm32f10x.o(i.SetSysClock) for SetSysClock
    startup_stm32f10x_md.o(RESET) refers to startup_stm32f10x_md.o(STACK) for __initial_sp
    startup_stm32f10x_md.o(RESET) refers to startup_stm32f10x_md.o(.text) for Reset_Handler
    startup_stm32f10x_md.o(RESET) refers to stm32f10x_it.o(i.NMI_Handler) for NMI_Handler
    startup_stm32f10x_md.o(RESET) refers to stm32f10x_it.o(i.HardFault_Handler) for HardFault_Handler
    startup_stm32f10x_md.o(RESET) refers to stm32f10x_it.o(i.MemManage_Handler) for MemManage_Handler
    startup_stm32f10x_md.o(RESET) refers to stm32f10x_it.o(i.BusFault_Handler) for BusFault_Handler
    startup_stm32f10x_md.o(RESET) refers to stm32f10x_it.o(i.UsageFault_Handler) for UsageFault_Handler
    startup_stm32f10x_md.o(RESET) refers to stm32f10x_it.o(i.SVC_Handler) for SVC_Handler
    startup_stm32f10x_md.o(RESET) refers to stm32f10x_it.o(i.DebugMon_Handler) for DebugMon_Handler
    startup_stm32f10x_md.o(RESET) refers to stm32f10x_it.o(i.PendSV_Handler) for PendSV_Handler
    startup_stm32f10x_md.o(RESET) refers to stm32f10x_it.o(i.SysTick_Handler) for SysTick_Handler
    startup_stm32f10x_md.o(RESET) refers to stm32f10x_it.o(i.EXTI9_5_IRQHandler) for EXTI9_5_IRQHandler
    startup_stm32f10x_md.o(RESET) refers to stm32f10x_it.o(i.TIM2_IRQHandler) for TIM2_IRQHandler
    startup_stm32f10x_md.o(RESET) refers to stm32f10x_it.o(i.TIM3_IRQHandler) for TIM3_IRQHandler
    startup_stm32f10x_md.o(RESET) refers to stm32f10x_it.o(i.USART2_IRQHandler) for USART2_IRQHandler
    startup_stm32f10x_md.o(.text) refers to system_stm32f10x.o(i.SystemInit) for SystemInit
    startup_stm32f10x_md.o(.text) refers to entry.o(.ARM.Collect$$$$00000000) for __main
    main.o(i.CalculateProcessingTime) refers to stm32f10x_it.o(i.millis) for millis
    main.o(i.CalculateProcessingTime) refers to dfltui.o(.text) for __aeabi_ui2d
    main.o(i.CalculateProcessingTime) refers to dmul.o(.text) for __aeabi_dmul
    main.o(i.CalculateProcessingTime) refers to dfixui.o(.text) for __aeabi_d2uiz
    main.o(i.CalculateProcessingTime) refers to main.o(.data) for PREV_TIME
    main.o(i.GetDataFromPhone) refers to memcpya.o(.text) for __aeabi_memcpy4
    main.o(i.GetDataFromPhone) refers to stm32f10x_usart.o(i.USART_GetFlagStatus) for USART_GetFlagStatus
    main.o(i.GetDataFromPhone) refers to stm32f10x_usart.o(i.USART_ReceiveData) for USART_ReceiveData
    main.o(i.GetDataFromPhone) refers to printfa.o(i.__0sprintf) for __2sprintf
    main.o(i.GetDataFromPhone) refers to strcat.o(.text) for strcat
    main.o(i.GetDataFromPhone) refers to nokia_5110.o(i.gotoXY) for gotoXY
    main.o(i.GetDataFromPhone) refers to nokia_5110.o(i.LCDString) for LCDString
    main.o(i.GetDataFromPhone) refers to main.o(.constdata) for .constdata
    main.o(i.GetDataFromPhone) refers to main.o(.data) for byte_received
    main.o(i.GetDataFromPhone) refers to main.o(.bss) for Char_buff
    main.o(i.LCD_Interface) refers to memcpya.o(.text) for __aeabi_memcpy4
    main.o(i.LCD_Interface) refers to nokia_5110.o(i.LCDClear) for LCDClear
    main.o(i.LCD_Interface) refers to nokia_5110.o(i.gotoXY) for gotoXY
    main.o(i.LCD_Interface) refers to nokia_5110.o(i.LCDString) for LCDString
    main.o(i.LCD_Interface) refers to f2d.o(.text) for __aeabi_f2d
    main.o(i.LCD_Interface) refers to printfa.o(i.__0sprintf) for __2sprintf
    main.o(i.LCD_Interface) refers to strcat.o(.text) for strcat
    main.o(i.LCD_Interface) refers to dfltui.o(.text) for __aeabi_ui2d
    main.o(i.LCD_Interface) refers to ddiv.o(.text) for __aeabi_ddiv
    main.o(i.LCD_Interface) refers to main.o(.constdata) for .constdata
    main.o(i.LCD_Interface) refers to main.o(.data) for SHT31_Temp
    main.o(i.LCD_Interface) refers to main.o(.bss) for Char_buff
    main.o(i.ReconfigByUser) refers to f2d.o(.text) for __aeabi_f2d
    main.o(i.ReconfigByUser) refers to dadd.o(.text) for __aeabi_dadd
    main.o(i.ReconfigByUser) refers to d2f.o(.text) for __aeabi_d2f
    main.o(i.ReconfigByUser) refers to cfrcmple.o(.text) for __aeabi_cfrcmple
    main.o(i.ReconfigByUser) refers to cfcmple.o(.text) for __aeabi_cfcmple
    main.o(i.ReconfigByUser) refers to main.o(.data) for freq_setup
    main.o(i.SHT31_GetData) refers to myiic.o(i.IIC_Write) for IIC_Write
    main.o(i.SHT31_GetData) refers to user_delay.o(i.delay_ms) for delay_ms
    main.o(i.SHT31_GetData) refers to myiic.o(i.IIC_ReadMulti) for IIC_ReadMulti
    main.o(i.SHT31_GetData) refers to fflti.o(.text) for __aeabi_i2f
    main.o(i.SHT31_GetData) refers to fdiv.o(.text) for __aeabi_fdiv
    main.o(i.SHT31_GetData) refers to fadd.o(.text) for __aeabi_fsub
[...]
    printf6.o(i.__0sprintf$6) refers to printf6.o(i._sputc) for _sputc
    printf6.o(i.__0vfprintf$6) refers to printf6.o(i._printf_core) for _printf_core
    printf6.o(i.__0vfprintf$6) refers to main.o(i.fputc) for fputc
    printf6.o(i.__0vprintf$6) refers to printf6.o(i._printf_core) for _printf_core
    printf6.o(i.__0vprintf$6) refers to main.o(i.fputc) for fputc
    printf6.o(i.__0vprintf$6) refers to stdout.o(.data) for __stdout
    printf6.o(i.__0vsnprintf$6) refers to printf6.o(i._printf_core) for _printf_core
    printf6.o(i.__0vsnprintf$6) refers to printf6.o(i._snputc) for _snputc
    printf6.o(i.__0vsprintf$6) refers to printf6.o(i._printf_core) for _printf_core
    printf6.o(i.__0vsprintf$6) refers to printf6.o(i._sputc) for _sputc
    printf6.o(i._printf_core) refers to printf6.o(i._printf_pre_padding) for _printf_pre_padding
    printf6.o(i._printf_core) refers to uidiv.o(.text) for __aeabi_uidivmod
    printf6.o(i._printf_core) refers to printf6.o(i._printf_post_padding) for _printf_post_padding
    printf7.o(i.__0fprintf$7) refers to printf7.o(i._printf_core) for _printf_core
    printf7.o(i.__0fprintf$7) refers to main.o(i.fputc) for fputc
    printf7.o(i.__0printf$7) refers to printf7.o(i._printf_core) for _printf_core
    printf7.o(i.__0printf$7) refers to main.o(i.fputc) for fputc
    printf7.o(i.__0printf$7) refers to stdout.o(.data) for __stdout
    printf7.o(i.__0snprintf$7) refers to printf7.o(i._printf_core) for _printf_core
    printf7.o(i.__0snprintf$7) refers to printf7.o(i._snputc) for _snputc
    printf7.o(i.__0sprintf$7) refers to printf7.o(i._printf_core) for _printf_core
    printf7.o(i.__0sprintf$7) refers to printf7.o(i._sputc) for _sputc
    printf7.o(i.__0vfprintf$7) refers to printf7.o(i._printf_core) for _printf_core
    printf7.o(i.__0vfprintf$7) refers to main.o(i.fputc) for fputc
    printf7.o(i.__0vprintf$7) refers to printf7.o(i._printf_core) for _printf_core
    printf7.o(i.__0vprintf$7) refers to main.o(i.fputc) for fputc
    printf7.o(i.__0vprintf$7) refers to stdout.o(.data) for __stdout
    printf7.o(i.__0vsnprintf$7) refers to printf7.o(i._printf_core) for _printf_core
    printf7.o(i.__0vsnprintf$7) refers to printf7.o(i._snputc) for _snputc
    printf7.o(i.__0vsprintf$7) refers to printf7.o(i._printf_core) for _printf_core
    printf7.o(i.__0vsprintf$7) refers to printf7.o(i._sputc) for _sputc
    printf7.o(i._printf_core) refers to printf7.o(i._printf_pre_padding) for _printf_pre_padding
    printf7.o(i._printf_core) refers to uldiv.o(.text) for __aeabi_uldivmod
    printf7.o(i._printf_core) refers to printf7.o(i._printf_post_padding) for _printf_post_padding
    printf8.o(i.__0fprintf$8) refers to printf8.o(i._printf_core) for _printf_core
    printf8.o(i.__0fprintf$8) refers to main.o(i.fputc) for fputc
    printf8.o(i.__0printf$8) refers to printf8.o(i._printf_core) for _printf_core
    printf8.o(i.__0printf$8) refers to main.o(i.fputc) for fputc
    printf8.o(i.__0printf$8) refers to stdout.o(.data) for __stdout
    printf8.o(i.__0snprintf$8) refers to printf8.o(i._printf_core) for _printf_core
    printf8.o(i.__0snprintf$8) refers to printf8.o(i._snputc) for _snputc
    printf8.o(i.__0sprintf$8) refers to printf8.o(i._printf_core) for _printf_core
    printf8.o(i.__0sprintf$8) refers to printf8.o(i._sputc) for _sputc
    printf8.o(i.__0vfprintf$8) refers to printf8.o(i._printf_core) for _printf_core
    printf8.o(i.__0vfprintf$8) refers to main.o(i.fputc) for fputc
    printf8.o(i.__0vprintf$8) refers to printf8.o(i._printf_core) for _printf_core
    printf8.o(i.__0vprintf$8) refers to main.o(i.fputc) for fputc
    printf8.o(i.__0vprintf$8) refers to stdout.o(.data) for __stdout
    printf8.o(i.__0vsnprintf$8) refers to printf8.o(i._printf_core) for _printf_core
    printf8.o(i.__0vsnprintf$8) refers to printf8.o(i._snputc) for _snputc
    printf8.o(i.__0vsprintf$8) refers to printf8.o(i._printf_core) for _printf_core
    printf8.o(i.__0vsprintf$8) refers to printf8.o(i._sputc) for _sputc
    printf8.o(i._printf_core) refers to printf8.o(i._printf_pre_padding) for _printf_pre_padding
    printf8.o(i._printf_core) refers to uldiv.o(.text) for __aeabi_uldivmod
    printf8.o(i._printf_core) refers to printf8.o(i._printf_post_padding) for _printf_post_padding
    printfa.o(i.__0fprintf) refers (Special) to iusefp.o(.text) for __I$use$fp
    printfa.o(i.__0fprintf) refers to printfa.o(i._printf_core) for _printf_core
    printfa.o(i.__0fprintf) refers to main.o(i.fputc) for fputc
    printfa.o(i.__0printf) refers (Special) to iusefp.o(.text) for __I$use$fp
    printfa.o(i.__0printf) refers to printfa.o(i._printf_core) for _printf_core
    printfa.o(i.__0printf) refers to main.o(i.fputc) for fputc
    printfa.o(i.__0printf) refers to stdout.o(.data) for __stdout
    printfa.o(i.__0snprintf) refers (Special) to iusefp.o(.text) for __I$use$fp
    printfa.o(i.__0snprintf) refers to printfa.o(i._printf_core) for _printf_core
    printfa.o(i.__0snprintf) refers to printfa.o(i._snputc) for _snputc
    printfa.o(i.__0sprintf) refers (Special) to iusefp.o(.text) for __I$use$fp
    printfa.o(i.__0sprintf) refers to printfa.o(i._printf_core) for _printf_core
    printfa.o(i.__0sprintf) refers to printfa.o(i._sputc) for _sputc
    printfa.o(i.__0vfprintf) refers (Special) to iusefp.o(.text) for __I$use$fp
    printfa.o(i.__0vfprintf) refers to printfa.o(i._printf_core) for _printf_core
    printfa.o(i.__0vfprintf) refers to main.o(i.fputc) for fputc
    printfa.o(i.__0vprintf) refers (Special) to iusefp.o(.text) for __I$use$fp
    printfa.o(i.__0vprintf) refers to printfa.o(i._printf_core) for _printf_core
    printfa.o(i.__0vprintf) refers to main.o(i.fputc) for fputc
    printfa.o(i.__0vprintf) refers to stdout.o(.data) for __stdout
    printfa.o(i.__0vsnprintf) refers (Special) to iusefp.o(.text) for __I$use$fp
    printfa.o(i.__0vsnprintf) refers to printfa.o(i._printf_core) for _printf_core
    printfa.o(i.__0vsnprintf) refers to printfa.o(i._snputc) for _snputc
    printfa.o(i.__0vsprintf) refers (Special) to iusefp.o(.text) for __I$use$fp
    printfa.o(i.__0vsprintf) refers to printfa.o(i._printf_core) for _printf_core
    printfa.o(i.__0vsprintf) refers to printfa.o(i._sputc) for _sputc
    printfa.o(i._fp_digits) refers (Special) to iusefp.o(.text) for __I$use$fp
    printfa.o(i._fp_digits) refers to dmul.o(.text) for __aeabi_dmul
    printfa.o(i._fp_digits) refers to ddiv.o(.text) for __aeabi_ddiv
    printfa.o(i._fp_digits) refers to cdrcmple.o(.text) for __aeabi_cdrcmple
    printfa.o(i._fp_digits) refers to dadd.o(.text) for __aeabi_dadd
    printfa.o(i._fp_digits) refers to dfixul.o(.text) for __aeabi_d2ulz
    printfa.o(i._fp_digits) refers to uldiv.o(.text) for __aeabi_uldivmod
    printfa.o(i._printf_core) refers (Special) to iusefp.o(.text) for __I$use$fp
    printfa.o(i._printf_core) refers to printfa.o(i._printf_pre_padding) for _printf_pre_padding
    printfa.o(i._printf_core) refers to uldiv.o(.text) for __aeabi_uldivmod
    printfa.o(i._printf_core) refers to printfa.o(i._printf_post_padding) for _printf_post_padding
    printfa.o(i._printf_core) refers to printfa.o(i._fp_digits) for _fp_digits
    printfa.o(i._printf_core) refers to uidiv.o(.text) for __aeabi_uidivmod
    printfa.o(i._printf_post_padding) refers (Special) to iusefp.o(.text) for __I$use$fp
    printfa.o(i._printf_pre_padding) refers (Special) to iusefp.o(.text) for __I$use$fp
    printfa.o(i._snputc) refers (Special) to iusefp.o(.text) for __I$use$fp
    printfa.o(i._sputc) refers (Special) to iusefp.o(.text) for __I$use$fp
    fadd.o(.text) refers (Special) to iusefp.o(.text) for __I$use$fp
    fadd.o(.text) refers to fepilogue.o(.text) for _float_epilogue
    fdiv.o(.text) refers (Special) to iusefp.o(.text) for __I$use$fp
    fdiv.o(.text) refers to fepilogue.o(.text) for _float_round
    dadd.o(.text) refers (Special) to iusefp.o(.text) for __I$use$fp
    dadd.o(.text) refers to llshl.o(.text) for __aeabi_llsl
    dadd.o(.text) refers to llsshr.o(.text) for __aeabi_lasr
    dadd.o(.text) refers to depilogue.o(.text) for _double_epilogue
    dmul.o(.text) refers (Special) to iusefp.o(.text) for __I$use$fp
    dmul.o(.text) refers to depilogue.o(.text) for _double_epilogue
    ddiv.o(.text) refers (Special) to iusefp.o(.text) for __I$use$fp
    ddiv.o(.text) refers to depilogue.o(.text) for _double_round
    fflti.o(.text) refers (Special) to iusefp.o(.text) for __I$use$fp
    fflti.o(.text) refers to fepilogue.o(.text) for _float_epilogue
    dfltui.o(.text) refers (Special) to iusefp.o(.text) for __I$use$fp
    dfltui.o(.text) refers to depilogue.o(.text) for _double_epilogue
    dfixui.o(.text) refers (Special) to iusefp.o(.text) for __I$use$fp
    dfixui.o(.text) refers to llushr.o(.text) for __aeabi_llsr
    f2d.o(.text) refers (Special) to iusefp.o(.text) for __I$use$fp
    cdrcmple.o(.text) refers (Special) to iusefp.o(.text) for __I$use$fp
    d2f.o(.text) refers (Special) to iusefp.o(.text) for __I$use$fp
    d2f.o(.text) refers to fepilogue.o(.text) for _float_round
    cfcmple.o(.text) refers (Special) to iusefp.o(.text) for __I$use$fp
    cfrcmple.o(.text) refers (Special) to iusefp.o(.text) for __I$use$fp
    entry2.o(.ARM.Collect$$$$00000001) refers to entry2.o(.ARM.Collect$$$$00002712) for __lit__00000000
    entry2.o(.ARM.Collect$$$$00002712) refers to startup_stm32f10x_md.o(STACK) for __initial_sp
    entry2.o(__vectab_stack_and_reset_area) refers to startup_stm32f10x_md.o(STACK) for __initial_sp
    entry2.o(__vectab_stack_and_reset_area) refers to entry.o(.ARM.Collect$$$$00000000) for __main
    entry5.o(.ARM.Collect$$$$00000004) refers to init.o(.text) for __scatterload
    entry9a.o(.ARM.Collect$$$$0000000B) refers to main.o(i.main) for main
    entry9b.o(.ARM.Collect$$$$0000000C) refers to main.o(i.main) for main
    uldiv.o(.text) refers to llushr.o(.text) for __aeabi_llsr
    uldiv.o(.text) refers to llshl.o(.text) for __aeabi_llsl
    depilogue.o(.text) refers to llshl.o(.text) for __aeabi_llsl
    depilogue.o(.text) refers to llushr.o(.text) for __aeabi_llsr
    dfixul.o(.text) refers to llushr.o(.text) for __aeabi_llsr
    dfixul.o(.text) refers to llshl.o(.text) for __aeabi_llsl
    init.o(.text) refers to entry5.o(.ARM.Collect$$$$00000004) for __main_after_scatterload


==============================================================================

Removing Unused input sections from the image.

    Removing core_cm3.o(.emb_text), (32 bytes).
    Removing system_stm32f10x.o(i.SystemCoreClockUpdate), (2 bytes).
    Removing system_stm32f10x.o(.data), (4 bytes).
    Removing startup_stm32f10x_md.o(HEAP), (512 bytes).
    Removing main.o(i.TestContrast), (12 bytes).
    Removing main.o(i.USART1_Configuration), (136 bytes).
    Removing main.o(i.USART3_Configuration), (136 bytes).
    Removing main.o(i.fgetc), (44 bytes).
    Removing main.o(i.sendSHT31_I2C_Data_Buffer), (48 bytes).
    Removing main.o(i.testBLE), (32 bytes).
    Removing main.o(i.testBUTTON), (280 bytes).
    Removing main.o(i.testBUZZ), (40 bytes).
    Removing stm32f10x_it.o(.constdata), (8 bytes).
    Removing misc.o(i.NVIC_SetVectorTable), (20 bytes).
    Removing misc.o(i.NVIC_SystemLPConfig), (32 bytes).
    Removing misc.o(i.SysTick_CLKSourceConfig), (40 bytes).
    Removing stm32f10x_gpio.o(i.GPIO_AFIODeInit), (20 bytes).
    Removing stm32f10x_gpio.o(i.GPIO_DeInit), (200 bytes).
    Removing stm32f10x_gpio.o(i.GPIO_ETH_MediaInterfaceConfig), (12 bytes).
    Removing stm32f10x_gpio.o(i.GPIO_EventOutputCmd), (12 bytes).
    Removing stm32f10x_gpio.o(i.GPIO_EventOutputConfig), (32 bytes).
    Removing stm32f10x_gpio.o(i.GPIO_PinLockConfig), (18 bytes).
    Removing stm32f10x_gpio.o(i.GPIO_PinRemapConfig), (112 bytes).
    Removing stm32f10x_gpio.o(i.GPIO_ReadInputData), (8 bytes).
    Removing stm32f10x_gpio.o(i.GPIO_ReadOutputData), (8 bytes).
    Removing stm32f10x_gpio.o(i.GPIO_ReadOutputDataBit), (18 bytes).
    Removing stm32f10x_gpio.o(i.GPIO_StructInit), (16 bytes).
    Removing stm32f10x_gpio.o(i.GPIO_Write), (4 bytes).
    Removing stm32f10x_gpio.o(i.GPIO_WriteBit), (10 bytes).
    Removing stm32f10x_rcc.o(i.RCC_ADCCLKConfig), (24 bytes).
    Removing stm32f10x_rcc.o(i.RCC_AHBPeriphClockCmd), (32 bytes).
    Removing stm32f10x_rcc.o(i.RCC_APB1PeriphResetCmd), (32 bytes).
    Removing stm32f10x_rcc.o(i.RCC_APB2PeriphResetCmd), (32 bytes).
    Removing stm32f10x_rcc.o(i.RCC_AdjustHSICalibrationValue), (24 bytes).
    Removing stm32f10x_rcc.o(i.RCC_BackupResetCmd), (12 bytes).
    Removing stm32f10x_rcc.o(i.RCC_ClearFlag), (20 bytes).
    Removing stm32f10x_rcc.o(i.RCC_ClearITPendingBit), (12 bytes).
    Removing stm32f10x_rcc.o(i.RCC_ClockSecuritySystemCmd), (12 bytes).
    Removing stm32f10x_rcc.o(i.RCC_DeInit), (76 bytes).
    Removing stm32f10x_rcc.o(i.RCC_GetFlagStatus), (60 bytes).
    Removing stm32f10x_rcc.o(i.RCC_GetITStatus), (24 bytes).
    Removing stm32f10x_rcc.o(i.RCC_GetSYSCLKSource), (16 bytes).
    Removing stm32f10x_rcc.o(i.RCC_HCLKConfig), (24 bytes).
    Removing stm32f10x_rcc.o(i.RCC_HSEConfig), (76 bytes).
    Removing stm32f10x_rcc.o(i.RCC_HSICmd), (12 bytes).
    Removing stm32f10x_rcc.o(i.RCC_ITConfig), (32 bytes).
    Removing stm32f10x_rcc.o(i.RCC_LSEConfig), (52 bytes).
    Removing stm32f10x_rcc.o(i.RCC_LSICmd), (12 bytes).
    Removing stm32f10x_rcc.o(i.RCC_MCOConfig), (12 bytes).
    Removing stm32f10x_rcc.o(i.RCC_PCLK1Config), (24 bytes).
    Removing stm32f10x_rcc.o(i.RCC_PCLK2Config), (24 bytes).
    Removing stm32f10x_rcc.o(i.RCC_PLLCmd), (12 bytes).
    Removing stm32f10x_rcc.o(i.RCC_PLLConfig), (28 bytes).
    Removing stm32f10x_rcc.o(i.RCC_RTCCLKCmd), (12 bytes).
    Removing stm32f10x_rcc.o(i.RCC_RTCCLKConfig), (16 bytes).
    Removing stm32f10x_rcc.o(i.RCC_SYSCLKConfig), (24 bytes).
    Removing stm32f10x_rcc.o(i.RCC_USBCLKConfig), (12 bytes).
    Removing stm32f10x_rcc.o(i.RCC_WaitForHSEStartUp), (56 bytes).
    Removing stm32f10x_exti.o(i.EXTI_ClearFlag), (12 bytes).
    Removing stm32f10x_exti.o(i.EXTI_DeInit), (36 bytes).
    Removing stm32f10x_exti.o(i.EXTI_GenerateSWInterrupt), (16 bytes).
    Removing stm32f10x_exti.o(i.EXTI_GetFlagStatus), (24 bytes).
    Removing stm32f10x_exti.o(i.EXTI_StructInit), (16 bytes).
    Removing stm32f10x_tim.o(i.TI1_Config), (56 bytes).
    Removing stm32f10x_tim.o(i.TI2_Config), (80 bytes).
    Removing stm32f10x_tim.o(i.TI3_Config), (72 bytes).
    Removing stm32f10x_tim.o(i.TI4_Config), (80 bytes).
    Removing stm32f10x_tim.o(i.TIM_ARRPreloadConfig), (24 bytes).
    Removing stm32f10x_tim.o(i.TIM_BDTRConfig), (32 bytes).
    Removing stm32f10x_tim.o(i.TIM_BDTRStructInit), (18 bytes).
    Removing stm32f10x_tim.o(i.TIM_CCPreloadControl), (24 bytes).
    Removing stm32f10x_tim.o(i.TIM_CCxCmd), (30 bytes).
    Removing stm32f10x_tim.o(i.TIM_CCxNCmd), (30 bytes).
    Removing stm32f10x_tim.o(i.TIM_ClearFlag), (6 bytes).
    Removing stm32f10x_tim.o(i.TIM_ClearOC1Ref), (18 bytes).
    Removing stm32f10x_tim.o(i.TIM_ClearOC2Ref), (24 bytes).
    Removing stm32f10x_tim.o(i.TIM_ClearOC3Ref), (18 bytes).
    Removing stm32f10x_tim.o(i.TIM_ClearOC4Ref), (24 bytes).
    Removing stm32f10x_tim.o(i.TIM_CounterModeConfig), (18 bytes).
    Removing stm32f10x_tim.o(i.TIM_CtrlPWMOutputs), (30 bytes).
    Removing stm32f10x_tim.o(i.TIM_DMACmd), (18 bytes).
    Removing stm32f10x_tim.o(i.TIM_DMAConfig), (10 bytes).
    Removing stm32f10x_tim.o(i.TIM_DeInit), (224 bytes).
    Removing stm32f10x_tim.o(i.TIM_ETRClockMode1Config), (54 bytes).
    Removing stm32f10x_tim.o(i.TIM_ETRClockMode2Config), (32 bytes).
    Removing stm32f10x_tim.o(i.TIM_ETRConfig), (28 bytes).
    Removing stm32f10x_tim.o(i.TIM_EncoderInterfaceConfig), (66 bytes).
    Removing stm32f10x_tim.o(i.TIM_ForcedOC1Config), (18 bytes).
    Removing stm32f10x_tim.o(i.TIM_ForcedOC2Config), (26 bytes).
    Removing stm32f10x_tim.o(i.TIM_ForcedOC3Config), (18 bytes).
    Removing stm32f10x_tim.o(i.TIM_ForcedOC4Config), (26 bytes).
    Removing stm32f10x_tim.o(i.TIM_GenerateEvent), (4 bytes).
    Removing stm32f10x_tim.o(i.TIM_GetCapture1), (6 bytes).
    Removing stm32f10x_tim.o(i.TIM_GetCapture2), (6 bytes).
    Removing stm32f10x_tim.o(i.TIM_GetCapture3), (6 bytes).
    Removing stm32f10x_tim.o(i.TIM_GetCapture4), (8 bytes).
    Removing stm32f10x_tim.o(i.TIM_GetCounter), (6 bytes).
    Removing stm32f10x_tim.o(i.TIM_GetFlagStatus), (18 bytes).
    Removing stm32f10x_tim.o(i.TIM_GetPrescaler), (6 bytes).
    Removing stm32f10x_tim.o(i.TIM_ICInit), (110 bytes).
    Removing stm32f10x_tim.o(i.TIM_ICStructInit), (18 bytes).
    Removing stm32f10x_tim.o(i.TIM_ITRxExternalClockConfig), (24 bytes).
    Removing stm32f10x_tim.o(i.TIM_InternalClockConfig), (12 bytes).
    Removing stm32f10x_tim.o(i.TIM_OC1FastConfig), (18 bytes).
    Removing stm32f10x_tim.o(i.TIM_OC1Init), (120 bytes).
    Removing stm32f10x_tim.o(i.TIM_OC1NPolarityConfig), (18 bytes).
    Removing stm32f10x_tim.o(i.TIM_OC1PolarityConfig), (18 bytes).
    Removing stm32f10x_tim.o(i.TIM_OC1PreloadConfig), (18 bytes).
    Removing stm32f10x_tim.o(i.TIM_OC2FastConfig), (26 bytes).
    Removing stm32f10x_tim.o(i.TIM_OC2Init), (156 bytes).
    Removing stm32f10x_tim.o(i.TIM_OC2NPolarityConfig), (26 bytes).
    Removing stm32f10x_tim.o(i.TIM_OC2PolarityConfig), (26 bytes).
    Removing stm32f10x_tim.o(i.TIM_OC2PreloadConfig), (26 bytes).
    Removing stm32f10x_tim.o(i.TIM_OC3FastConfig), (18 bytes).
    Removing stm32f10x_tim.o(i.TIM_OC3Init), (152 bytes).
    Removing stm32f10x_tim.o(i.TIM_OC3NPolarityConfig), (26 bytes).
    Removing stm32f10x_tim.o(i.TIM_OC3PolarityConfig), (26 bytes).
    Removing stm32f10x_tim.o(i.TIM_OC3PreloadConfig), (18 bytes).
    Removing stm32f10x_tim.o(i.TIM_OC4FastConfig), (26 bytes).
    Removing stm32f10x_tim.o(i.TIM_OC4Init), (116 bytes).
    Removing stm32f10x_tim.o(i.TIM_OC4PolarityConfig), (26 bytes).
    Removing stm32f10x_tim.o(i.TIM_OC4PreloadConfig), (26 bytes).
    Removing stm32f10x_tim.o(i.TIM_OCStructInit), (20 bytes).
    Removing stm32f10x_tim.o(i.TIM_PWMIConfig), (124 bytes).
    Removing stm32f10x_tim.o(i.TIM_PrescalerConfig), (6 bytes).
    Removing stm32f10x_tim.o(i.TIM_SelectCCDMA), (24 bytes).
    Removing stm32f10x_tim.o(i.TIM_SelectCOM), (24 bytes).
    Removing stm32f10x_tim.o(i.TIM_SelectHallSensor), (24 bytes).
    Removing stm32f10x_tim.o(i.TIM_SelectInputTrigger), (18 bytes).
    Removing stm32f10x_tim.o(i.TIM_SelectMasterSlaveMode), (18 bytes).
    Removing stm32f10x_tim.o(i.TIM_SelectOCxM), (86 bytes).
    Removing stm32f10x_tim.o(i.TIM_SelectOnePulseMode), (18 bytes).
    Removing stm32f10x_tim.o(i.TIM_SelectOutputTrigger), (18 bytes).
    Removing stm32f10x_tim.o(i.TIM_SelectSlaveMode), (18 bytes).
    Removing stm32f10x_tim.o(i.TIM_SetAutoreload), (4 bytes).
    Removing stm32f10x_tim.o(i.TIM_SetClockDivision), (14 bytes).
    Removing stm32f10x_tim.o(i.TIM_SetCompare1), (4 bytes).
    Removing stm32f10x_tim.o(i.TIM_SetCompare2), (4 bytes).
    Removing stm32f10x_tim.o(i.TIM_SetCompare3), (4 bytes).
    Removing stm32f10x_tim.o(i.TIM_SetCompare4), (6 bytes).
    Removing stm32f10x_tim.o(i.TIM_SetCounter), (4 bytes).
    Removing stm32f10x_tim.o(i.TIM_SetIC1Prescaler), (18 bytes).
    Removing stm32f10x_tim.o(i.TIM_SetIC2Prescaler), (26 bytes).
    Removing stm32f10x_tim.o(i.TIM_SetIC3Prescaler), (18 bytes).
    Removing stm32f10x_tim.o(i.TIM_SetIC4Prescaler), (26 bytes).
    Removing stm32f10x_tim.o(i.TIM_TIxExternalClockConfig), (62 bytes).
    Removing stm32f10x_tim.o(i.TIM_TimeBaseStructInit), (18 bytes).
    Removing stm32f10x_tim.o(i.TIM_UpdateDisableConfig), (24 bytes).
    Removing stm32f10x_tim.o(i.TIM_UpdateRequestConfig), (24 bytes).
    Removing stm32f10x_usart.o(i.USART_ClearITPendingBit), (30 bytes).
    Removing stm32f10x_usart.o(i.USART_ClockInit), (34 bytes).
    Removing stm32f10x_usart.o(i.USART_ClockStructInit), (12 bytes).
    Removing stm32f10x_usart.o(i.USART_DMACmd), (18 bytes).
    Removing stm32f10x_usart.o(i.USART_DeInit), (156 bytes).
    Removing stm32f10x_usart.o(i.USART_GetITStatus), (84 bytes).
    Removing stm32f10x_usart.o(i.USART_HalfDuplexCmd), (24 bytes).
    Removing stm32f10x_usart.o(i.USART_ITConfig), (74 bytes).
    Removing stm32f10x_usart.o(i.USART_IrDACmd), (24 bytes).
    Removing stm32f10x_usart.o(i.USART_IrDAConfig), (18 bytes).
    Removing stm32f10x_usart.o(i.USART_LINBreakDetectLengthConfig), (18 bytes).
    Removing stm32f10x_usart.o(i.USART_LINCmd), (24 bytes).
    Removing stm32f10x_usart.o(i.USART_ReceiverWakeUpCmd), (24 bytes).
    Removing stm32f10x_usart.o(i.USART_SendBreak), (10 bytes).
    Removing stm32f10x_usart.o(i.USART_SetAddress), (18 bytes).
    Removing stm32f10x_usart.o(i.USART_SetGuardTime), (16 bytes).
    Removing stm32f10x_usart.o(i.USART_SetPrescaler), (16 bytes).
    Removing stm32f10x_usart.o(i.USART_SmartCardCmd), (24 bytes).
    Removing stm32f10x_usart.o(i.USART_SmartCardNACKCmd), (24 bytes).
    Removing stm32f10x_usart.o(i.USART_StructInit), (24 bytes).
    Removing stm32f10x_usart.o(i.USART_WakeUpConfig), (18 bytes).
    Removing stm32f10x_i2c.o(i.I2C_ARPCmd), (24 bytes).
    Removing stm32f10x_i2c.o(i.I2C_AcknowledgeConfig), (24 bytes).
    Removing stm32f10x_i2c.o(i.I2C_CalculatePEC), (24 bytes).
    Removing stm32f10x_i2c.o(i.I2C_CheckEvent), (38 bytes).
    Removing stm32f10x_i2c.o(i.I2C_ClearFlag), (12 bytes).
    Removing stm32f10x_i2c.o(i.I2C_ClearITPendingBit), (12 bytes).
    Removing stm32f10x_i2c.o(i.I2C_Cmd), (24 bytes).
    Removing stm32f10x_i2c.o(i.I2C_DMACmd), (24 bytes).
    Removing stm32f10x_i2c.o(i.I2C_DMALastTransferCmd), (24 bytes).
    Removing stm32f10x_i2c.o(i.I2C_DeInit), (56 bytes).
    Removing stm32f10x_i2c.o(i.I2C_DualAddressCmd), (24 bytes).
    Removing stm32f10x_i2c.o(i.I2C_FastModeDutyCycleConfig), (28 bytes).
    Removing stm32f10x_i2c.o(i.I2C_GeneralCallCmd), (24 bytes).
    Removing stm32f10x_i2c.o(i.I2C_GenerateSTART), (24 bytes).
    Removing stm32f10x_i2c.o(i.I2C_GenerateSTOP), (24 bytes).
    Removing stm32f10x_i2c.o(i.I2C_GetFlagStatus), (58 bytes).
    Removing stm32f10x_i2c.o(i.I2C_GetITStatus), (38 bytes).
    Removing stm32f10x_i2c.o(i.I2C_GetLastEvent), (26 bytes).
    Removing stm32f10x_i2c.o(i.I2C_GetPEC), (8 bytes).
    Removing stm32f10x_i2c.o(i.I2C_ITConfig), (18 bytes).
    Removing stm32f10x_i2c.o(i.I2C_Init), (236 bytes).
    Removing stm32f10x_i2c.o(i.I2C_OwnAddress2Config), (22 bytes).
    Removing stm32f10x_i2c.o(i.I2C_PECPositionConfig), (28 bytes).
    Removing stm32f10x_i2c.o(i.I2C_ReadRegister), (22 bytes).
    Removing stm32f10x_i2c.o(i.I2C_ReceiveData), (8 bytes).
    Removing stm32f10x_i2c.o(i.I2C_SMBusAlertConfig), (28 bytes).
    Removing stm32f10x_i2c.o(i.I2C_Send7bitAddress), (18 bytes).
    Removing stm32f10x_i2c.o(i.I2C_SendData), (4 bytes).
    Removing stm32f10x_i2c.o(i.I2C_SoftwareResetCmd), (22 bytes).
    Removing stm32f10x_i2c.o(i.I2C_StretchClockCmd), (24 bytes).
    Removing stm32f10x_i2c.o(i.I2C_StructInit), (30 bytes).
    Removing stm32f10x_i2c.o(i.I2C_TransmitPEC), (24 bytes).
    Removing stm32f10x_dma.o(i.DMA_ClearFlag), (28 bytes).
    Removing stm32f10x_dma.o(i.DMA_ClearITPendingBit), (28 bytes).
    Removing stm32f10x_dma.o(i.DMA_Cmd), (22 bytes).
    Removing stm32f10x_dma.o(i.DMA_DeInit), (332 bytes).
    Removing stm32f10x_dma.o(i.DMA_GetCurrDataCounter), (8 bytes).
    Removing stm32f10x_dma.o(i.DMA_GetFlagStatus), (44 bytes).
    Removing stm32f10x_dma.o(i.DMA_GetITStatus), (44 bytes).
    Removing stm32f10x_dma.o(i.DMA_ITConfig), (18 bytes).
    Removing stm32f10x_dma.o(i.DMA_Init), (60 bytes).
    Removing stm32f10x_dma.o(i.DMA_StructInit), (26 bytes).
    Removing user_delay.o(.constdata), (8 bytes).
    Removing user_function.o(i.BlinkLeftToRight), (188 bytes).
    Removing user_function.o(i.BlinkRightToLeft), (188 bytes).
    Removing user_function.o(.constdata), (8 bytes).
    Removing user_function.o(.data), (10 bytes).
    Removing nokia_5110.o(i.LCDBitmap), (26 bytes).
    Removing nokia_5110.o(i.nDelay), (14 bytes).
    Removing nokia_5110.o(i.testLCD), (48 bytes).
    Removing nokia_5110.o(.data), (10 bytes).
    Removing sht31.o(i.SHT31_DMA_Config), (112 bytes).
    Removing sht31.o(i.SHT31_Init), (136 bytes).
    Removing sht31.o(i.SHT31_ReadTemp), (504 bytes).
    Removing sht31.o(.constdata), (8 bytes).
    Removing sht31.o(.data), (10 bytes).
    Removing myiic.o(i.IIC_Cmd_Write), (72 bytes).
    Removing myiic.o(i.IIC_WriteMulti), (94 bytes).
    Removing myiic.o(i.Read_IIC), (86 bytes).
    Removing myiic.o(.constdata), (8 bytes).
    Removing myiic.o(.data), (10 bytes).

231 unused section(s) (total 9464 bytes) removed from the image.

==============================================================================

Image Symbol Table

    Local Symbols

    Symbol Name                              Value     Ov Type        Size  Object(Section)

    ../clib/microlib/division.c              0x00000000   Number         0  uidiv.o ABSOLUTE
    ../clib/microlib/division.c              0x00000000   Number         0  uldiv.o ABSOLUTE
    ../clib/microlib/init/entry.s            0x00000000   Number         0  entry9a.o ABSOLUTE
    ../clib/microlib/init/entry.s            0x00000000   Number         0  entry10a.o ABSOLUTE
    ../clib/microlib/init/entry.s            0x00000000   Number         0  entry10b.o ABSOLUTE
    ../clib/microlib/init/entry.s            0x00000000   Number         0  entry11a.o ABSOLUTE
    ../clib/microlib/init/entry.s            0x00000000   Number         0  entry2.o ABSOLUTE
    ../clib/microlib/init/entry.s            0x00000000   Number         0  entry9b.o ABSOLUTE
    ../clib/microlib/init/entry.s            0x00000000   Number         0  entry5.o ABSOLUTE
    ../clib/microlib/init/entry.s            0x00000000   Number         0  entry7a.o ABSOLUTE
    ../clib/microlib/init/entry.s            0x00000000   Number         0  entry11b.o ABSOLUTE
    ../clib/microlib/init/entry.s            0x00000000   Number         0  entry7b.o ABSOLUTE
    ../clib/microlib/init/entry.s            0x00000000   Number         0  entry8a.o ABSOLUTE
    ../clib/microlib/init/entry.s            0x00000000   Number         0  entry8b.o ABSOLUTE
    ../clib/microlib/init/entry.s            0x00000000   Number         0  entry.o ABSOLUTE
    ../clib/microlib/longlong.c              0x00000000   Number         0  llsshr.o ABSOLUTE
    ../clib/microlib/longlong.c              0x00000000   Number         0  llushr.o ABSOLUTE
    ../clib/microlib/longlong.c              0x00000000   Number         0  llshl.o ABSOLUTE
    ../clib/microlib/printf/printf.c         0x00000000   Number         0  printf8.o ABSOLUTE
    ../clib/microlib/printf/printf.c         0x00000000   Number         0  printfa.o ABSOLUTE
    ../clib/microlib/printf/printf.c         0x00000000   Number         0  printf7.o ABSOLUTE
    ../clib/microlib/printf/printf.c         0x00000000   Number         0  printf6.o ABSOLUTE
    ../clib/microlib/printf/printf.c         0x00000000   Number         0  printf3.o ABSOLUTE
    ../clib/microlib/printf/printf.c         0x00000000   Number         0  printf2.o ABSOLUTE
    ../clib/microlib/printf/printf.c         0x00000000   Number         0  printf1.o ABSOLUTE
    ../clib/microlib/printf/printf.c         0x00000000   Number         0  printf0.o ABSOLUTE
    ../clib/microlib/printf/printf.c         0x00000000   Number         0  printfb.o ABSOLUTE
    ../clib/microlib/printf/printf.c         0x00000000   Number         0  printf4.o ABSOLUTE
    ../clib/microlib/printf/printf.c         0x00000000   Number         0  printf5.o ABSOLUTE
    ../clib/microlib/printf/stubs.s          0x00000000   Number         0  stubs.o ABSOLUTE
    ../clib/microlib/stdio/streams.c         0x00000000   Number         0  stdout.o ABSOLUTE
    ../clib/microlib/string/memcpy.c         0x00000000   Number         0  memcpya.o ABSOLUTE
    ../clib/microlib/string/memcpy.c         0x00000000   Number         0  memcpyb.o ABSOLUTE
    ../clib/microlib/string/strcat.c         0x00000000   Number         0  strcat.o ABSOLUTE
    ../clib/microlib/stubs.s                 0x00000000   Number         0  iusefp.o ABSOLUTE
    ../fplib/microlib/d2f.c                  0x00000000   Number         0  d2f.o ABSOLUTE
    ../fplib/microlib/f2d.c                  0x00000000   Number         0  f2d.o ABSOLUTE
    ../fplib/microlib/fpadd.c                0x00000000   Number         0  dadd.o ABSOLUTE
    ../fplib/microlib/fpadd.c                0x00000000   Number         0  fadd.o ABSOLUTE
    ../fplib/microlib/fpdiv.c                0x00000000   Number         0  fdiv.o ABSOLUTE
    ../fplib/microlib/fpdiv.c                0x00000000   Number         0  ddiv.o ABSOLUTE
    ../fplib/microlib/fpepilogue.c           0x00000000   Number         0  fepilogue.o ABSOLUTE
    ../fplib/microlib/fpepilogue.c           0x00000000   Number         0  depilogue.o ABSOLUTE
    ../fplib/microlib/fpfix.c                0x00000000   Number         0  dfixul.o ABSOLUTE
    ../fplib/microlib/fpfix.c                0x00000000   Number         0  dfixui.o ABSOLUTE
    ../fplib/microlib/fpflt.c                0x00000000   Number         0  dfltui.o ABSOLUTE
    ../fplib/microlib/fpflt.c                0x00000000   Number         0  fflti.o ABSOLUTE
    ../fplib/microlib/fpmul.c                0x00000000   Number         0  dmul.o ABSOLUTE
    ..\..\Libraries\CMSIS\CM3\CoreSupport\core_cm3.c 0x00000000   Number         0  core_cm3.o ABSOLUTE
    ..\..\Libraries\CMSIS\CM3\DeviceSupport\ST\STM32F10x\startup\arm\startup_stm32f10x_md.s 0x00000000   Number         0  startup_stm32f10x_md.o ABSOLUTE
    ..\..\Libraries\CMSIS\CM3\DeviceSupport\ST\STM32F10x\system_stm32f10x.c 0x00000000   Number         0  system_stm32f10x.o ABSOLUTE
    ..\..\Libraries\STM32F10x_StdPeriph_Driver\src\misc.c 0x00000000   Number         0  misc.o ABSOLUTE
    ..\..\Libraries\STM32F10x_StdPeriph_Driver\src\stm32f10x_dma.c 0x00000000   Number         0  stm32f10x_dma.o ABSOLUTE
    ..\..\Libraries\STM32F10x_StdPeriph_Driver\src\stm32f10x_exti.c 0x00000000   Number         0  stm32f10x_exti.o ABSOLUTE
    ..\..\Libraries\STM32F10x_StdPeriph_Driver\src\stm32f10x_gpio.c 0x00000000   Number         0  stm32f10x_gpio.o ABSOLUTE
    ..\..\Libraries\STM32F10x_StdPeriph_Driver\src\stm32f10x_i2c.c 0x00000000   Number         0  stm32f10x_i2c.o ABSOLUTE
    ..\..\Libraries\STM32F10x_StdPeriph_Driver\src\stm32f10x_rcc.c 0x00000000   Number         0  stm32f10x_rcc.o ABSOLUTE
    ..\..\Libraries\STM32F10x_StdPeriph_Driver\src\stm32f10x_tim.c 0x00000000   Number         0  stm32f10x_tim.o ABSOLUTE
    ..\..\Libraries\STM32F10x_StdPeriph_Driver\src\stm32f10x_usart.c 0x00000000   Number         0  stm32f10x_usart.o ABSOLUTE
    ..\SHT31.c                               0x00000000   Number         0  sht31.o ABSOLUTE
    ..\User_Function.c                       0x00000000   Number         0  user_function.o ABSOLUTE
    ..\\..\\Libraries\\CMSIS\\CM3\\CoreSupport\\core_cm3.c 0x00000000   Number         0  core_cm3.o ABSOLUTE
    ..\main.c                                0x00000000   Number         0  main.o ABSOLUTE
    ..\myiic.c                               0x00000000   Number         0  myiic.o ABSOLUTE
    ..\nokia_5110.c                          0x00000000   Number         0  nokia_5110.o ABSOLUTE
    ..\stm32f10x_it.c                        0x00000000   Number         0  stm32f10x_it.o ABSOLUTE
    ..\user_delay.c                          0x00000000   Number         0  user_delay.o ABSOLUTE
    cdrcmple.s                               0x00000000   Number         0  cdrcmple.o ABSOLUTE
    cfcmple.s                                0x00000000   Number         0  cfcmple.o ABSOLUTE
    cfrcmple.s                               0x00000000   Number         0  cfrcmple.o ABSOLUTE
    dc.s                                     0x00000000   Number         0  dc.o ABSOLUTE
    handlers.s                               0x00000000   Number         0  handlers.o ABSOLUTE
    init.s                                   0x00000000   Number         0  init.o ABSOLUTE
    RESET                                    0x08000000   Section      236  startup_stm32f10x_md.o(RESET)
    .ARM.Collect$$$$00000000                 0x080000ec   Section        0  entry.o(.ARM.Collect$$$$00000000)
    .ARM.Collect$$$$00000001                 0x080000ec   Section        4  entry2.o(.ARM.Collect$$$$00000001)
    .ARM.Collect$$$$00000004                 0x080000f0   Section        4  entry5.o(.ARM.Collect$$$$00000004)
    .ARM.Collect$$$$00000008                 0x080000f4   Section        0  entry7b.o(.ARM.Collect$$$$00000008)
    .ARM.Collect$$$$0000000A                 0x080000f4   Section        0  entry8b.o(.ARM.Collect$$$$0000000A)
    .ARM.Collect$$$$0000000B                 0x080000f4   Section        8  entry9a.o(.ARM.Collect$$$$0000000B)
    .ARM.Collect$$$$0000000D                 0x080000fc   Section        0  entry10a.o(.ARM.Collect$$$$0000000D)
    .ARM.Collect$$$$0000000F                 0x080000fc   Section        0  entry11a.o(.ARM.Collect$$$$0000000F)
    .ARM.Collect$$$$00002712                 0x080000fc   Section        4  entry2.o(.ARM.Collect$$$$00002712)
    __lit__00000000                          0x080000fc   Data           4  entry2.o(.ARM.Collect$$$$00002712)
    .text                                    0x08000100   Section       36  startup_stm32f10x_md.o(.text)
    .text                                    0x08000124   Section        0  memcpya.o(.text)
    .text                                    0x08000148   Section        0  strcat.o(.text)
    .text                                    0x08000160   Section        0  fadd.o(.text)
    .text                                    0x08000210   Section        0  fdiv.o(.text)
    .text                                    0x0800028c   Section        0  dadd.o(.text)
    .text                                    0x080003da   Section        0  dmul.o(.text)
    .text                                    0x080004be   Section        0  ddiv.o(.text)
    .text                                    0x0800059c   Section        0  fflti.o(.text)
    .text                                    0x080005ae   Section        0  dfltui.o(.text)
    .text                                    0x080005c8   Section        0  dfixui.o(.text)
    .text                                    0x080005fa   Section        0  f2d.o(.text)
    .text                                    0x08000620   Section       48  cdrcmple.o(.text)
    .text                                    0x08000650   Section        0  d2f.o(.text)
    .text                                    0x08000688   Section       20  cfcmple.o(.text)
    .text                                    0x0800069c   Section       20  cfrcmple.o(.text)
    .text                                    0x080006b0   Section        0  uidiv.o(.text)
    .text                                    0x080006dc   Section        0  uldiv.o(.text)
    .text                                    0x0800073e   Section        0  llshl.o(.text)
    .text                                    0x0800075c   Section        0  llushr.o(.text)
    .text                                    0x0800077c   Section        0  llsshr.o(.text)
    .text                                    0x080007a0   Section        0  fepilogue.o(.text)
    .text                                    0x080007a0   Section        0  iusefp.o(.text)
    .text                                    0x0800080e   Section        0  depilogue.o(.text)
    .text                                    0x080008c8   Section        0  dfixul.o(.text)
    .text                                    0x080008f8   Section       36  init.o(.text)
    i.BusFault_Handler                       0x0800091c   Section        0  stm32f10x_it.o(i.BusFault_Handler)
    i.CalculateProcessingTime                0x08000920   Section        0  main.o(i.CalculateProcessingTime)
    i.DebugMon_Handler                       0x08000964   Section        0  stm32f10x_it.o(i.DebugMon_Handler)
    i.EXTI9_5_IRQHandler                     0x08000968   Section        0  stm32f10x_it.o(i.EXTI9_5_IRQHandler)
    i.EXTI_ClearITPendingBit                 0x08000a6c   Section        0  stm32f10x_exti.o(i.EXTI_ClearITPendingBit)
    i.EXTI_GetITStatus                       0x08000a78   Section        0  stm32f10x_exti.o(i.EXTI_GetITStatus)
    i.EXTI_Init                              0x08000aa0   Section        0  stm32f10x_exti.o(i.EXTI_Init)
    i.GPIO_EXTILineConfig                    0x08000b34   Section        0  stm32f10x_gpio.o(i.GPIO_EXTILineConfig)
    i.GPIO_Init                              0x08000b74   Section        0  stm32f10x_gpio.o(i.GPIO_Init)
    i.GPIO_ReadInputDataBit                  0x08000c8a   Section        0  stm32f10x_gpio.o(i.GPIO_ReadInputDataBit)
    i.GPIO_ResetBits                         0x08000c9c   Section        0  stm32f10x_gpio.o(i.GPIO_ResetBits)
    i.GPIO_SetBits                           0x08000ca0   Section        0  stm32f10x_gpio.o(i.GPIO_SetBits)
    i.GetDataFromPhone                       0x08000ca4   Section        0  main.o(i.GetDataFromPhone)
    i.HardFault_Handler                      0x08000d14   Section        0  stm32f10x_it.o(i.HardFault_Handler)
    i.IIC_Ack                                0x08000d18   Section        0  myiic.o(i.IIC_Ack)
    i.IIC_Init                               0x08000d68   Section        0  myiic.o(i.IIC_Init)
    i.IIC_NAck                               0x08000da8   Section        0  myiic.o(i.IIC_NAck)
    i.IIC_ReadMulti                          0x08000df8   Section        0  myiic.o(i.IIC_ReadMulti)
    i.IIC_Read_Byte                          0x08000e6c   Section        0  myiic.o(i.IIC_Read_Byte)
    i.IIC_Send_Byte                          0x08000edc   Section        0  myiic.o(i.IIC_Send_Byte)
    i.IIC_Start                              0x08000f3c   Section        0  myiic.o(i.IIC_Start)
    i.IIC_Stop                               0x08000f8c   Section        0  myiic.o(i.IIC_Stop)
    i.IIC_Wait_Ack                           0x08000fd8   Section        0  myiic.o(i.IIC_Wait_Ack)
    i.IIC_Write                              0x0800103c   Section        0  myiic.o(i.IIC_Write)
    i.Init_BT_ExInterrupt                    0x08001094   Section        0  user_function.o(i.Init_BT_ExInterrupt)
    i.Init_GPIO                              0x080010fc   Section        0  user_function.o(i.Init_GPIO)
    i.Init_Timer_2                           0x0800112e   Section        0  user_function.o(i.Init_Timer_2)
    i.Init_Timer_3                           0x08001180   Section        0  user_function.o(i.Init_Timer_3)
    i.LCDCharacter                           0x080011dc   Section        0  nokia_5110.o(i.LCDCharacter)
    i.LCDClear                               0x08001214   Section        0  nokia_5110.o(i.LCDClear)
    i.LCDInit                                0x08001234   Section        0  nokia_5110.o(i.LCDInit)
    i.LCDString                              0x080012b8   Section        0  nokia_5110.o(i.LCDString)
    i.LCDWrite                               0x080012d0   Section        0  nokia_5110.o(i.LCDWrite)
    i.LCD_GPIO_Init                          0x08001310   Section        0  nokia_5110.o(i.LCD_GPIO_Init)
    i.LCD_Interface                          0x080013ac   Section        0  main.o(i.LCD_Interface)
    i.MemManage_Handler                      0x0800153c   Section        0  stm32f10x_it.o(i.MemManage_Handler)
    i.NMI_Handler                            0x08001540   Section        0  stm32f10x_it.o(i.NMI_Handler)
    i.NVIC_Init                              0x08001544   Section        0  misc.o(i.NVIC_Init)
    i.NVIC_PriorityGroupConfig               0x080015b4   Section        0  misc.o(i.NVIC_PriorityGroupConfig)
    i.PendSV_Handler                         0x080015c8   Section        0  stm32f10x_it.o(i.PendSV_Handler)
    i.RCC_APB1PeriphClockCmd                 0x080015cc   Section        0  stm32f10x_rcc.o(i.RCC_APB1PeriphClockCmd)
    i.RCC_APB2PeriphClockCmd                 0x080015ec   Section        0  stm32f10x_rcc.o(i.RCC_APB2PeriphClockCmd)
    i.RCC_GetClocksFreq                      0x0800160c   Section        0  stm32f10x_rcc.o(i.RCC_GetClocksFreq)
    i.ReconfigByUser                         0x080016e0   Section        0  main.o(i.ReconfigByUser)
    i.SHT31_CRCCheck                         0x0800182c   Section        0  sht31.o(i.SHT31_CRCCheck)
    i.SHT31_GetData                          0x08001870   Section        0  main.o(i.SHT31_GetData)
    i.SHT31_TempThreshHold                   0x080018f4   Section        0  main.o(i.SHT31_TempThreshHold)
    i.SVC_Handler                            0x08001a24   Section        0  stm32f10x_it.o(i.SVC_Handler)
    i.SetSysClock                            0x08001a26   Section        0  system_stm32f10x.o(i.SetSysClock)
    SetSysClock                              0x08001a27   Thumb Code     8  system_stm32f10x.o(i.SetSysClock)
    i.SetSysClockTo24                        0x08001a30   Section        0  system_stm32f10x.o(i.SetSysClockTo24)
    SetSysClockTo24                          0x08001a31   Thumb Code   212  system_stm32f10x.o(i.SetSysClockTo24)
    i.SysTick_Handler                        0x08001b0c   Section        0  stm32f10x_it.o(i.SysTick_Handler)
    i.SystemInit                             0x08001b10   Section        0  system_stm32f10x.o(i.SystemInit)
    i.TIM2_IRQHandler                        0x08001b64   Section        0  stm32f10x_it.o(i.TIM2_IRQHandler)
    i.TIM3_IRQHandler                        0x08001ba8   Section        0  stm32f10x_it.o(i.TIM3_IRQHandler)
    i.TIM_ClearITPendingBit                  0x08001bd0   Section        0  stm32f10x_tim.o(i.TIM_ClearITPendingBit)
    i.TIM_Cmd                                0x08001bd6   Section        0  stm32f10x_tim.o(i.TIM_Cmd)
    i.TIM_GetITStatus                        0x08001bee   Section        0  stm32f10x_tim.o(i.TIM_GetITStatus)
    i.TIM_ITConfig                           0x08001c10   Section        0  stm32f10x_tim.o(i.TIM_ITConfig)
    i.TIM_TimeBaseInit                       0x08001c24   Section        0  stm32f10x_tim.o(i.TIM_TimeBaseInit)
    i.USART2_Configuration                   0x08001c60   Section        0  main.o(i.USART2_Configuration)
    i.USART2_IRQHandler                      0x08001ce4   Section        0  stm32f10x_it.o(i.USART2_IRQHandler)
    i.USART_ClearFlag                        0x08001ce6   Section        0  stm32f10x_usart.o(i.USART_ClearFlag)
    i.USART_Cmd                              0x08001cf8   Section        0  stm32f10x_usart.o(i.USART_Cmd)
    i.USART_GetFlagStatus                    0x08001d10   Section        0  stm32f10x_usart.o(i.USART_GetFlagStatus)
    i.USART_Init                             0x08001d2c   Section        0  stm32f10x_usart.o(i.USART_Init)
    i.USART_ReceiveData                      0x08001dcc   Section        0  stm32f10x_usart.o(i.USART_ReceiveData)
    i.USART_SendData                         0x08001dd6   Section        0  stm32f10x_usart.o(i.USART_SendData)
    i.UsageFault_Handler                     0x08001dde   Section        0  stm32f10x_it.o(i.UsageFault_Handler)
    i.__0printf                              0x08001de0   Section        0  printfa.o(i.__0printf)
    i.__0sprintf                             0x08001e00   Section        0  printfa.o(i.__0sprintf)
    i.__scatterload_copy                     0x08001e28   Section       14  handlers.o(i.__scatterload_copy)
    i.__scatterload_null                     0x08001e36   Section        2  handlers.o(i.__scatterload_null)
    i.__scatterload_zeroinit                 0x08001e38   Section       14  handlers.o(i.__scatterload_zeroinit)
    i._fp_digits                             0x08001e48   Section        0  printfa.o(i._fp_digits)
    _fp_digits                               0x08001e49   Thumb Code   366  printfa.o(i._fp_digits)
    i._printf_core                           0x08001fcc   Section        0  printfa.o(i._printf_core)
    _printf_core                             0x08001fcd   Thumb Code  1744  printfa.o(i._printf_core)
    i._printf_post_padding                   0x080026a8   Section        0  printfa.o(i._printf_post_padding)
    _printf_post_padding                     0x080026a9   Thumb Code    36  printfa.o(i._printf_post_padding)
    i._printf_pre_padding                    0x080026cc   Section        0  printfa.o(i._printf_pre_padding)
    _printf_pre_padding                      0x080026cd   Thumb Code    46  printfa.o(i._printf_pre_padding)
    i._sputc                                 0x080026fa   Section        0  printfa.o(i._sputc)
    _sputc                                   0x080026fb   Thumb Code    10  printfa.o(i._sputc)
    i.delay_init                             0x08002704   Section        0  user_delay.o(i.delay_init)
    i.delay_ms                               0x08002744   Section        0  user_delay.o(i.delay_ms)
    i.delay_us                               0x08002780   Section        0  user_delay.o(i.delay_us)
    i.fputc                                  0x080027bc   Section        0  main.o(i.fputc)
    i.gotoXY                                 0x080027e0   Section        0  nokia_5110.o(i.gotoXY)
    i.main                                   0x08002800   Section        0  main.o(i.main)
    i.millis                                 0x08002a50   Section        0  stm32f10x_it.o(i.millis)
    i.shiftOut                               0x08002a5c   Section        0  nokia_5110.o(i.shiftOut)
    .constdata                               0x08002ab8   Section       92  main.o(.constdata)
    LOW_REPEATABILITY_CLOCK_STRETCHING_ENABLE 0x08002ab8   Data           2  main.o(.constdata)
    HIGH_REPEATABILITY_CLOCK_STRETCHING_ENABLE 0x08002aba   Data           2  main.o(.constdata)
    HIGH_REPEATABILITY_CLOCK_STRETCHING_DISABLE 0x08002abc   Data           2  main.o(.constdata)
    SOFT_RESET                               0x08002abe   Data           2  main.o(.constdata)
    .constdata                               0x08002b14   Section      488  nokia_5110.o(.constdata)
    LOW_REPEATABILITY_CLOCK_STRETCHING_ENABLE 0x08002b14   Data           2  nokia_5110.o(.constdata)
    HIGH_REPEATABILITY_CLOCK_STRETCHING_ENABLE 0x08002b16   Data           2  nokia_5110.o(.constdata)
    HIGH_REPEATABILITY_CLOCK_STRETCHING_DISABLE 0x08002b18   Data           2  nokia_5110.o(.constdata)
    SOFT_RESET                               0x08002b1a   Data           2  nokia_5110.o(.constdata)
    ASCII                                    0x08002b1c   Data         480  nokia_5110.o(.constdata)
    .data                                    0x20000000   Section       59  main.o(.data)
    SHT31_Timeout                            0x20000000   Data           4  main.o(.data)
    SHT31_BufferRX                           0x20000004   Data           6  main.o(.data)
    CYCLE_LENGTH                             0x20000028   Data           4  main.o(.data)
    PREV_TIME                                0x2000002c   Data           4  main.o(.data)
    PREV_TIME_LCD                            0x20000030   Data           4  main.o(.data)
    PREV_THRESHHOLD_TIME                     0x20000034   Data           4  main.o(.data)
    freq_setup                               0x20000038   Data           1  main.o(.data)
    alert_state                              0x2000003a   Data           1  main.o(.data)
    .data                                    0x2000003c   Section       20  stm32f10x_it.o(.data)
    SHT31_Timeout                            0x2000003c   Data           4  stm32f10x_it.o(.data)
    SHT31_BufferRX                           0x20000040   Data           6  stm32f10x_it.o(.data)
    usTicks                                  0x20000048   Data           4  stm32f10x_it.o(.data)
    tim2_count                               0x2000004c   Data           4  stm32f10x_it.o(.data)
    .data                                    0x20000050   Section       20  stm32f10x_rcc.o(.data)
    APBAHBPrescTable                         0x20000050   Data          16  stm32f10x_rcc.o(.data)
    ADCPrescTable                            0x20000060   Data           4  stm32f10x_rcc.o(.data)
    .data                                    0x20000064   Section       14  user_delay.o(.data)
    SHT31_Timeout                            0x20000064   Data           4  user_delay.o(.data)
    SHT31_BufferRX                           0x20000068   Data           6  user_delay.o(.data)
    fac_us                                   0x2000006e   Data           1  user_delay.o(.data)
    fac_ms                                   0x20000070   Data           2  user_delay.o(.data)
    .data                                    0x20000074   Section        4  stdout.o(.data)
    .bss                                     0x20000078   Section       10  main.o(.bss)
    STACK                                    0x20000088   Section     1024  startup_stm32f10x_md.o(STACK)

    Global Symbols

    Symbol Name                              Value     Ov Type        Size  Object(Section)

    BuildAttributes$$THM_ISAv4$P$D$K$B$S$PE$A:L22UL41UL21$X:L11$S22US41US21$IEEE1$IW$USESV6$~STKCKD$USESV7$~SHL$OTIME$ROPI$EBA8$MICROLIB$REQ8$PRES8$EABIv2 0x00000000   Number         0  anon$$obj.o ABSOLUTE
    __ARM_use_no_argv                        0x00000000   Number         0  main.o ABSOLUTE
    _printf_a                                0x00000000   Number         0  stubs.o ABSOLUTE
    _printf_c                                0x00000000   Number         0  stubs.o ABSOLUTE
    _printf_charcount                        0x00000000   Number         0  stubs.o ABSOLUTE
    _printf_d                                0x00000000   Number         0  stubs.o ABSOLUTE
    _printf_e                                0x00000000   Number         0  stubs.o ABSOLUTE
    _printf_f                                0x00000000   Number         0  stubs.o ABSOLUTE
    _printf_flags                            0x00000000   Number         0  stubs.o ABSOLUTE
    _printf_fp_dec                           0x00000000   Number         0  stubs.o ABSOLUTE
    _printf_fp_hex                           0x00000000   Number         0  stubs.o ABSOLUTE
    _printf_g                                0x00000000   Number         0  stubs.o ABSOLUTE
    _printf_i                                0x00000000   Number         0  stubs.o ABSOLUTE
    _printf_int_dec                          0x00000000   Number         0  stubs.o ABSOLUTE
    _printf_l                                0x00000000   Number         0  stubs.o ABSOLUTE
    _printf_lc                               0x00000000   Number         0  stubs.o ABSOLUTE
    _printf_ll                               0x00000000   Number         0  stubs.o ABSOLUTE
    _printf_lld                              0x00000000   Number         0  stubs.o ABSOLUTE
    _printf_lli                              0x00000000   Number         0  stubs.o ABSOLUTE
    _printf_llo                              0x00000000   Number         0  stubs.o ABSOLUTE
    _printf_llu                              0x00000000   Number         0  stubs.o ABSOLUTE
    _printf_llx                              0x00000000   Number         0  stubs.o ABSOLUTE
    _printf_longlong_dec                     0x00000000   Number         0  stubs.o ABSOLUTE
    _printf_longlong_hex                     0x00000000   Number         0  stubs.o ABSOLUTE
    _printf_longlong_oct                     0x00000000   Number         0  stubs.o ABSOLUTE
    _printf_ls                               0x00000000   Number         0  stubs.o ABSOLUTE
    _printf_mbtowc                           0x00000000   Number         0  stubs.o ABSOLUTE
    _printf_n                                0x00000000   Number         0  stubs.o ABSOLUTE
    _printf_o                                0x00000000   Number         0  stubs.o ABSOLUTE
    _printf_p                                0x00000000   Number         0  stubs.o ABSOLUTE
    _printf_percent                          0x00000000   Number         0  stubs.o ABSOLUTE
    _printf_pre_padding                      0x00000000   Number         0  stubs.o ABSOLUTE
    _printf_return_value                     0x00000000   Number         0  stubs.o ABSOLUTE
    _printf_s                                0x00000000   Number         0  stubs.o ABSOLUTE
    _printf_sizespec                         0x00000000   Number         0  stubs.o ABSOLUTE
    _printf_str                              0x00000000   Number         0  stubs.o ABSOLUTE
    _printf_truncate_signed                  0x00000000   Number         0  stubs.o ABSOLUTE
    _printf_truncate_unsigned                0x00000000   Number         0  stubs.o ABSOLUTE
    _printf_u                                0x00000000   Number         0  stubs.o ABSOLUTE
    _printf_wc                               0x00000000   Number         0  stubs.o ABSOLUTE
    _printf_wctomb                           0x00000000   Number         0  stubs.o ABSOLUTE
    _printf_widthprec                        0x00000000   Number         0  stubs.o ABSOLUTE
    _printf_x                                0x00000000   Number         0  stubs.o ABSOLUTE
    __cpp_initialize__aeabi_                  - Undefined Weak Reference
    __cxa_finalize                            - Undefined Weak Reference
    __decompress                              - Undefined Weak Reference
    _clock_init                               - Undefined Weak Reference
    _microlib_exit                            - Undefined Weak Reference
    __Vectors_Size                           0x000000ec   Number         0  startup_stm32f10x_md.o ABSOLUTE
    __Vectors                                0x08000000   Data           4  startup_stm32f10x_md.o(RESET)
    __Vectors_End                            0x080000ec   Data           0  startup_stm32f10x_md.o(RESET)
    __main                                   0x080000ed   Thumb Code     0  entry.o(.ARM.Collect$$$$00000000)
    _main_stk                                0x080000ed   Thumb Code     0  entry2.o(.ARM.Collect$$$$00000001)
    _main_scatterload                        0x080000f1   Thumb Code     0  entry5.o(.ARM.Collect$$$$00000004)
    __main_after_scatterload                 0x080000f5   Thumb Code     0  entry5.o(.ARM.Collect$$$$00000004)
    _main_clock                              0x080000f5   Thumb Code     0  entry7b.o(.ARM.Collect$$$$00000008)
    _main_cpp_init                           0x080000f5   Thumb Code     0  entry8b.o(.ARM.Collect$$$$0000000A)
    _main_init                               0x080000f5   Thumb Code     0  entry9a.o(.ARM.Collect$$$$0000000B)
    __rt_final_cpp                           0x080000fd   Thumb Code     0  entry10a.o(.ARM.Collect$$$$0000000D)
    __rt_final_exit                          0x080000fd   Thumb Code     0  entry11a.o(.ARM.Collect$$$$0000000F)
    Reset_Handler                            0x08000101   Thumb Code     8  startup_stm32f10x_md.o(.text)
    ADC1_2_IRQHandler                        0x0800011b   Thumb Code     0  startup_stm32f10x_md.o(.text)
    CAN1_RX1_IRQHandler                      0x0800011b   Thumb Code     0  startup_stm32f10x_md.o(.text)
    CAN1_SCE_IRQHandler                      0x0800011b   Thumb Code     0  startup_stm32f10x_md.o(.text)
    DMA1_Channel1_IRQHandler                 0x0800011b   Thumb Code     0  startup_stm32f10x_md.o(.text)
    DMA1_Channel2_IRQHandler                 0x0800011b   Thumb Code     0  startup_stm32f10x_md.o(.text)
    DMA1_Channel3_IRQHandler                 0x0800011b   Thumb Code     0  startup_stm32f10x_md.o(.text)
    DMA1_Channel4_IRQHandler                 0x0800011b   Thumb Code     0  startup_stm32f10x_md.o(.text)
    DMA1_Channel5_IRQHandler                 0x0800011b   Thumb Code     0  startup_stm32f10x_md.o(.text)
    DMA1_Channel6_IRQHandler                 0x0800011b   Thumb Code     0  startup_stm32f10x_md.o(.text)
    DMA1_Channel7_IRQHandler                 0x0800011b   Thumb Code     0  startup_stm32f10x_md.o(.text)
    EXTI0_IRQHandler                         0x0800011b   Thumb Code     0  startup_stm32f10x_md.o(.text)
    EXTI15_10_IRQHandler                     0x0800011b   Thumb Code     0  startup_stm32f10x_md.o(.text)
    EXTI1_IRQHandler                         0x0800011b   Thumb Code     0  startup_stm32f10x_md.o(.text)
    EXTI2_IRQHandler                         0x0800011b   Thumb Code     0  startup_stm32f10x_md.o(.text)
    EXTI3_IRQHandler                         0x0800011b   Thumb Code     0  startup_stm32f10x_md.o(.text)
    EXTI4_IRQHandler                         0x0800011b   Thumb Code     0  startup_stm32f10x_md.o(.text)
    FLASH_IRQHandler                         0x0800011b   Thumb Code     0  startup_stm32f10x_md.o(.text)
    I2C1_ER_IRQHandler                       0x0800011b   Thumb Code     0  startup_stm32f10x_md.o(.text)
    I2C1_EV_IRQHandler                       0x0800011b   Thumb Code     0  startup_stm32f10x_md.o(.text)
    I2C2_ER_IRQHandler                       0x0800011b   Thumb Code     0  startup_stm32f10x_md.o(.text)
    I2C2_EV_IRQHandler                       0x0800011b   Thumb Code     0  startup_stm32f10x_md.o(.text)
    PVD_IRQHandler                           0x0800011b   Thumb Code     0  startup_stm32f10x_md.o(.text)
    RCC_IRQHandler                           0x0800011b   Thumb Code     0  startup_stm32f10x_md.o(.text)
    RTCAlarm_IRQHandler                      0x0800011b   Thumb Code     0  startup_stm32f10x_md.o(.text)
    RTC_IRQHandler                           0x0800011b   Thumb Code     0  startup_stm32f10x_md.o(.text)
    SPI1_IRQHandler                          0x0800011b   Thumb Code     0  startup_stm32f10x_md.o(.text)
    SPI2_IRQHandler                          0x0800011b   Thumb Code     0  startup_stm32f10x_md.o(.text)
    TAMPER_IRQHandler                        0x0800011b   Thumb Code     0  startup_stm32f10x_md.o(.text)
    TIM1_BRK_IRQHandler                      0x0800011b   Thumb Code     0  startup_stm32f10x_md.o(.text)
    TIM1_CC_IRQHandler                       0x0800011b   Thumb Code     0  startup_stm32f10x_md.o(.text)
    TIM1_TRG_COM_IRQHandler                  0x0800011b   Thumb Code     0  startup_stm32f10x_md.o(.text)
    TIM1_UP_IRQHandler                       0x0800011b   Thumb Code     0  startup_stm32f10x_md.o(.text)
    TIM4_IRQHandler                          0x0800011b   Thumb Code     0  startup_stm32f10x_md.o(.text)
    USART1_IRQHandler                        0x0800011b   Thumb Code     0  startup_stm32f10x_md.o(.text)
    USART3_IRQHandler                        0x0800011b   Thumb Code     0  startup_stm32f10x_md.o(.text)
    USBWakeUp_IRQHandler                     0x0800011b   Thumb Code     0  startup_stm32f10x_md.o(.text)
    USB_HP_CAN1_TX_IRQHandler                0x0800011b   Thumb Code     0  startup_stm32f10x_md.o(.text)
    USB_LP_CAN1_RX0_IRQHandler               0x0800011b   Thumb Code     0  startup_stm32f10x_md.o(.text)
    WWDG_IRQHandler                          0x0800011b   Thumb Code     0  startup_stm32f10x_md.o(.text)
    __aeabi_memcpy                           0x08000125   Thumb Code    36  memcpya.o(.text)
    __aeabi_memcpy4                          0x08000125   Thumb Code     0  memcpya.o(.text)
    __aeabi_memcpy8                          0x08000125   Thumb Code     0  memcpya.o(.text)
    strcat                                   0x08000149   Thumb Code    24  strcat.o(.text)
    __aeabi_fadd                             0x08000161   Thumb Code   164  fadd.o(.text)
    __aeabi_fsub                             0x08000205   Thumb Code     6  fadd.o(.text)
    __aeabi_frsub                            0x0800020b   Thumb Code     6  fadd.o(.text)
    __aeabi_fdiv                             0x08000211   Thumb Code   124  fdiv.o(.text)
    __aeabi_dadd                             0x0800028d   Thumb Code   322  dadd.o(.text)
    __aeabi_dsub                             0x080003cf   Thumb Code     6  dadd.o(.text)
    __aeabi_drsub                            0x080003d5   Thumb Code     6  dadd.o(.text)
    __aeabi_dmul                             0x080003db   Thumb Code   228  dmul.o(.text)
    __aeabi_ddiv                             0x080004bf   Thumb Code   222  ddiv.o(.text)
    __aeabi_i2f                              0x0800059d   Thumb Code    18  fflti.o(.text)
    __aeabi_ui2d                             0x080005af   Thumb Code    26  dfltui.o(.text)
    __aeabi_d2uiz                            0x080005c9   Thumb Code    50  dfixui.o(.text)
    __aeabi_f2d                              0x080005fb   Thumb Code    38  f2d.o(.text)
    __aeabi_cdrcmple                         0x08000621   Thumb Code    48  cdrcmple.o(.text)
    __aeabi_d2f                              0x08000651   Thumb Code    56  d2f.o(.text)
    __aeabi_cfcmpeq                          0x08000689   Thumb Code     0  cfcmple.o(.text)
    __aeabi_cfcmple                          0x08000689   Thumb Code    20  cfcmple.o(.text)
    __aeabi_cfrcmple                         0x0800069d   Thumb Code    20  cfrcmple.o(.text)
    __aeabi_uidiv                            0x080006b1   Thumb Code     0  uidiv.o(.text)
    __aeabi_uidivmod                         0x080006b1   Thumb Code    44  uidiv.o(.text)
    __aeabi_uldivmod                         0x080006dd   Thumb Code    98  uldiv.o(.text)
    __aeabi_llsl                             0x0800073f   Thumb Code    30  llshl.o(.text)
    _ll_shift_l                              0x0800073f   Thumb Code     0  llshl.o(.text)
    __aeabi_llsr                             0x0800075d   Thumb Code    32  llushr.o(.text)
    _ll_ushift_r                             0x0800075d   Thumb Code     0  llushr.o(.text)
    __aeabi_lasr                             0x0800077d   Thumb Code    36  llsshr.o(.text)
    _ll_sshift_r                             0x0800077d   Thumb Code     0  llsshr.o(.text)
    __I$use$fp                               0x080007a1   Thumb Code     0  iusefp.o(.text)
    _float_round                             0x080007a1   Thumb Code    18  fepilogue.o(.text)
    _float_epilogue                          0x080007b3   Thumb Code    92  fepilogue.o(.text)
    _double_round                            0x0800080f   Thumb Code    30  depilogue.o(.text)
    _double_epilogue                         0x0800082d   Thumb Code   156  depilogue.o(.text)
    __aeabi_d2ulz                            0x080008c9   Thumb Code    48  dfixul.o(.text)
    __scatterload                            0x080008f9   Thumb Code    28  init.o(.text)
    __scatterload_rt2                        0x080008f9   Thumb Code     0  init.o(.text)
    BusFault_Handler                         0x0800091d   Thumb Code     2  stm32f10x_it.o(i.BusFault_Handler)
    CalculateProcessingTime                  0x08000921   Thumb Code    50  main.o(i.CalculateProcessingTime)
    DebugMon_Handler                         0x08000965   Thumb Code     2  stm32f10x_it.o(i.DebugMon_Handler)
    EXTI9_5_IRQHandler                       0x08000969   Thumb Code   232  stm32f10x_it.o(i.EXTI9_5_IRQHandler)
    EXTI_ClearITPendingBit                   0x08000a6d   Thumb Code     6  stm32f10x_exti.o(i.EXTI_ClearITPendingBit)
    EXTI_GetITStatus                         0x08000a79   Thumb Code    34  stm32f10x_exti.o(i.EXTI_GetITStatus)
    EXTI_Init                                0x08000aa1   Thumb Code   142  stm32f10x_exti.o(i.EXTI_Init)
    GPIO_EXTILineConfig                      0x08000b35   Thumb Code    60  stm32f10x_gpio.o(i.GPIO_EXTILineConfig)
    GPIO_Init                                0x08000b75   Thumb Code   278  stm32f10x_gpio.o(i.GPIO_Init)
    GPIO_ReadInputDataBit                    0x08000c8b   Thumb Code    18  stm32f10x_gpio.o(i.GPIO_ReadInputDataBit)
    GPIO_ResetBits                           0x08000c9d   Thumb Code     4  stm32f10x_gpio.o(i.GPIO_ResetBits)
    GPIO_SetBits                             0x08000ca1   Thumb Code     4  stm32f10x_gpio.o(i.GPIO_SetBits)
    GetDataFromPhone                         0x08000ca5   Thumb Code    92  main.o(i.GetDataFromPhone)
    HardFault_Handler                        0x08000d15   Thumb Code     4  stm32f10x_it.o(i.HardFault_Handler)
    IIC_Ack                                  0x08000d19   Thumb Code    66  myiic.o(i.IIC_Ack)
    IIC_Init                                 0x08000d69   Thumb Code    50  myiic.o(i.IIC_Init)
    IIC_NAck                                 0x08000da9   Thumb Code    66  myiic.o(i.IIC_NAck)
    IIC_ReadMulti                            0x08000df9   Thumb Code   114  myiic.o(i.IIC_ReadMulti)
    IIC_Read_Byte                            0x08000e6d   Thumb Code    98  myiic.o(i.IIC_Read_Byte)
    IIC_Send_Byte                            0x08000edd   Thumb Code    84  myiic.o(i.IIC_Send_Byte)
    IIC_Start                                0x08000f3d   Thumb Code    66  myiic.o(i.IIC_Start)
    IIC_Stop                                 0x08000f8d   Thumb Code    64  myiic.o(i.IIC_Stop)
    IIC_Wait_Ack                             0x08000fd9   Thumb Code    86  myiic.o(i.IIC_Wait_Ack)
    IIC_Write                                0x0800103d   Thumb Code    86  myiic.o(i.IIC_Write)
    Init_BT_ExInterrupt                      0x08001095   Thumb Code    98  user_function.o(i.Init_BT_ExInterrupt)
    Init_GPIO                                0x080010fd   Thumb Code    50  user_function.o(i.Init_GPIO)
    Init_Timer_2                             0x0800112f   Thumb Code    80  user_function.o(i.Init_Timer_2)
    Init_Timer_3                             0x08001181   Thumb Code    88  user_function.o(i.Init_Timer_3)
    LCDCharacter                             0x080011dd   Thumb Code    52  nokia_5110.o(i.LCDCharacter)
    LCDClear                                 0x08001215   Thumb Code    32  nokia_5110.o(i.LCDClear)
    LCDInit                                  0x08001235   Thumb Code   124  nokia_5110.o(i.LCDInit)
    LCDString                                0x080012b9   Thumb Code    22  nokia_5110.o(i.LCDString)
    LCDWrite                                 0x080012d1   Thumb Code    54  nokia_5110.o(i.LCDWrite)
    LCD_GPIO_Init                            0x08001311   Thumb Code   146  nokia_5110.o(i.LCD_GPIO_Init)
    LCD_Interface                            0x080013ad   Thumb Code   306  main.o(i.LCD_Interface)
    MemManage_Handler                        0x0800153d   Thumb Code     4  stm32f10x_it.o(i.MemManage_Handler)
    NMI_Handler                              0x08001541   Thumb Code     2  stm32f10x_it.o(i.NMI_Handler)
    NVIC_Init                                0x08001545   Thumb Code   100  misc.o(i.NVIC_Init)
    NVIC_PriorityGroupConfig                 0x080015b5   Thumb Code    10  misc.o(i.NVIC_PriorityGroupConfig)
    PendSV_Handler                           0x080015c9   Thumb Code     2  stm32f10x_it.o(i.PendSV_Handler)
    RCC_APB1PeriphClockCmd                   0x080015cd   Thumb Code    26  stm32f10x_rcc.o(i.RCC_APB1PeriphClockCmd)
    RCC_APB2PeriphClockCmd                   0x080015ed   Thumb Code    26  stm32f10x_rcc.o(i.RCC_APB2PeriphClockCmd)
    RCC_GetClocksFreq                        0x0800160d   Thumb Code   192  stm32f10x_rcc.o(i.RCC_GetClocksFreq)
    ReconfigByUser                           0x080016e1   Thumb Code   296  main.o(i.ReconfigByUser)
    SHT31_CRCCheck                           0x0800182d   Thumb Code    68  sht31.o(i.SHT31_CRCCheck)
    SHT31_GetData                            0x08001871   Thumb Code   110  main.o(i.SHT31_GetData)
    SHT31_TempThreshHold                     0x080018f5   Thumb Code   262  main.o(i.SHT31_TempThreshHold)
    SVC_Handler                              0x08001a25   Thumb Code     2  stm32f10x_it.o(i.SVC_Handler)
    SysTick_Handler                          0x08001b0d   Thumb Code     2  stm32f10x_it.o(i.SysTick_Handler)
    SystemInit                               0x08001b11   Thumb Code    70  system_stm32f10x.o(i.SystemInit)
    TIM2_IRQHandler                          0x08001b65   Thumb Code    60  stm32f10x_it.o(i.TIM2_IRQHandler)
    TIM3_IRQHandler                          0x08001ba9   Thumb Code    32  stm32f10x_it.o(i.TIM3_IRQHandler)
    TIM_ClearITPendingBit                    0x08001bd1   Thumb Code     6  stm32f10x_tim.o(i.TIM_ClearITPendingBit)
    TIM_Cmd                                  0x08001bd7   Thumb Code    24  stm32f10x_tim.o(i.TIM_Cmd)
    TIM_GetITStatus                          0x08001bef   Thumb Code    34  stm32f10x_tim.o(i.TIM_GetITStatus)
    TIM_ITConfig                             0x08001c11   Thumb Code    18  stm32f10x_tim.o(i.TIM_ITConfig)
    TIM_TimeBaseInit                         0x08001c25   Thumb Code    50  stm32f10x_tim.o(i.TIM_TimeBaseInit)
    USART2_Configuration                     0x08001c61   Thumb Code   122  main.o(i.USART2_Configuration)
    USART2_IRQHandler                        0x08001ce5   Thumb Code     2  stm32f10x_it.o(i.USART2_IRQHandler)
    USART_ClearFlag                          0x08001ce7   Thumb Code    18  stm32f10x_usart.o(i.USART_ClearFlag)
    USART_Cmd                                0x08001cf9   Thumb Code    24  stm32f10x_usart.o(i.USART_Cmd)
    USART_GetFlagStatus                      0x08001d11   Thumb Code    26  stm32f10x_usart.o(i.USART_GetFlagStatus)
    USART_Init                               0x08001d2d   Thumb Code   156  stm32f10x_usart.o(i.USART_Init)
    USART_ReceiveData                        0x08001dcd   Thumb Code    10  stm32f10x_usart.o(i.USART_ReceiveData)
    USART_SendData                           0x08001dd7   Thumb Code     8  stm32f10x_usart.o(i.USART_SendData)
    UsageFault_Handler                       0x08001ddf   Thumb Code     2  stm32f10x_it.o(i.UsageFault_Handler)
    __0printf                                0x08001de1   Thumb Code    22  printfa.o(i.__0printf)
    __1printf                                0x08001de1   Thumb Code     0  printfa.o(i.__0printf)
    __2printf                                0x08001de1   Thumb Code     0  printfa.o(i.__0printf)
    __c89printf                              0x08001de1   Thumb Code     0  printfa.o(i.__0printf)
    printf                                   0x08001de1   Thumb Code     0  printfa.o(i.__0printf)
    __0sprintf                               0x08001e01   Thumb Code    34  printfa.o(i.__0sprintf)
    __1sprintf                               0x08001e01   Thumb Code     0  printfa.o(i.__0sprintf)
    __2sprintf                               0x08001e01   Thumb Code     0  printfa.o(i.__0sprintf)
    __c89sprintf                             0x08001e01   Thumb Code     0  printfa.o(i.__0sprintf)
    sprintf                                  0x08001e01   Thumb Code     0  printfa.o(i.__0sprintf)
    __scatterload_copy                       0x08001e29   Thumb Code    14  handlers.o(i.__scatterload_copy)
    __scatterload_null                       0x08001e37   Thumb Code     2  handlers.o(i.__scatterload_null)
    __scatterload_zeroinit                   0x08001e39   Thumb Code    14  handlers.o(i.__scatterload_zeroinit)
    delay_init                               0x08002705   Thumb Code    56  user_delay.o(i.delay_init)
    delay_ms                                 0x08002745   Thumb Code    56  user_delay.o(i.delay_ms)
    delay_us                                 0x08002781   Thumb Code    56  user_delay.o(i.delay_us)
    fputc                                    0x080027bd   Thumb Code    32  main.o(i.fputc)
    gotoXY                                   0x080027e1   Thumb Code    32  nokia_5110.o(i.gotoXY)
    main                                     0x08002801   Thumb Code   472  main.o(i.main)
    millis                                   0x08002a51   Thumb Code     6  stm32f10x_it.o(i.millis)
    shiftOut                                 0x08002a5d   Thumb Code    88  nokia_5110.o(i.shiftOut)
    Region$$Table$$Base                      0x08002cfc   Number         0  anon$$obj.o(Region$$Table)
    Region$$Table$$Limit                     0x08002d1c   Number         0  anon$$obj.o(Region$$Table)
    DATA_SENT_FREQUENCY                      0x2000000a   Data           2  main.o(.data)
    LCD_UPDATE_FREQUENCY                     0x2000000c   Data           2  main.o(.data)
    THRESHHOLD_FREQUENCY                     0x2000000e   Data           2  main.o(.data)
    SHT31_Temp                               0x20000010   Data           4  main.o(.data)
    SHT31_Humid                              0x20000014   Data           4  main.o(.data)
    SHT31_I2C_Data_Buffer                    0x20000018   Data           6  main.o(.data)
    TEMP_ALERT                               0x20000020   Data           4  main.o(.data)
    ALERT_STATUS                             0x20000024   Data           1  main.o(.data)
    MORE_LESS_COMPARISION                    0x20000025   Data           1  main.o(.data)
    byte_received                            0x20000039   Data           1  main.o(.data)
    __stdout                                 0x20000074   Data           4  stdout.o(.data)
    Char_buff                                0x20000078   Data          10  main.o(.bss)
    __initial_sp                             0x20000488   Data           0  startup_stm32f10x_md.o(STACK)



==============================================================================

Memory Map of the image

  Image Entry point : 0x080000ed

  Load Region LR_IROM1 (Base: 0x08000000, Size: 0x00002d94, Max: 0x00010000, ABSOLUTE)

    Execution Region ER_IROM1 (Exec base: 0x08000000, Load base: 0x08000000, Size: 0x00002d1c, Max: 0x00010000, ABSOLUTE)

    Exec Addr    Load Addr    Size         Type   Attr      Idx    E Section Name        Object

    0x08000000   0x08000000   0x000000ec   Data   RO           96    RESET               startup_stm32f10x_md.o
    0x080000ec   0x080000ec   0x00000000   Code   RO         1990  * .ARM.Collect$$$$00000000  mc_w.l(entry.o)
    0x080000ec   0x080000ec   0x00000004   Code   RO         2286    .ARM.Collect$$$$00000001  mc_w.l(entry2.o)
    0x080000f0   0x080000f0   0x00000004   Code   RO         2289    .ARM.Collect$$$$00000004  mc_w.l(entry5.o)
    0x080000f4   0x080000f4   0x00000000   Code   RO         2291    .ARM.Collect$$$$00000008  mc_w.l(entry7b.o)
    0x080000f4   0x080000f4   0x00000000   Code   RO         2293    .ARM.Collect$$$$0000000A  mc_w.l(entry8b.o)
    0x080000f4   0x080000f4   0x00000008   Code   RO         2294    .ARM.Collect$$$$0000000B  mc_w.l(entry9a.o)
    0x080000fc   0x080000fc   0x00000000   Code   RO         2296    .ARM.Collect$$$$0000000D  mc_w.l(entry10a.o)
    0x080000fc   0x080000fc   0x00000000   Code   RO         2298    .ARM.Collect$$$$0000000F  mc_w.l(entry11a.o)
    0x080000fc   0x080000fc   0x00000004   Code   RO         2287    .ARM.Collect$$$$00002712  mc_w.l(entry2.o)
    0x08000100   0x08000100   0x00000024   Code   RO           97    .text               startup_stm32f10x_md.o
    0x08000124   0x08000124   0x00000024   Code   RO         1993    .text               mc_w.l(memcpya.o)
    0x08000148   0x08000148   0x00000018   Code   RO         1995    .text               mc_w.l(strcat.o)
    0x08000160   0x08000160   0x000000b0   Code   RO         2260    .text               mf_w.l(fadd.o)
    0x08000210   0x08000210   0x0000007c   Code   RO         2262    .text               mf_w.l(fdiv.o)
    0x0800028c   0x0800028c   0x0000014e   Code   RO         2264    .text               mf_w.l(dadd.o)
    0x080003da   0x080003da   0x000000e4   Code   RO         2266    .text               mf_w.l(dmul.o)
    0x080004be   0x080004be   0x000000de   Code   RO         2268    .text               mf_w.l(ddiv.o)
    0x0800059c   0x0800059c   0x00000012   Code   RO         2270    .text               mf_w.l(fflti.o)
    0x080005ae   0x080005ae   0x0000001a   Code   RO         2272    .text               mf_w.l(dfltui.o)
    0x080005c8   0x080005c8   0x00000032   Code   RO         2274    .text               mf_w.l(dfixui.o)
    0x080005fa   0x080005fa   0x00000026   Code   RO         2276    .text               mf_w.l(f2d.o)
    0x08000620   0x08000620   0x00000030   Code   RO         2278    .text               mf_w.l(cdrcmple.o)
    0x08000650   0x08000650   0x00000038   Code   RO         2280    .text               mf_w.l(d2f.o)
    0x08000688   0x08000688   0x00000014   Code   RO         2282    .text               mf_w.l(cfcmple.o)
    0x0800069c   0x0800069c   0x00000014   Code   RO         2284    .text               mf_w.l(cfrcmple.o)
    0x080006b0   0x080006b0   0x0000002c   Code   RO         2301    .text               mc_w.l(uidiv.o)
    0x080006dc   0x080006dc   0x00000062   Code   RO         2303    .text               mc_w.l(uldiv.o)
    0x0800073e   0x0800073e   0x0000001e   Code   RO         2305    .text               mc_w.l(llshl.o)
    0x0800075c   0x0800075c   0x00000020   Code   RO         2307    .text               mc_w.l(llushr.o)
    0x0800077c   0x0800077c   0x00000024   Code   RO         2309    .text               mc_w.l(llsshr.o)
    0x080007a0   0x080007a0   0x00000000   Code   RO         2311    .text               mc_w.l(iusefp.o)
    0x080007a0   0x080007a0   0x0000006e   Code   RO         2312    .text               mf_w.l(fepilogue.o)
    0x0800080e   0x0800080e   0x000000ba   Code   RO         2314    .text               mf_w.l(depilogue.o)
    0x080008c8   0x080008c8   0x00000030   Code   RO         2316    .text               mf_w.l(dfixul.o)
    0x080008f8   0x080008f8   0x00000024   Code   RO         2318    .text               mc_w.l(init.o)
    0x0800091c   0x0800091c   0x00000002   Code   RO          246    i.BusFault_Handler  stm32f10x_it.o
    0x0800091e   0x0800091e   0x00000002   PAD
    0x08000920   0x08000920   0x00000044   Code   RO          101    i.CalculateProcessingTime  main.o
    0x08000964   0x08000964   0x00000002   Code   RO          247    i.DebugMon_Handler  stm32f10x_it.o
    0x08000966   0x08000966   0x00000002   PAD
    0x08000968   0x08000968   0x00000104   Code   RO          248    i.EXTI9_5_IRQHandler  stm32f10x_it.o
    0x08000a6c   0x08000a6c   0x0000000c   Code   RO          691    i.EXTI_ClearITPendingBit  stm32f10x_exti.o
    0x08000a78   0x08000a78   0x00000028   Code   RO          695    i.EXTI_GetITStatus  stm32f10x_exti.o
    0x08000aa0   0x08000aa0   0x00000094   Code   RO          696    i.EXTI_Init         stm32f10x_exti.o
    0x08000b34   0x08000b34   0x00000040   Code   RO          379    i.GPIO_EXTILineConfig  stm32f10x_gpio.o
    0x08000b74   0x08000b74   0x00000116   Code   RO          382    i.GPIO_Init         stm32f10x_gpio.o
    0x08000c8a   0x08000c8a   0x00000012   Code   RO          386    i.GPIO_ReadInputDataBit  stm32f10x_gpio.o
    0x08000c9c   0x08000c9c   0x00000004   Code   RO          389    i.GPIO_ResetBits    stm32f10x_gpio.o
    0x08000ca0   0x08000ca0   0x00000004   Code   RO          390    i.GPIO_SetBits      stm32f10x_gpio.o
    0x08000ca4   0x08000ca4   0x00000070   Code   RO          102    i.GetDataFromPhone  main.o
    0x08000d14   0x08000d14   0x00000004   Code   RO          249    i.HardFault_Handler  stm32f10x_it.o
    0x08000d18   0x08000d18   0x00000050   Code   RO         1903    i.IIC_Ack           myiic.o
    0x08000d68   0x08000d68   0x00000040   Code   RO         1905    i.IIC_Init          myiic.o
    0x08000da8   0x08000da8   0x00000050   Code   RO         1906    i.IIC_NAck          myiic.o
    0x08000df8   0x08000df8   0x00000072   Code   RO         1907    i.IIC_ReadMulti     myiic.o
    0x08000e6a   0x08000e6a   0x00000002   PAD
    0x08000e6c   0x08000e6c   0x00000070   Code   RO         1908    i.IIC_Read_Byte     myiic.o
    0x08000edc   0x08000edc   0x00000060   Code   RO         1909    i.IIC_Send_Byte     myiic.o
    0x08000f3c   0x08000f3c   0x00000050   Code   RO         1910    i.IIC_Start         myiic.o
    0x08000f8c   0x08000f8c   0x0000004c   Code   RO         1911    i.IIC_Stop          myiic.o
    0x08000fd8   0x08000fd8   0x00000064   Code   RO         1912    i.IIC_Wait_Ack      myiic.o
    0x0800103c   0x0800103c   0x00000056   Code   RO         1913    i.IIC_Write         myiic.o
    0x08001092   0x08001092   0x00000002   PAD
    0x08001094   0x08001094   0x00000068   Code   RO         1753    i.Init_BT_ExInterrupt  user_function.o
    0x080010fc   0x080010fc   0x00000032   Code   RO         1754    i.Init_GPIO         user_function.o
    0x0800112e   0x0800112e   0x00000050   Code   RO         1755    i.Init_Timer_2      user_function.o
    0x0800117e   0x0800117e   0x00000002   PAD
    0x08001180   0x08001180   0x0000005c   Code   RO         1756    i.Init_Timer_3      user_function.o
    0x080011dc   0x080011dc   0x00000038   Code   RO         1797    i.LCDCharacter      nokia_5110.o
    0x08001214   0x08001214   0x00000020   Code   RO         1798    i.LCDClear          nokia_5110.o
    0x08001234   0x08001234   0x00000084   Code   RO         1799    i.LCDInit           nokia_5110.o
    0x080012b8   0x080012b8   0x00000016   Code   RO         1800    i.LCDString         nokia_5110.o
    0x080012ce   0x080012ce   0x00000002   PAD
    0x080012d0   0x080012d0   0x00000040   Code   RO         1801    i.LCDWrite          nokia_5110.o
    0x08001310   0x08001310   0x0000009c   Code   RO         1802    i.LCD_GPIO_Init     nokia_5110.o
    0x080013ac   0x080013ac   0x00000190   Code   RO          103    i.LCD_Interface     main.o
    0x0800153c   0x0800153c   0x00000004   Code   RO          250    i.MemManage_Handler  stm32f10x_it.o
    0x08001540   0x08001540   0x00000002   Code   RO          251    i.NMI_Handler       stm32f10x_it.o
    0x08001542   0x08001542   0x00000002   PAD
    0x08001544   0x08001544   0x00000070   Code   RO          340    i.NVIC_Init         misc.o
    0x080015b4   0x080015b4   0x00000014   Code   RO          341    i.NVIC_PriorityGroupConfig  misc.o
    0x080015c8   0x080015c8   0x00000002   Code   RO          252    i.PendSV_Handler    stm32f10x_it.o
    0x080015ca   0x080015ca   0x00000002   PAD
    0x080015cc   0x080015cc   0x00000020   Code   RO          492    i.RCC_APB1PeriphClockCmd  stm32f10x_rcc.o
    0x080015ec   0x080015ec   0x00000020   Code   RO          494    i.RCC_APB2PeriphClockCmd  stm32f10x_rcc.o
    0x0800160c   0x0800160c   0x000000d4   Code   RO          502    i.RCC_GetClocksFreq  stm32f10x_rcc.o
    0x080016e0   0x080016e0   0x0000014c   Code   RO          104    i.ReconfigByUser    main.o
    0x0800182c   0x0800182c   0x00000044   Code   RO         1871    i.SHT31_CRCCheck    sht31.o
    0x08001870   0x08001870   0x00000084   Code   RO          105    i.SHT31_GetData     main.o
    0x080018f4   0x080018f4   0x00000130   Code   RO          106    i.SHT31_TempThreshHold  main.o
    0x08001a24   0x08001a24   0x00000002   Code   RO          253    i.SVC_Handler       stm32f10x_it.o
    0x08001a26   0x08001a26   0x00000008   Code   RO           17    i.SetSysClock       system_stm32f10x.o
    0x08001a2e   0x08001a2e   0x00000002   PAD
    0x08001a30   0x08001a30   0x000000dc   Code   RO           18    i.SetSysClockTo24   system_stm32f10x.o
    0x08001b0c   0x08001b0c   0x00000002   Code   RO          254    i.SysTick_Handler   stm32f10x_it.o
    0x08001b0e   0x08001b0e   0x00000002   PAD
    0x08001b10   0x08001b10   0x00000054   Code   RO           20    i.SystemInit        system_stm32f10x.o
    0x08001b64   0x08001b64   0x00000044   Code   RO          255    i.TIM2_IRQHandler   stm32f10x_it.o
    0x08001ba8   0x08001ba8   0x00000028   Code   RO          256    i.TIM3_IRQHandler   stm32f10x_it.o
    0x08001bd0   0x08001bd0   0x00000006   Code   RO          755    i.TIM_ClearITPendingBit  stm32f10x_tim.o
    0x08001bd6   0x08001bd6   0x00000018   Code   RO          760    i.TIM_Cmd           stm32f10x_tim.o
    0x08001bee   0x08001bee   0x00000022   Code   RO          781    i.TIM_GetITStatus   stm32f10x_tim.o
    0x08001c10   0x08001c10   0x00000012   Code   RO          785    i.TIM_ITConfig      stm32f10x_tim.o
    0x08001c22   0x08001c22   0x00000002   PAD
    0x08001c24   0x08001c24   0x0000003c   Code   RO          831    i.TIM_TimeBaseInit  stm32f10x_tim.o
    0x08001c60   0x08001c60   0x00000084   Code   RO          109    i.USART2_Configuration  main.o
    0x08001ce4   0x08001ce4   0x00000002   Code   RO          257    i.USART2_IRQHandler  stm32f10x_it.o
    0x08001ce6   0x08001ce6   0x00000012   Code   RO         1292    i.USART_ClearFlag   stm32f10x_usart.o
    0x08001cf8   0x08001cf8   0x00000018   Code   RO         1296    i.USART_Cmd         stm32f10x_usart.o
    0x08001d10   0x08001d10   0x0000001a   Code   RO         1299    i.USART_GetFlagStatus  stm32f10x_usart.o
    0x08001d2a   0x08001d2a   0x00000002   PAD
    0x08001d2c   0x08001d2c   0x000000a0   Code   RO         1303    i.USART_Init        stm32f10x_usart.o
    0x08001dcc   0x08001dcc   0x0000000a   Code   RO         1308    i.USART_ReceiveData  stm32f10x_usart.o
    0x08001dd6   0x08001dd6   0x00000008   Code   RO         1311    i.USART_SendData    stm32f10x_usart.o
    0x08001dde   0x08001dde   0x00000002   Code   RO          258    i.UsageFault_Handler  stm32f10x_it.o
    0x08001de0   0x08001de0   0x00000020   Code   RO         2232    i.__0printf         mc_w.l(printfa.o)
    0x08001e00   0x08001e00   0x00000028   Code   RO         2234    i.__0sprintf        mc_w.l(printfa.o)
    0x08001e28   0x08001e28   0x0000000e   Code   RO         2322    i.__scatterload_copy  mc_w.l(handlers.o)
    0x08001e36   0x08001e36   0x00000002   Code   RO         2323    i.__scatterload_null  mc_w.l(handlers.o)
    0x08001e38   0x08001e38   0x0000000e   Code   RO         2324    i.__scatterload_zeroinit  mc_w.l(handlers.o)
    0x08001e46   0x08001e46   0x00000002   PAD
    0x08001e48   0x08001e48   0x00000184   Code   RO         2239    i._fp_digits        mc_w.l(printfa.o)
    0x08001fcc   0x08001fcc   0x000006dc   Code   RO         2240    i._printf_core      mc_w.l(printfa.o)
    0x080026a8   0x080026a8   0x00000024   Code   RO         2241    i._printf_post_padding  mc_w.l(printfa.o)
    0x080026cc   0x080026cc   0x0000002e   Code   RO         2242    i._printf_pre_padding  mc_w.l(printfa.o)
    0x080026fa   0x080026fa   0x0000000a   Code   RO         2244    i._sputc            mc_w.l(printfa.o)
    0x08002704   0x08002704   0x00000040   Code   RO         1724    i.delay_init        user_delay.o
    0x08002744   0x08002744   0x0000003c   Code   RO         1725    i.delay_ms          user_delay.o
    0x08002780   0x08002780   0x0000003c   Code   RO         1726    i.delay_us          user_delay.o
    0x080027bc   0x080027bc   0x00000024   Code   RO          112    i.fputc             main.o
    0x080027e0   0x080027e0   0x00000020   Code   RO         1803    i.gotoXY            nokia_5110.o
    0x08002800   0x08002800   0x00000250   Code   RO          113    i.main              main.o
    0x08002a50   0x08002a50   0x0000000c   Code   RO          259    i.millis            stm32f10x_it.o
    0x08002a5c   0x08002a5c   0x0000005c   Code   RO         1805    i.shiftOut          nokia_5110.o
    0x08002ab8   0x08002ab8   0x0000005c   Data   RO          119    .constdata          main.o
    0x08002b14   0x08002b14   0x000001e8   Data   RO         1807    .constdata          nokia_5110.o
    0x08002cfc   0x08002cfc   0x00000020   Data   RO         2320    Region$$Table       anon$$obj.o


    Execution Region RW_IRAM1 (Exec base: 0x20000000, Load base: 0x08002d1c, Size: 0x00000488, Max: 0x00005000, ABSOLUTE)

    Exec Addr    Load Addr    Size         Type   Attr      Idx    E Section Name        Object

    0x20000000   0x08002d1c   0x0000003b   Data   RW          120    .data               main.o
    0x2000003b   0x08002d57   0x00000001   PAD
    0x2000003c   0x08002d58   0x00000014   Data   RW          261    .data               stm32f10x_it.o
    0x20000050   0x08002d6c   0x00000014   Data   RW          522    .data               stm32f10x_rcc.o
    0x20000064   0x08002d80   0x0000000e   Data   RW         1728    .data               user_delay.o
    0x20000072   0x08002d8e   0x00000002   PAD
    0x20000074   0x08002d90   0x00000004   Data   RW         2300    .data               mc_w.l(stdout.o)
    0x20000078        -       0x0000000a   Zero   RW          118    .bss                main.o
    0x20000082   0x08002d94   0x00000006   PAD
    0x20000088        -       0x00000400   Zero   RW           94    STACK               startup_stm32f10x_md.o


==============================================================================

Image component sizes


      Code (inc. data)   RO Data    RW Data    ZI Data      Debug   Object Name

         0          0          0          0          0       4564   core_cm3.o
      2108        376         92         59         10       9050   main.o
       132         22          0          0          0       1715   misc.o
       888        108          0          0          0       5750   myiic.o
       586         36        488          0          0       5163   nokia_5110.o
        68          0          0          0          0        993   sht31.o
        36          8        236          0       1024        916   startup_stm32f10x_md.o
       200         18          0          0          0       2340   stm32f10x_exti.o
       368          4          0          0          0       4622   stm32f10x_gpio.o
       404         50          0         20          0       7171   stm32f10x_it.o
       276         32          0         20          0       4690   stm32f10x_rcc.o
       142         10          0          0          0       6230   stm32f10x_tim.o
       246          4          0          0          0       5414   stm32f10x_usart.o
       312         22          0          0          0     246889   system_stm32f10x.o
       184         16          0         14          0       1927   user_delay.o
       326         10          0          0          0       2672   user_function.o

    ----------------------------------------------------------------------
      6300        716        848        116       1040     310106   Object Totals
         0          0         32          0          0          0   (incl. Generated)
        24          0          0          3          6          0   (incl. Padding)

    ----------------------------------------------------------------------

      Code (inc. data)   RO Data    RW Data    ZI Data      Debug   Library Member Name

         0          0          0          0          0          0   entry.o
         0          0          0          0          0          0   entry10a.o
         0          0          0          0          0          0   entry11a.o
         8          4          0          0          0          0   entry2.o
         4          0          0          0          0          0   entry5.o
         0          0          0          0          0          0   entry7b.o
         0          0          0          0          0          0   entry8b.o
         8          4          0          0          0          0   entry9a.o
        30          0          0          0          0          0   handlers.o
        36          8          0          0          0         68   init.o
         0          0          0          0          0          0   iusefp.o
        30          0          0          0          0         68   llshl.o
        36          0          0          0          0         68   llsshr.o
        32          0          0          0          0         68   llushr.o
        36          0          0          0          0         68   memcpya.o
      2308         96          0          0          0        604   printfa.o
         0          0          0          4          0          0   stdout.o
        24          0          0          0          0         68   strcat.o
        44          0          0          0          0         80   uidiv.o
        98          0          0          0          0         92   uldiv.o
        48          0          0          0          0         68   cdrcmple.o
        20          0          0          0          0         68   cfcmple.o
        20          0          0          0          0         68   cfrcmple.o
        56          0          0          0          0         88   d2f.o
       334          0          0          0          0        148   dadd.o
       222          0          0          0          0        100   ddiv.o
       186          0          0          0          0        176   depilogue.o
        50          0          0          0          0         76   dfixui.o
        48          0          0          0          0         68   dfixul.o
        26          0          0          0          0         76   dfltui.o
       228          0          0          0          0         96   dmul.o
        38          0          0          0          0         68   f2d.o
       176          0          0          0          0        140   fadd.o
       124          0          0          0          0         88   fdiv.o
       110          0          0          0          0        168   fepilogue.o
        18          0          0          0          0         68   fflti.o

    ----------------------------------------------------------------------
      4400        112          0          4          0       2748   Library Totals
         2          0          0          0          0          0   (incl. Padding)

    ----------------------------------------------------------------------

      Code (inc. data)   RO Data    RW Data    ZI Data      Debug   Library Name

      2694        112          0          4          0       1184   mc_w.l
      1704          0          0          0          0       1564   mf_w.l

    ----------------------------------------------------------------------
      4400        112          0          4          0       2748   Library Totals

    ----------------------------------------------------------------------

==============================================================================


      Code (inc. data)   RO Data    RW Data    ZI Data      Debug   

     10700        828        848        120       1040     307806   Grand Totals
     10700        828        848        120       1040     307806   ELF Image Totals
     10700        828        848        120          0          0   ROM Totals

==============================================================================

    Total RO  Size (Code + RO Data)                11548 (  11.28kB)
    Total RW  Size (RW Data + ZI Data)              1160 (   1.13kB)
    Total ROM Size (Code + RO Data + RW Data)      11668 (  11.39kB)

==============================================================================

