<html>
<body>
<pre>
<h1>µVision Build Log</h1>
<h2>Tool Versions:</h2>
IDE-Version: µVision V5.29.0.0
Copyright (C) 2019 ARM Ltd and ARM Germany GmbH. All rights reserved.
License Information: Nam Nguyen, none , LIC=FYKYW-Q0GC1-IIG5V-PLWYC-7UGX5-QH4TZ
 
Tool Versions:
Toolchain:       MDK-ARM Plus  Version: 5.29.0.0
Toolchain Path:  C:\Softwares\uVision\Keil\ARM\ARMCC\Bin
C Compiler:      Armcc.exe V5.06 update 6 (build 750)
Assembler:       Armasm.exe V5.06 update 6 (build 750)
Linker/Locator:  ArmLink.exe V5.06 update 6 (build 750)
Library Manager: ArmAr.exe V5.06 update 6 (build 750)
Hex Converter:   FromElf.exe V5.06 update 6 (build 750)
CPU DLL:         
Dialog DLL:      
Target DLL:      Segger\JL2CM3.dll V2.99.36.0
Dialog DLL:      TARMCM1.DLL V1.14.1.0
 
<h2>Project:</h2>
C:\Users\ndnam\Downloads\DACN\peripheral\twi_sensor\pca10028\arm5\twi_sensor_pca10028.uvprojx
Project File Date:  06/24/2020

<h2>Output:</h2>
*** Using Compiler 'V5.06 update 6 (build 750)', folder: 'C:\Softwares\uVision\Keil\ARM\ARMCC\Bin'
Rebuild target 'nrf51422_xxac'
assembling arm_startup_nrf51.s...
compiling system_nrf51.c...
compiling nrf_drv_common.c...
compiling main.c...
..\..\main.c(236): warning:  #177-D: variable "err_code"  was declared but never referenced
      ret_code_t err_code;
..\..\main.c: 1 warning, 0 errors
compiling nrf_delay.c...
compiling app_error.c...
compiling app_uart_fifo.c...
compiling nrf_drv_uart.c...
compiling nrf_drv_twi.c...
compiling app_fifo.c...
compiling app_util_platform.c...
compiling nrf_assert.c...
compiling retarget.c...
linking...
Program Size: Code=6800 RO-data=324 RW-data=32 ZI-data=2408  
FromELF: creating hex file...
".\_build\nrf51422_xxac.axf" - 0 Error(s), 1 Warning(s).

<h2>Software Packages used:</h2>

Package Vendor: ARM
                http://www.keil.com/pack/ARM.CMSIS.4.5.0.pack
                ARM.CMSIS.4.5.0
                CMSIS (Cortex Microcontroller Software Interface Standard)
   * Component: CORE Version: 4.3.0

Package Vendor: NordicSemiconductor
                http://developer.nordicsemi.com/nRF51_SDK/pieces/nRF_DeviceFamilyPack/NordicSemiconductor.nRF_DeviceFamilyPack.8.3.1.pack
                NordicSemiconductor.nRF_DeviceFamilyPack.8.3.1
                Nordic Semiconductor nRF ARM devices Device Family Pack.
   * Component: Startup Version: 8.3.1

Package Vendor: NordicSemiconductor
                http://developer.nordicsemi.com/nRF51_SDK/pieces/nRF_Drivers/NordicSemiconductor.nRF_Drivers.4.0.0-2.alpha.pack
                NordicSemiconductor.nRF_Drivers.4.0.0-2.alpha
                Drivers for Nordic Semiconductor nRF family.
   * Component: nrf_delay Version: 4.0.0-2.alpha
   * Component: nrf_drv_common Version: 4.0.0-2.alpha
   * Component: nrf_drv_twi Version: 4.0.0-2.alpha
   * Component: nrf_drv_uart Version: 4.0.0-2.alpha
   * Component: nrf_error Variant: No_softdevice Version: 4.0.0-2.alpha
   * Component: nrf_gpio Version: 4.0.0-2.alpha
   * Component: nrf_twi Version: 4.0.0-2.alpha
   * Component: nrf_uart Version: 4.0.0-2.alpha
   * Component: nrf_uarte Version: 4.0.0-2.alpha

Package Vendor: NordicSemiconductor
                http://developer.nordicsemi.com/nRF51_SDK/pieces/nRF_Examples/NordicSemiconductor.nRF_Examples.11.0.0-2.alpha.pack
                NordicSemiconductor.nRF_Examples.11.0.0-2.alpha
                Examples and BSP for Nordic Semiconductor nRF family.
   * Component: bsp Variant: Defines Version: 11.0.0-2.alpha

Package Vendor: NordicSemiconductor
                http://developer.nordicsemi.com/nRF51_SDK/pieces/nRF_Libraries/NordicSemiconductor.nRF_Libraries.4.0.0-2.alpha.pack
                NordicSemiconductor.nRF_Libraries.4.0.0-2.alpha
                Software modules for Nordic Semiconductor nRF family.
   * Component: app_uart Variant: Fifo Version: 4.0.0-2.alpha
   * Component: app_error Version: 4.0.0-2.alpha
   * Component: app_fifo Version: 4.0.0-2.alpha
   * Component: app_util Variant: No_softdevice Version: 4.0.0-2.alpha
   * Component: nordic_common Version: 4.0.0-2.alpha
   * Component: nrf_assert Version: 4.0.0-2.alpha
   * Component: retarget Version: 4.0.0-2.alpha

<h2>Collection of Component include folders:</h2>
  .\RTE\_nrf51422_xxac
  .\RTE\nRF_Drivers\nRF51422_xxAC
  .\RTE\nRF_Libraries\nRF51422_xxAC
  C:\Softwares\uVision\Pack\ARM\CMSIS\4.5.0\CMSIS\Include
  C:\Softwares\uVision\Pack\NordicSemiconductor\nRF_DeviceFamilyPack\8.3.1\Device\Include
  C:\Softwares\uVision\Pack\NordicSemiconductor\nRF_Drivers\4.0.0-2.alpha\common
  C:\Softwares\uVision\Pack\NordicSemiconductor\nRF_Drivers\4.0.0-2.alpha\config
  C:\Softwares\uVision\Pack\NordicSemiconductor\nRF_Drivers\4.0.0-2.alpha\delay
  C:\Softwares\uVision\Pack\NordicSemiconductor\nRF_Drivers\4.0.0-2.alpha\hal
  C:\Softwares\uVision\Pack\NordicSemiconductor\nRF_Drivers\4.0.0-2.alpha\nrf_soc_nosd
  C:\Softwares\uVision\Pack\NordicSemiconductor\nRF_Drivers\4.0.0-2.alpha\twi_master
  C:\Softwares\uVision\Pack\NordicSemiconductor\nRF_Drivers\4.0.0-2.alpha\uart
  C:\Softwares\uVision\Pack\NordicSemiconductor\nRF_Examples\11.0.0-2.alpha\bsp
  C:\Softwares\uVision\Pack\NordicSemiconductor\nRF_Libraries\4.0.0-2.alpha\fifo
  C:\Softwares\uVision\Pack\NordicSemiconductor\nRF_Libraries\4.0.0-2.alpha\uart
  C:\Softwares\uVision\Pack\NordicSemiconductor\nRF_Libraries\4.0.0-2.alpha\util

<h2>Collection of Component Files used:</h2>

   * Component: ARM::CMSIS:CORE:4.3.0

   * Component: NordicSemiconductor::Board Support:bsp:Defines:11.0.0-2.alpha

   * Component: NordicSemiconductor::Device:Startup:8.3.1
      Source file:   Device\Source\arm\arm_startup_nrf51.s
      Include file:  Device\Include\system_nrf51.h
      Source file:   Device\Source\system_nrf51.c

   * Component: NordicSemiconductor::nRF_Drivers:app_uart:Fifo:4.0.0-2.alpha
      Include file:  uart\app_uart.h
      Source file:   uart\app_uart_fifo.c

   * Component: NordicSemiconductor::nRF_Drivers:nrf_delay:4.0.0-2.alpha
      Source file:   delay\nrf_delay.c
      Include file:  delay\nrf_delay.h

   * Component: NordicSemiconductor::nRF_Drivers:nrf_drv_common:4.0.0-2.alpha
      Source file:   common\nrf_drv_common.c
      Include file:  config\nrf_drv_config.h
      Include file:  common\nrf_drv_common.h

   * Component: NordicSemiconductor::nRF_Drivers:nrf_drv_twi:4.0.0-2.alpha
      Source file:   twi_master\nrf_drv_twi.c
      Include file:  twi_master\nrf_drv_twi.h
      Include file:  config\nrf_drv_config.h

   * Component: NordicSemiconductor::nRF_Drivers:nrf_drv_uart:4.0.0-2.alpha
      Source file:   uart\nrf_drv_uart.c
      Include file:  config\nrf_drv_config.h
      Include file:  uart\nrf_drv_uart.h

   * Component: NordicSemiconductor::nRF_Drivers:nrf_error:No_softdevice:4.0.0-2.alpha

   * Component: NordicSemiconductor::nRF_Drivers:nrf_gpio:4.0.0-2.alpha
      Include file:  hal\nrf_gpio.h

   * Component: NordicSemiconductor::nRF_Drivers:nrf_twi:4.0.0-2.alpha
      Include file:  hal\nrf_twi.h

   * Component: NordicSemiconductor::nRF_Drivers:nrf_uart:4.0.0-2.alpha
      Include file:  hal\nrf_uart.h

   * Component: NordicSemiconductor::nRF_Drivers:nrf_uarte:4.0.0-2.alpha
      Include file:  hal\nrf_uarte.h

   * Component: NordicSemiconductor::nRF_Libraries:app_error:4.0.0-2.alpha
      Source file:   util\app_error.c
      Include file:  util\app_error.h

   * Component: NordicSemiconductor::nRF_Libraries:app_fifo:4.0.0-2.alpha
      Include file:  fifo\app_fifo.h
      Source file:   fifo\app_fifo.c

   * Component: NordicSemiconductor::nRF_Libraries:app_util:No_softdevice:4.0.0-2.alpha
      Source file:   util\app_util_platform.c

   * Component: NordicSemiconductor::nRF_Libraries:nordic_common:4.0.0-2.alpha

   * Component: NordicSemiconductor::nRF_Libraries:nrf_assert:4.0.0-2.alpha
      Source file:   util\nrf_assert.c
      Include file:  util\nrf_assert.h

   * Component: NordicSemiconductor::nRF_Libraries:retarget:4.0.0-2.alpha
      Source file:   uart\retarget.c
Build Time Elapsed:  00:00:04
</pre>
</body>
</html>
