<html>
<body>
<pre>
<h1>µVision Build Log</h1>
<h2>Tool Versions:</h2>
IDE-Version: µVision V5.29.0.0
Copyright (C) 2019 ARM Ltd and ARM Germany GmbH. All rights reserved.
License Information: Nam Nguyen, none , LIC=FYKYW-Q0GC1-IIG5V-PLWYC-7UGX5-QH4TZ
 
Tool Versions:
Toolchain:       MDK-ARM Plus  Version: 5.29.0.0
Toolchain Path:  C:\Softwares\uVision\Keil\ARM\ARMCC\Bin
C Compiler:      Armcc.exe V5.06 update 6 (build 750)
Assembler:       Armasm.exe V5.06 update 6 (build 750)
Linker/Locator:  ArmLink.exe V5.06 update 6 (build 750)
Library Manager: ArmAr.exe V5.06 update 6 (build 750)
Hex Converter:   FromElf.exe V5.06 update 6 (build 750)
CPU DLL:         SARMCM3.DLL V5.29.0.0
Dialog DLL:      DCM.DLL V1.17.3.0
Target DLL:      STLink\ST-LINKIII-KEIL_SWO.dll V3.0.7.0
Dialog DLL:      TCM.DLL V1.36.5.0
 
<h2>Project:</h2>
C:\Users\ndnam\Downloads\DACN\Code_STM\BLE_SHT31\MB_CODE\Project\Keil\GPIO.uvprojx
Project File Date:  06/13/2020

<h2>Output:</h2>
*** Using Compiler 'V5.06 update 6 (build 750)', folder: 'C:\Softwares\uVision\Keil\ARM\ARMCC\Bin'
Build target 'IO'
compiling main.c...
..\main.c(434): warning:  #188-D: enumerated type mixed with another type
  			MORE_LESS_COMPARISION = !MORE_LESS_COMPARISION;
..\main.c(437): warning:  #188-D: enumerated type mixed with another type
  			ALERT_STATUS = !ALERT_STATUS;
..\main.c(511): warning:  #174-D: expression has no effect
  		__WFE;
..\main.c: 3 warnings, 0 errors
linking...
Program Size: Code=10700 RO-data=848 RW-data=120 ZI-data=1040  
FromELF: creating hex file...
".\Objects\GPIO.axf" - 0 Error(s), 3 Warning(s).

<h2>Software Packages used:</h2>

Package Vendor: Keil
                http://www.keil.com/pack/Keil.STM32F1xx_DFP.2.3.0.pack
                Keil.STM32F1xx_DFP.2.3.0
                STMicroelectronics STM32F1 Series Device Support, Drivers and Examples

<h2>Collection of Component include folders:</h2>
  .\RTE\_IO
  C:\Softwares\uVision\Pack\Keil\STM32F1xx_DFP\2.3.0\Device\Include

<h2>Collection of Component Files used:</h2>
Build Time Elapsed:  00:00:03
</pre>
</body>
</html>
