<html>
<body>
<pre>
<h1>µVision Build Log</h1>
<h2>Tool Versions:</h2>
IDE-Version: µVision V5.29.0.0
Copyright (C) 2019 ARM Ltd and ARM Germany GmbH. All rights reserved.
License Information: Nam Nguyen, none , LIC=----
 
Tool Versions:
Toolchain:       MDK-Lite  Version: 5.29.0.0
Toolchain Path:  C:\Softwares\uVision\Keil\ARM\ARMCC\Bin
C Compiler:      Armcc.exe V5.06 update 6 (build 750)
Assembler:       Armasm.exe V5.06 update 6 (build 750)
Linker/Locator:  ArmLink.exe V5.06 update 6 (build 750)
Library Manager: ArmAr.exe V5.06 update 6 (build 750)
Hex Converter:   FromElf.exe V5.06 update 6 (build 750)
CPU DLL:         SARMCM3.DLL V5.29.0.0
Dialog DLL:      DCM.DLL V1.17.3.0
Target DLL:      STLink\ST-LINKIII-KEIL_SWO.dll V3.0.7.0
Dialog DLL:      TCM.DLL V1.36.5.0
 
<h2>Project:</h2>
C:\Users\ndnam\Downloads\DACN\Code_STM\I2C_SHT30\I2C\USER\IIC_UART.uvprojx
Project File Date:  06/13/2020

<h2>Output:</h2>
*** Using Compiler 'V5.06 update 6 (build 750)', folder: 'C:\Softwares\uVision\Keil\ARM\ARMCC\Bin'
Rebuild target 'IIC'
assembling startup_stm32f10x_hd.s...
compiling core_cm3.c...
compiling LED.c...
compiling dht11.c...
..\HARDWARE\DHT11\dht11.c(33): warning:  #61-D: integer operation result is out of range
  	DHT11_IO_IN();
..\HARDWARE\DHT11\dht11.c(33): warning:  #68-D: integer conversion resulted in a change of sign
  	DHT11_IO_IN();
..\HARDWARE\DHT11\dht11.c: 2 warnings, 0 errors
compiling myiic.c...
compiling ds1307.c...
compiling delay.c...
compiling usart.c...
compiling sys.c...
compiling misc.c...
compiling stm32f10x_gpio.c...
compiling stm32f10x_usart.c...
compiling main.c...
main.c(74): warning:  #177-D: variable "add"  was declared but never referenced
  	 u8 add=0, err=0;
main.c(74): warning:  #177-D: variable "err"  was declared but never referenced
  	 u8 add=0, err=0;
main.c(78): warning:  #177-D: variable "LUX"  was declared but never referenced
  	 float LUX=0;
main.c: 3 warnings, 0 errors
compiling stm32f10x_rcc.c...
compiling stm32f10x_it.c...
compiling system_stm32f10x.c...
linking...
Program Size: Code=10176 RO-data=2816 RW-data=124 ZI-data=1828  
FromELF: creating hex file...
".\Objects\TEMP.axf" - 0 Error(s), 5 Warning(s).

<h2>Software Packages used:</h2>

Package Vendor: Keil
                http://www.keil.com/pack/Keil.STM32F1xx_DFP.2.3.0.pack
                Keil.STM32F1xx_DFP.2.3.0
                STMicroelectronics STM32F1 Series Device Support, Drivers and Examples

<h2>Collection of Component include folders:</h2>
  .\RTE\_IIC
  C:\Softwares\uVision\Pack\Keil\STM32F1xx_DFP\2.3.0\Device\Include

<h2>Collection of Component Files used:</h2>
Build Time Elapsed:  00:00:09
</pre>
</body>
</html>
