Component: ARM Compiler 5.06 update 6 (build 750) Tool: armlink [4d35ed]

==============================================================================

Section Cross References

    system_stm32f10x.o(i.SetSysClock) refers to system_stm32f10x.o(i.SetSysClockTo72) for SetSysClockTo72
    system_stm32f10x.o(i.SystemInit) refers to system_stm32f10x.o(i.SetSysClock) for SetSysClock
    startup_stm32f10x_md.o(RESET) refers to startup_stm32f10x_md.o(STACK) for __initial_sp
    startup_stm32f10x_md.o(RESET) refers to startup_stm32f10x_md.o(.text) for Reset_Handler
    startup_stm32f10x_md.o(RESET) refers to stm32f10x_it.o(i.NMI_Handler) for NMI_Handler
    startup_stm32f10x_md.o(RESET) refers to stm32f10x_it.o(i.HardFault_Handler) for HardFault_Handler
    startup_stm32f10x_md.o(RESET) refers to stm32f10x_it.o(i.MemManage_Handler) for MemManage_Handler
    startup_stm32f10x_md.o(RESET) refers to stm32f10x_it.o(i.BusFault_Handler) for BusFault_Handler
    startup_stm32f10x_md.o(RESET) refers to stm32f10x_it.o(i.UsageFault_Handler) for UsageFault_Handler
    startup_stm32f10x_md.o(RESET) refers to stm32f10x_it.o(i.SVC_Handler) for SVC_Handler
    startup_stm32f10x_md.o(RESET) refers to stm32f10x_it.o(i.DebugMon_Handler) for DebugMon_Handler
    startup_stm32f10x_md.o(RESET) refers to stm32f10x_it.o(i.PendSV_Handler) for PendSV_Handler
    startup_stm32f10x_md.o(RESET) refers to stm32f10x_it.o(i.SysTick_Handler) for SysTick_Handler
    startup_stm32f10x_md.o(RESET) refers to stm32f10x_it.o(i.EXTI9_5_IRQHandler) for EXTI9_5_IRQHandler
    startup_stm32f10x_md.o(RESET) refers to stm32f10x_it.o(i.TIM2_IRQHandler) for TIM2_IRQHandler
    startup_stm32f10x_md.o(RESET) refers to stm32f10x_it.o(i.USART2_IRQHandler) for USART2_IRQHandler
    startup_stm32f10x_md.o(.text) refers to system_stm32f10x.o(i.SystemInit) for SystemInit
    startup_stm32f10x_md.o(.text) refers to entry.o(.ARM.Collect$$$$00000000) for __main
    main.o(i.LCD_Interface) refers to memcpya.o(.text) for __aeabi_memcpy4
    main.o(i.LCD_Interface) refers to nokia_5110.o(i.LCDClear) for LCDClear
    main.o(i.LCD_Interface) refers to nokia_5110.o(i.gotoXY) for gotoXY
    main.o(i.LCD_Interface) refers to nokia_5110.o(i.LCDString) for LCDString
    main.o(i.LCD_Interface) refers to f2d.o(.text) for __aeabi_f2d
    main.o(i.LCD_Interface) refers to printfa.o(i.__0sprintf) for __2sprintf
    main.o(i.LCD_Interface) refers to strcat.o(.text) for strcat
    main.o(i.LCD_Interface) refers to main.o(.constdata) for .constdata
    main.o(i.LCD_Interface) refers to main.o(.data) for SHT31_Temp
    main.o(i.LCD_Interface) refers to main.o(.bss) for Char_buff
    main.o(i.SHT31_GetData) refers to myiic.o(i.IIC_Write) for IIC_Write
    main.o(i.SHT31_GetData) refers to user_delay.o(i.delay_ms) for delay_ms
    main.o(i.SHT31_GetData) refers to myiic.o(i.IIC_ReadMulti) for IIC_ReadMulti
    main.o(i.SHT31_GetData) refers to fflti.o(.text) for __aeabi_i2f
    main.o(i.SHT31_GetData) refers to fdiv.o(.text) for __aeabi_fdiv
    main.o(i.SHT31_GetData) refers to fadd.o(.text) for __aeabi_fsub
    main.o(i.SHT31_GetData) refers to main.o(.data) for SHT31_I2C_Data_Buffer
    main.o(i.SHT31_TempThreshHold) refers to cfrcmple.o(.text) for __aeabi_cfrcmple
    main.o(i.SHT31_TempThreshHold) refers to nokia_5110.o(i.gotoXY) for gotoXY
    main.o(i.SHT31_TempThreshHold) refers to nokia_5110.o(i.LCDString) for LCDString
    main.o(i.SHT31_TempThreshHold) refers to stm32f10x_gpio.o(i.GPIO_ResetBits) for GPIO_ResetBits
    main.o(i.SHT31_TempThreshHold) refers to stm32f10x_gpio.o(i.GPIO_SetBits) for GPIO_SetBits
    main.o(i.SHT31_TempThreshHold) refers to cfcmple.o(.text) for __aeabi_cfcmple
    main.o(i.SHT31_TempThreshHold) refers to main.o(.data) for ALERT_STATUS
    main.o(i.TestContrast) refers to nokia_5110.o(i.LCDInit) for LCDInit
    main.o(i.USART1_Configuration) refers to stm32f10x_rcc.o(i.RCC_APB2PeriphClockCmd) for RCC_APB2PeriphClockCmd
    main.o(i.USART1_Configuration) refers to stm32f10x_gpio.o(i.GPIO_Init) for GPIO_Init
    main.o(i.USART1_Configuration) refers to stm32f10x_usart.o(i.USART_Init) for USART_Init
    main.o(i.USART1_Configuration) refers to stm32f10x_usart.o(i.USART_ClearFlag) for USART_ClearFlag
    main.o(i.USART1_Configuration) refers to stm32f10x_usart.o(i.USART_Cmd) for USART_Cmd
    main.o(i.USART2_Configuration) refers to stm32f10x_rcc.o(i.RCC_APB2PeriphClockCmd) for RCC_APB2PeriphClockCmd
    main.o(i.USART2_Configuration) refers to stm32f10x_rcc.o(i.RCC_APB1PeriphClockCmd) for RCC_APB1PeriphClockCmd
    main.o(i.USART2_Configuration) refers to stm32f10x_gpio.o(i.GPIO_Init) for GPIO_Init
    main.o(i.USART2_Configuration) refers to stm32f10x_usart.o(i.USART_Init) for USART_Init
    main.o(i.USART2_Configuration) refers to stm32f10x_usart.o(i.USART_ClearFlag) for USART_ClearFlag
    main.o(i.USART2_Configuration) refers to stm32f10x_usart.o(i.USART_Cmd) for USART_Cmd
[...]
    printf2.o(i.__0vfprintf$2) refers to main.o(i.fputc) for fputc
    printf2.o(i.__0vprintf$2) refers to printf2.o(i._printf_core) for _printf_core
    printf2.o(i.__0vprintf$2) refers to main.o(i.fputc) for fputc
    printf2.o(i.__0vprintf$2) refers to stdout.o(.data) for __stdout
    printf2.o(i.__0vsnprintf$2) refers to printf2.o(i._printf_core) for _printf_core
    printf2.o(i.__0vsnprintf$2) refers to printf2.o(i._snputc) for _snputc
    printf2.o(i.__0vsprintf$2) refers to printf2.o(i._printf_core) for _printf_core
    printf2.o(i.__0vsprintf$2) refers to printf2.o(i._sputc) for _sputc
    printf3.o(i.__0fprintf$3) refers to printf3.o(i._printf_core) for _printf_core
    printf3.o(i.__0fprintf$3) refers to main.o(i.fputc) for fputc
    printf3.o(i.__0printf$3) refers to printf3.o(i._printf_core) for _printf_core
    printf3.o(i.__0printf$3) refers to main.o(i.fputc) for fputc
    printf3.o(i.__0printf$3) refers to stdout.o(.data) for __stdout
    printf3.o(i.__0snprintf$3) refers to printf3.o(i._printf_core) for _printf_core
    printf3.o(i.__0snprintf$3) refers to printf3.o(i._snputc) for _snputc
    printf3.o(i.__0sprintf$3) refers to printf3.o(i._printf_core) for _printf_core
    printf3.o(i.__0sprintf$3) refers to printf3.o(i._sputc) for _sputc
    printf3.o(i.__0vfprintf$3) refers to printf3.o(i._printf_core) for _printf_core
    printf3.o(i.__0vfprintf$3) refers to main.o(i.fputc) for fputc
    printf3.o(i.__0vprintf$3) refers to printf3.o(i._printf_core) for _printf_core
    printf3.o(i.__0vprintf$3) refers to main.o(i.fputc) for fputc
    printf3.o(i.__0vprintf$3) refers to stdout.o(.data) for __stdout
    printf3.o(i.__0vsnprintf$3) refers to printf3.o(i._printf_core) for _printf_core
    printf3.o(i.__0vsnprintf$3) refers to printf3.o(i._snputc) for _snputc
    printf3.o(i.__0vsprintf$3) refers to printf3.o(i._printf_core) for _printf_core
    printf3.o(i.__0vsprintf$3) refers to printf3.o(i._sputc) for _sputc
    printf3.o(i._printf_core) refers to uidiv.o(.text) for __aeabi_uidivmod
    printf4.o(i.__0fprintf$4) refers to printf4.o(i._printf_core) for _printf_core
    printf4.o(i.__0fprintf$4) refers to main.o(i.fputc) for fputc
    printf4.o(i.__0printf$4) refers to printf4.o(i._printf_core) for _printf_core
    printf4.o(i.__0printf$4) refers to main.o(i.fputc) for fputc
    printf4.o(i.__0printf$4) refers to stdout.o(.data) for __stdout
    printf4.o(i.__0snprintf$4) refers to printf4.o(i._printf_core) for _printf_core
    printf4.o(i.__0snprintf$4) refers to printf4.o(i._snputc) for _snputc
    printf4.o(i.__0sprintf$4) refers to printf4.o(i._printf_core) for _printf_core
    printf4.o(i.__0sprintf$4) refers to printf4.o(i._sputc) for _sputc
    printf4.o(i.__0vfprintf$4) refers to printf4.o(i._printf_core) for _printf_core
    printf4.o(i.__0vfprintf$4) refers to main.o(i.fputc) for fputc
    printf4.o(i.__0vprintf$4) refers to printf4.o(i._printf_core) for _printf_core
    printf4.o(i.__0vprintf$4) refers to main.o(i.fputc) for fputc
    printf4.o(i.__0vprintf$4) refers to stdout.o(.data) for __stdout
    printf4.o(i.__0vsnprintf$4) refers to printf4.o(i._printf_core) for _printf_core
    printf4.o(i.__0vsnprintf$4) refers to printf4.o(i._snputc) for _snputc
    printf4.o(i.__0vsprintf$4) refers to printf4.o(i._printf_core) for _printf_core
    printf4.o(i.__0vsprintf$4) refers to printf4.o(i._sputc) for _sputc
    printf4.o(i._printf_core) refers to uldiv.o(.text) for __aeabi_uldivmod
    printf5.o(i.__0fprintf$5) refers to printf5.o(i._printf_core) for _printf_core
    printf5.o(i.__0fprintf$5) refers to main.o(i.fputc) for fputc
    printf5.o(i.__0printf$5) refers to printf5.o(i._printf_core) for _printf_core
    printf5.o(i.__0printf$5) refers to main.o(i.fputc) for fputc
    printf5.o(i.__0printf$5) refers to stdout.o(.data) for __stdout
    printf5.o(i.__0snprintf$5) refers to printf5.o(i._printf_core) for _printf_core
    printf5.o(i.__0snprintf$5) refers to printf5.o(i._snputc) for _snputc
    printf5.o(i.__0sprintf$5) refers to printf5.o(i._printf_core) for _printf_core
    printf5.o(i.__0sprintf$5) refers to printf5.o(i._sputc) for _sputc
    printf5.o(i.__0vfprintf$5) refers to printf5.o(i._printf_core) for _printf_core
    printf5.o(i.__0vfprintf$5) refers to main.o(i.fputc) for fputc
    printf5.o(i.__0vprintf$5) refers to printf5.o(i._printf_core) for _printf_core
    printf5.o(i.__0vprintf$5) refers to main.o(i.fputc) for fputc
    printf5.o(i.__0vprintf$5) refers to stdout.o(.data) for __stdout
    printf5.o(i.__0vsnprintf$5) refers to printf5.o(i._printf_core) for _printf_core
    printf5.o(i.__0vsnprintf$5) refers to printf5.o(i._snputc) for _snputc
    printf5.o(i.__0vsprintf$5) refers to printf5.o(i._printf_core) for _printf_core
    printf5.o(i.__0vsprintf$5) refers to printf5.o(i._sputc) for _sputc
    printf5.o(i._printf_core) refers to uldiv.o(.text) for __aeabi_uldivmod
    printf6.o(i.__0fprintf$6) refers to printf6.o(i._printf_core) for _printf_core
    printf6.o(i.__0fprintf$6) refers to main.o(i.fputc) for fputc
    printf6.o(i.__0printf$6) refers to printf6.o(i._printf_core) for _printf_core
    printf6.o(i.__0printf$6) refers to main.o(i.fputc) for fputc
    printf6.o(i.__0printf$6) refers to stdout.o(.data) for __stdout
    printf6.o(i.__0snprintf$6) refers to printf6.o(i._printf_core) for _printf_core
    printf6.o(i.__0snprintf$6) refers to printf6.o(i._snputc) for _snputc
    printf6.o(i.__0sprintf$6) refers to printf6.o(i._printf_core) for _printf_core
    printf6.o(i.__0sprintf$6) refers to printf6.o(i._sputc) for _sputc
    printf6.o(i.__0vfprintf$6) refers to printf6.o(i._printf_core) for _printf_core
    printf6.o(i.__0vfprintf$6) refers to main.o(i.fputc) for fputc
    printf6.o(i.__0vprintf$6) refers to printf6.o(i._printf_core) for _printf_core
    printf6.o(i.__0vprintf$6) refers to main.o(i.fputc) for fputc
    printf6.o(i.__0vprintf$6) refers to stdout.o(.data) for __stdout
    printf6.o(i.__0vsnprintf$6) refers to printf6.o(i._printf_core) for _printf_core
    printf6.o(i.__0vsnprintf$6) refers to printf6.o(i._snputc) for _snputc
    printf6.o(i.__0vsprintf$6) refers to printf6.o(i._printf_core) for _printf_core
    printf6.o(i.__0vsprintf$6) refers to printf6.o(i._sputc) for _sputc
    printf6.o(i._printf_core) refers to printf6.o(i._printf_pre_padding) for _printf_pre_padding
    printf6.o(i._printf_core) refers to uidiv.o(.text) for __aeabi_uidivmod
    printf6.o(i._printf_core) refers to printf6.o(i._printf_post_padding) for _printf_post_padding
    printf7.o(i.__0fprintf$7) refers to printf7.o(i._printf_core) for _printf_core
    printf7.o(i.__0fprintf$7) refers to main.o(i.fputc) for fputc
    printf7.o(i.__0printf$7) refers to printf7.o(i._printf_core) for _printf_core
    printf7.o(i.__0printf$7) refers to main.o(i.fputc) for fputc
    printf7.o(i.__0printf$7) refers to stdout.o(.data) for __stdout
    printf7.o(i.__0snprintf$7) refers to printf7.o(i._printf_core) for _printf_core
    printf7.o(i.__0snprintf$7) refers to printf7.o(i._snputc) for _snputc
    printf7.o(i.__0sprintf$7) refers to printf7.o(i._printf_core) for _printf_core
    printf7.o(i.__0sprintf$7) refers to printf7.o(i._sputc) for _sputc
    printf7.o(i.__0vfprintf$7) refers to printf7.o(i._printf_core) for _printf_core
    printf7.o(i.__0vfprintf$7) refers to main.o(i.fputc) for fputc
    printf7.o(i.__0vprintf$7) refers to printf7.o(i._printf_core) for _printf_core
    printf7.o(i.__0vprintf$7) refers to main.o(i.fputc) for fputc
    printf7.o(i.__0vprintf$7) refers to stdout.o(.data) for __stdout
    printf7.o(i.__0vsnprintf$7) refers to printf7.o(i._printf_core) for _printf_core
    printf7.o(i.__0vsnprintf$7) refers to printf7.o(i._snputc) for _snputc
    printf7.o(i.__0vsprintf$7) refers to printf7.o(i._printf_core) for _printf_core
    printf7.o(i.__0vsprintf$7) refers to printf7.o(i._sputc) for _sputc
    printf7.o(i._printf_core) refers to printf7.o(i._printf_pre_padding) for _printf_pre_padding
    printf7.o(i._printf_core) refers to uldiv.o(.text) for __aeabi_uldivmod
    printf7.o(i._printf_core) refers to printf7.o(i._printf_post_padding) for _printf_post_padding
    printf8.o(i.__0fprintf$8) refers to printf8.o(i._printf_core) for _printf_core
    printf8.o(i.__0fprintf$8) refers to main.o(i.fputc) for fputc
    printf8.o(i.__0printf$8) refers to printf8.o(i._printf_core) for _printf_core
    printf8.o(i.__0printf$8) refers to main.o(i.fputc) for fputc
    printf8.o(i.__0printf$8) refers to stdout.o(.data) for __stdout
    printf8.o(i.__0snprintf$8) refers to printf8.o(i._printf_core) for _printf_core
    printf8.o(i.__0snprintf$8) refers to printf8.o(i._snputc) for _snputc
    printf8.o(i.__0sprintf$8) refers to printf8.o(i._printf_core) for _printf_core
    printf8.o(i.__0sprintf$8) refers to printf8.o(i._sputc) for _sputc
    printf8.o(i.__0vfprintf$8) refers to printf8.o(i._printf_core) for _printf_core
    printf8.o(i.__0vfprintf$8) refers to main.o(i.fputc) for fputc
    printf8.o(i.__0vprintf$8) refers to printf8.o(i._printf_core) for _printf_core
    printf8.o(i.__0vprintf$8) refers to main.o(i.fputc) for fputc
    printf8.o(i.__0vprintf$8) refers to stdout.o(.data) for __stdout
    printf8.o(i.__0vsnprintf$8) refers to printf8.o(i._printf_core) for _printf_core
    printf8.o(i.__0vsnprintf$8) refers to printf8.o(i._snputc) for _snputc
    printf8.o(i.__0vsprintf$8) refers to printf8.o(i._printf_core) for _printf_core
    printf8.o(i.__0vsprintf$8) refers to printf8.o(i._sputc) for _sputc
    printf8.o(i._printf_core) refers to printf8.o(i._printf_pre_padding) for _printf_pre_padding
    printf8.o(i._printf_core) refers to uldiv.o(.text) for __aeabi_uldivmod
    printf8.o(i._printf_core) refers to printf8.o(i._printf_post_padding) for _printf_post_padding
    printfa.o(i.__0fprintf) refers (Special) to iusefp.o(.text) for __I$use$fp
    printfa.o(i.__0fprintf) refers to printfa.o(i._printf_core) for _printf_core
    printfa.o(i.__0fprintf) refers to main.o(i.fputc) for fputc
    printfa.o(i.__0printf) refers (Special) to iusefp.o(.text) for __I$use$fp
    printfa.o(i.__0printf) refers to printfa.o(i._printf_core) for _printf_core
    printfa.o(i.__0printf) refers to main.o(i.fputc) for fputc
    printfa.o(i.__0printf) refers to stdout.o(.data) for __stdout
    printfa.o(i.__0snprintf) refers (Special) to iusefp.o(.text) for __I$use$fp
    printfa.o(i.__0snprintf) refers to printfa.o(i._printf_core) for _printf_core
    printfa.o(i.__0snprintf) refers to printfa.o(i._snputc) for _snputc
    printfa.o(i.__0sprintf) refers (Special) to iusefp.o(.text) for __I$use$fp
    printfa.o(i.__0sprintf) refers to printfa.o(i._printf_core) for _printf_core
    printfa.o(i.__0sprintf) refers to printfa.o(i._sputc) for _sputc
    printfa.o(i.__0vfprintf) refers (Special) to iusefp.o(.text) for __I$use$fp
    printfa.o(i.__0vfprintf) refers to printfa.o(i._printf_core) for _printf_core
    printfa.o(i.__0vfprintf) refers to main.o(i.fputc) for fputc
    printfa.o(i.__0vprintf) refers (Special) to iusefp.o(.text) for __I$use$fp
    printfa.o(i.__0vprintf) refers to printfa.o(i._printf_core) for _printf_core
    printfa.o(i.__0vprintf) refers to main.o(i.fputc) for fputc
    printfa.o(i.__0vprintf) refers to stdout.o(.data) for __stdout
    printfa.o(i.__0vsnprintf) refers (Special) to iusefp.o(.text) for __I$use$fp
    printfa.o(i.__0vsnprintf) refers to printfa.o(i._printf_core) for _printf_core
    printfa.o(i.__0vsnprintf) refers to printfa.o(i._snputc) for _snputc
    printfa.o(i.__0vsprintf) refers (Special) to iusefp.o(.text) for __I$use$fp
    printfa.o(i.__0vsprintf) refers to printfa.o(i._printf_core) for _printf_core
    printfa.o(i.__0vsprintf) refers to printfa.o(i._sputc) for _sputc
    printfa.o(i._fp_digits) refers (Special) to iusefp.o(.text) for __I$use$fp
    printfa.o(i._fp_digits) refers to dmul.o(.text) for __aeabi_dmul
    printfa.o(i._fp_digits) refers to ddiv.o(.text) for __aeabi_ddiv
    printfa.o(i._fp_digits) refers to cdrcmple.o(.text) for __aeabi_cdrcmple
    printfa.o(i._fp_digits) refers to dadd.o(.text) for __aeabi_dadd
    printfa.o(i._fp_digits) refers to dfixul.o(.text) for __aeabi_d2ulz
    printfa.o(i._fp_digits) refers to uldiv.o(.text) for __aeabi_uldivmod
    printfa.o(i._printf_core) refers (Special) to iusefp.o(.text) for __I$use$fp
    printfa.o(i._printf_core) refers to printfa.o(i._printf_pre_padding) for _printf_pre_padding
    printfa.o(i._printf_core) refers to uldiv.o(.text) for __aeabi_uldivmod
    printfa.o(i._printf_core) refers to printfa.o(i._printf_post_padding) for _printf_post_padding
    printfa.o(i._printf_core) refers to printfa.o(i._fp_digits) for _fp_digits
    printfa.o(i._printf_core) refers to uidiv.o(.text) for __aeabi_uidivmod
    printfa.o(i._printf_post_padding) refers (Special) to iusefp.o(.text) for __I$use$fp
    printfa.o(i._printf_pre_padding) refers (Special) to iusefp.o(.text) for __I$use$fp
    printfa.o(i._snputc) refers (Special) to iusefp.o(.text) for __I$use$fp
    printfa.o(i._sputc) refers (Special) to iusefp.o(.text) for __I$use$fp
    fadd.o(.text) refers (Special) to iusefp.o(.text) for __I$use$fp
    fadd.o(.text) refers to fepilogue.o(.text) for _float_epilogue
    fdiv.o(.text) refers (Special) to iusefp.o(.text) for __I$use$fp
    fdiv.o(.text) refers to fepilogue.o(.text) for _float_round
    dadd.o(.text) refers (Special) to iusefp.o(.text) for __I$use$fp
    dadd.o(.text) refers to llshl.o(.text) for __aeabi_llsl
    dadd.o(.text) refers to llsshr.o(.text) for __aeabi_lasr
    dadd.o(.text) refers to depilogue.o(.text) for _double_epilogue
    fflti.o(.text) refers (Special) to iusefp.o(.text) for __I$use$fp
    fflti.o(.text) refers to fepilogue.o(.text) for _float_epilogue
    f2d.o(.text) refers (Special) to iusefp.o(.text) for __I$use$fp
    d2f.o(.text) refers (Special) to iusefp.o(.text) for __I$use$fp
    d2f.o(.text) refers to fepilogue.o(.text) for _float_round
    cfcmple.o(.text) refers (Special) to iusefp.o(.text) for __I$use$fp
    cfrcmple.o(.text) refers (Special) to iusefp.o(.text) for __I$use$fp
    entry2.o(.ARM.Collect$$$$00000001) refers to entry2.o(.ARM.Collect$$$$00002712) for __lit__00000000
    entry2.o(.ARM.Collect$$$$00002712) refers to startup_stm32f10x_md.o(STACK) for __initial_sp
    entry2.o(__vectab_stack_and_reset_area) refers to startup_stm32f10x_md.o(STACK) for __initial_sp
    entry2.o(__vectab_stack_and_reset_area) refers to entry.o(.ARM.Collect$$$$00000000) for __main
    entry5.o(.ARM.Collect$$$$00000004) refers to init.o(.text) for __scatterload
    entry9a.o(.ARM.Collect$$$$0000000B) refers to main.o(i.main) for main
    entry9b.o(.ARM.Collect$$$$0000000C) refers to main.o(i.main) for main
    uldiv.o(.text) refers to llushr.o(.text) for __aeabi_llsr
    uldiv.o(.text) refers to llshl.o(.text) for __aeabi_llsl
    depilogue.o(.text) refers to llshl.o(.text) for __aeabi_llsl
    depilogue.o(.text) refers to llushr.o(.text) for __aeabi_llsr
    dmul.o(.text) refers to depilogue.o(.text) for _double_epilogue
    ddiv.o(.text) refers to depilogue.o(.text) for _double_round
    dfixul.o(.text) refers to llushr.o(.text) for __aeabi_llsr
    dfixul.o(.text) refers to llshl.o(.text) for __aeabi_llsl
    init.o(.text) refers to entry5.o(.ARM.Collect$$$$00000004) for __main_after_scatterload


==============================================================================

Removing Unused input sections from the image.

    Removing core_cm3.o(.emb_text), (32 bytes).
    Removing system_stm32f10x.o(i.SystemCoreClockUpdate), (2 bytes).
    Removing startup_stm32f10x_md.o(HEAP), (512 bytes).
    Removing main.o(i.TestContrast), (12 bytes).
    Removing main.o(i.fgetc), (40 bytes).
    Removing main.o(i.fputc), (36 bytes).
    Removing main.o(i.sendSHT31_I2C_Data_Buffer), (48 bytes).
    Removing stm32f10x_it.o(.constdata), (6 bytes).
    Removing misc.o(i.NVIC_SetVectorTable), (20 bytes).
    Removing misc.o(i.NVIC_SystemLPConfig), (32 bytes).
    Removing misc.o(i.SysTick_CLKSourceConfig), (40 bytes).
    Removing stm32f10x_gpio.o(i.GPIO_AFIODeInit), (20 bytes).
    Removing stm32f10x_gpio.o(i.GPIO_DeInit), (200 bytes).
    Removing stm32f10x_gpio.o(i.GPIO_ETH_MediaInterfaceConfig), (12 bytes).
    Removing stm32f10x_gpio.o(i.GPIO_EventOutputCmd), (12 bytes).
    Removing stm32f10x_gpio.o(i.GPIO_EventOutputConfig), (32 bytes).
    Removing stm32f10x_gpio.o(i.GPIO_PinLockConfig), (18 bytes).
    Removing stm32f10x_gpio.o(i.GPIO_PinRemapConfig), (112 bytes).
    Removing stm32f10x_gpio.o(i.GPIO_ReadInputData), (8 bytes).
    Removing stm32f10x_gpio.o(i.GPIO_ReadOutputData), (8 bytes).
    Removing stm32f10x_gpio.o(i.GPIO_ReadOutputDataBit), (18 bytes).
    Removing stm32f10x_gpio.o(i.GPIO_StructInit), (16 bytes).
    Removing stm32f10x_gpio.o(i.GPIO_Write), (4 bytes).
    Removing stm32f10x_gpio.o(i.GPIO_WriteBit), (10 bytes).
    Removing stm32f10x_rcc.o(i.RCC_ADCCLKConfig), (24 bytes).
    Removing stm32f10x_rcc.o(i.RCC_AHBPeriphClockCmd), (32 bytes).
    Removing stm32f10x_rcc.o(i.RCC_APB1PeriphResetCmd), (32 bytes).
    Removing stm32f10x_rcc.o(i.RCC_APB2PeriphResetCmd), (32 bytes).
    Removing stm32f10x_rcc.o(i.RCC_AdjustHSICalibrationValue), (24 bytes).
    Removing stm32f10x_rcc.o(i.RCC_BackupResetCmd), (12 bytes).
    Removing stm32f10x_rcc.o(i.RCC_ClearFlag), (20 bytes).
    Removing stm32f10x_rcc.o(i.RCC_ClearITPendingBit), (12 bytes).
    Removing stm32f10x_rcc.o(i.RCC_ClockSecuritySystemCmd), (12 bytes).
    Removing stm32f10x_rcc.o(i.RCC_DeInit), (76 bytes).
    Removing stm32f10x_rcc.o(i.RCC_GetFlagStatus), (60 bytes).
    Removing stm32f10x_rcc.o(i.RCC_GetITStatus), (24 bytes).
    Removing stm32f10x_rcc.o(i.RCC_GetSYSCLKSource), (16 bytes).
    Removing stm32f10x_rcc.o(i.RCC_HCLKConfig), (24 bytes).
    Removing stm32f10x_rcc.o(i.RCC_HSEConfig), (76 bytes).
    Removing stm32f10x_rcc.o(i.RCC_HSICmd), (12 bytes).
    Removing stm32f10x_rcc.o(i.RCC_ITConfig), (32 bytes).
    Removing stm32f10x_rcc.o(i.RCC_LSEConfig), (52 bytes).
    Removing stm32f10x_rcc.o(i.RCC_LSICmd), (12 bytes).
    Removing stm32f10x_rcc.o(i.RCC_MCOConfig), (12 bytes).
    Removing stm32f10x_rcc.o(i.RCC_PCLK1Config), (24 bytes).
    Removing stm32f10x_rcc.o(i.RCC_PCLK2Config), (24 bytes).
    Removing stm32f10x_rcc.o(i.RCC_PLLCmd), (12 bytes).
    Removing stm32f10x_rcc.o(i.RCC_PLLConfig), (28 bytes).
    Removing stm32f10x_rcc.o(i.RCC_RTCCLKCmd), (12 bytes).
    Removing stm32f10x_rcc.o(i.RCC_RTCCLKConfig), (16 bytes).
    Removing stm32f10x_rcc.o(i.RCC_SYSCLKConfig), (24 bytes).
    Removing stm32f10x_rcc.o(i.RCC_USBCLKConfig), (12 bytes).
    Removing stm32f10x_rcc.o(i.RCC_WaitForHSEStartUp), (56 bytes).
    Removing stm32f10x_exti.o(i.EXTI_ClearFlag), (12 bytes).
    Removing stm32f10x_exti.o(i.EXTI_DeInit), (36 bytes).
    Removing stm32f10x_exti.o(i.EXTI_GenerateSWInterrupt), (16 bytes).
    Removing stm32f10x_exti.o(i.EXTI_GetFlagStatus), (24 bytes).
    Removing stm32f10x_exti.o(i.EXTI_StructInit), (16 bytes).
    Removing stm32f10x_tim.o(i.TI1_Config), (56 bytes).
    Removing stm32f10x_tim.o(i.TI2_Config), (80 bytes).
    Removing stm32f10x_tim.o(i.TI3_Config), (72 bytes).
    Removing stm32f10x_tim.o(i.TI4_Config), (80 bytes).
    Removing stm32f10x_tim.o(i.TIM_ARRPreloadConfig), (24 bytes).
    Removing stm32f10x_tim.o(i.TIM_BDTRConfig), (32 bytes).
    Removing stm32f10x_tim.o(i.TIM_BDTRStructInit), (18 bytes).
    Removing stm32f10x_tim.o(i.TIM_CCPreloadControl), (24 bytes).
    Removing stm32f10x_tim.o(i.TIM_CCxCmd), (30 bytes).
    Removing stm32f10x_tim.o(i.TIM_CCxNCmd), (30 bytes).
    Removing stm32f10x_tim.o(i.TIM_ClearFlag), (6 bytes).
    Removing stm32f10x_tim.o(i.TIM_ClearOC1Ref), (18 bytes).
    Removing stm32f10x_tim.o(i.TIM_ClearOC2Ref), (24 bytes).
    Removing stm32f10x_tim.o(i.TIM_ClearOC3Ref), (18 bytes).
    Removing stm32f10x_tim.o(i.TIM_ClearOC4Ref), (24 bytes).
    Removing stm32f10x_tim.o(i.TIM_CounterModeConfig), (18 bytes).
    Removing stm32f10x_tim.o(i.TIM_CtrlPWMOutputs), (30 bytes).
    Removing stm32f10x_tim.o(i.TIM_DMACmd), (18 bytes).
    Removing stm32f10x_tim.o(i.TIM_DMAConfig), (10 bytes).
    Removing stm32f10x_tim.o(i.TIM_DeInit), (224 bytes).
    Removing stm32f10x_tim.o(i.TIM_ETRClockMode1Config), (54 bytes).
    Removing stm32f10x_tim.o(i.TIM_ETRClockMode2Config), (32 bytes).
    Removing stm32f10x_tim.o(i.TIM_ETRConfig), (28 bytes).
    Removing stm32f10x_tim.o(i.TIM_EncoderInterfaceConfig), (66 bytes).
    Removing stm32f10x_tim.o(i.TIM_ForcedOC1Config), (18 bytes).
    Removing stm32f10x_tim.o(i.TIM_ForcedOC2Config), (26 bytes).
    Removing stm32f10x_tim.o(i.TIM_ForcedOC3Config), (18 bytes).
    Removing stm32f10x_tim.o(i.TIM_ForcedOC4Config), (26 bytes).
    Removing stm32f10x_tim.o(i.TIM_GenerateEvent), (4 bytes).
    Removing stm32f10x_tim.o(i.TIM_GetCapture1), (6 bytes).
    Removing stm32f10x_tim.o(i.TIM_GetCapture2), (6 bytes).
    Removing stm32f10x_tim.o(i.TIM_GetCapture3), (6 bytes).
    Removing stm32f10x_tim.o(i.TIM_GetCapture4), (8 bytes).
    Removing stm32f10x_tim.o(i.TIM_GetCounter), (6 bytes).
    Removing stm32f10x_tim.o(i.TIM_GetFlagStatus), (18 bytes).
    Removing stm32f10x_tim.o(i.TIM_GetPrescaler), (6 bytes).
    Removing stm32f10x_tim.o(i.TIM_ICInit), (110 bytes).
    Removing stm32f10x_tim.o(i.TIM_ICStructInit), (18 bytes).
    Removing stm32f10x_tim.o(i.TIM_ITRxExternalClockConfig), (24 bytes).
    Removing stm32f10x_tim.o(i.TIM_InternalClockConfig), (12 bytes).
    Removing stm32f10x_tim.o(i.TIM_OC1FastConfig), (18 bytes).
    Removing stm32f10x_tim.o(i.TIM_OC1Init), (120 bytes).
    Removing stm32f10x_tim.o(i.TIM_OC1NPolarityConfig), (18 bytes).
    Removing stm32f10x_tim.o(i.TIM_OC1PolarityConfig), (18 bytes).
    Removing stm32f10x_tim.o(i.TIM_OC1PreloadConfig), (18 bytes).
    Removing stm32f10x_tim.o(i.TIM_OC2FastConfig), (26 bytes).
    Removing stm32f10x_tim.o(i.TIM_OC2Init), (156 bytes).
    Removing stm32f10x_tim.o(i.TIM_OC2NPolarityConfig), (26 bytes).
    Removing stm32f10x_tim.o(i.TIM_OC2PolarityConfig), (26 bytes).
    Removing stm32f10x_tim.o(i.TIM_OC2PreloadConfig), (26 bytes).
    Removing stm32f10x_tim.o(i.TIM_OC3FastConfig), (18 bytes).
    Removing stm32f10x_tim.o(i.TIM_OC3Init), (152 bytes).
    Removing stm32f10x_tim.o(i.TIM_OC3NPolarityConfig), (26 bytes).
    Removing stm32f10x_tim.o(i.TIM_OC3PolarityConfig), (26 bytes).
    Removing stm32f10x_tim.o(i.TIM_OC3PreloadConfig), (18 bytes).
    Removing stm32f10x_tim.o(i.TIM_OC4FastConfig), (26 bytes).
    Removing stm32f10x_tim.o(i.TIM_OC4Init), (116 bytes).
    Removing stm32f10x_tim.o(i.TIM_OC4PolarityConfig), (26 bytes).
    Removing stm32f10x_tim.o(i.TIM_OC4PreloadConfig), (26 bytes).
    Removing stm32f10x_tim.o(i.TIM_OCStructInit), (20 bytes).
    Removing stm32f10x_tim.o(i.TIM_PWMIConfig), (124 bytes).
    Removing stm32f10x_tim.o(i.TIM_PrescalerConfig), (6 bytes).
    Removing stm32f10x_tim.o(i.TIM_SelectCCDMA), (24 bytes).
    Removing stm32f10x_tim.o(i.TIM_SelectCOM), (24 bytes).
    Removing stm32f10x_tim.o(i.TIM_SelectHallSensor), (24 bytes).
    Removing stm32f10x_tim.o(i.TIM_SelectInputTrigger), (18 bytes).
    Removing stm32f10x_tim.o(i.TIM_SelectMasterSlaveMode), (18 bytes).
    Removing stm32f10x_tim.o(i.TIM_SelectOCxM), (86 bytes).
    Removing stm32f10x_tim.o(i.TIM_SelectOnePulseMode), (18 bytes).
    Removing stm32f10x_tim.o(i.TIM_SelectOutputTrigger), (18 bytes).
    Removing stm32f10x_tim.o(i.TIM_SelectSlaveMode), (18 bytes).
    Removing stm32f10x_tim.o(i.TIM_SetAutoreload), (4 bytes).
    Removing stm32f10x_tim.o(i.TIM_SetClockDivision), (14 bytes).
    Removing stm32f10x_tim.o(i.TIM_SetCompare1), (4 bytes).
    Removing stm32f10x_tim.o(i.TIM_SetCompare2), (4 bytes).
    Removing stm32f10x_tim.o(i.TIM_SetCompare3), (4 bytes).
    Removing stm32f10x_tim.o(i.TIM_SetCompare4), (6 bytes).
    Removing stm32f10x_tim.o(i.TIM_SetCounter), (4 bytes).
    Removing stm32f10x_tim.o(i.TIM_SetIC1Prescaler), (18 bytes).
    Removing stm32f10x_tim.o(i.TIM_SetIC2Prescaler), (26 bytes).
    Removing stm32f10x_tim.o(i.TIM_SetIC3Prescaler), (18 bytes).
    Removing stm32f10x_tim.o(i.TIM_SetIC4Prescaler), (26 bytes).
    Removing stm32f10x_tim.o(i.TIM_TIxExternalClockConfig), (62 bytes).
    Removing stm32f10x_tim.o(i.TIM_TimeBaseStructInit), (18 bytes).
    Removing stm32f10x_tim.o(i.TIM_UpdateDisableConfig), (24 bytes).
    Removing stm32f10x_tim.o(i.TIM_UpdateRequestConfig), (24 bytes).
    Removing stm32f10x_usart.o(i.USART_ClearITPendingBit), (30 bytes).
    Removing stm32f10x_usart.o(i.USART_ClockInit), (34 bytes).
    Removing stm32f10x_usart.o(i.USART_ClockStructInit), (12 bytes).
    Removing stm32f10x_usart.o(i.USART_DMACmd), (18 bytes).
    Removing stm32f10x_usart.o(i.USART_DeInit), (156 bytes).
    Removing stm32f10x_usart.o(i.USART_GetFlagStatus), (26 bytes).
    Removing stm32f10x_usart.o(i.USART_GetITStatus), (84 bytes).
    Removing stm32f10x_usart.o(i.USART_HalfDuplexCmd), (24 bytes).
    Removing stm32f10x_usart.o(i.USART_ITConfig), (74 bytes).
    Removing stm32f10x_usart.o(i.USART_IrDACmd), (24 bytes).
    Removing stm32f10x_usart.o(i.USART_IrDAConfig), (18 bytes).
    Removing stm32f10x_usart.o(i.USART_LINBreakDetectLengthConfig), (18 bytes).
    Removing stm32f10x_usart.o(i.USART_LINCmd), (24 bytes).
    Removing stm32f10x_usart.o(i.USART_ReceiveData), (10 bytes).
    Removing stm32f10x_usart.o(i.USART_ReceiverWakeUpCmd), (24 bytes).
    Removing stm32f10x_usart.o(i.USART_SendBreak), (10 bytes).
    Removing stm32f10x_usart.o(i.USART_SetAddress), (18 bytes).
    Removing stm32f10x_usart.o(i.USART_SetGuardTime), (16 bytes).
    Removing stm32f10x_usart.o(i.USART_SetPrescaler), (16 bytes).
    Removing stm32f10x_usart.o(i.USART_SmartCardCmd), (24 bytes).
    Removing stm32f10x_usart.o(i.USART_SmartCardNACKCmd), (24 bytes).
    Removing stm32f10x_usart.o(i.USART_StructInit), (24 bytes).
    Removing stm32f10x_usart.o(i.USART_WakeUpConfig), (18 bytes).
    Removing stm32f10x_i2c.o(i.I2C_ARPCmd), (24 bytes).
    Removing stm32f10x_i2c.o(i.I2C_AcknowledgeConfig), (24 bytes).
    Removing stm32f10x_i2c.o(i.I2C_CalculatePEC), (24 bytes).
    Removing stm32f10x_i2c.o(i.I2C_CheckEvent), (38 bytes).
    Removing stm32f10x_i2c.o(i.I2C_ClearFlag), (12 bytes).
    Removing stm32f10x_i2c.o(i.I2C_ClearITPendingBit), (12 bytes).
    Removing stm32f10x_i2c.o(i.I2C_Cmd), (24 bytes).
    Removing stm32f10x_i2c.o(i.I2C_DMACmd), (24 bytes).
    Removing stm32f10x_i2c.o(i.I2C_DMALastTransferCmd), (24 bytes).
    Removing stm32f10x_i2c.o(i.I2C_DeInit), (56 bytes).
    Removing stm32f10x_i2c.o(i.I2C_DualAddressCmd), (24 bytes).
    Removing stm32f10x_i2c.o(i.I2C_FastModeDutyCycleConfig), (28 bytes).
    Removing stm32f10x_i2c.o(i.I2C_GeneralCallCmd), (24 bytes).
    Removing stm32f10x_i2c.o(i.I2C_GenerateSTART), (24 bytes).
    Removing stm32f10x_i2c.o(i.I2C_GenerateSTOP), (24 bytes).
    Removing stm32f10x_i2c.o(i.I2C_GetFlagStatus), (58 bytes).
    Removing stm32f10x_i2c.o(i.I2C_GetITStatus), (38 bytes).
    Removing stm32f10x_i2c.o(i.I2C_GetLastEvent), (26 bytes).
    Removing stm32f10x_i2c.o(i.I2C_GetPEC), (8 bytes).
    Removing stm32f10x_i2c.o(i.I2C_ITConfig), (18 bytes).
    Removing stm32f10x_i2c.o(i.I2C_Init), (236 bytes).
    Removing stm32f10x_i2c.o(i.I2C_OwnAddress2Config), (22 bytes).
    Removing stm32f10x_i2c.o(i.I2C_PECPositionConfig), (28 bytes).
    Removing stm32f10x_i2c.o(i.I2C_ReadRegister), (22 bytes).
    Removing stm32f10x_i2c.o(i.I2C_ReceiveData), (8 bytes).
    Removing stm32f10x_i2c.o(i.I2C_SMBusAlertConfig), (28 bytes).
    Removing stm32f10x_i2c.o(i.I2C_Send7bitAddress), (18 bytes).
    Removing stm32f10x_i2c.o(i.I2C_SendData), (4 bytes).
    Removing stm32f10x_i2c.o(i.I2C_SoftwareResetCmd), (22 bytes).
    Removing stm32f10x_i2c.o(i.I2C_StretchClockCmd), (24 bytes).
    Removing stm32f10x_i2c.o(i.I2C_StructInit), (30 bytes).
    Removing stm32f10x_i2c.o(i.I2C_TransmitPEC), (24 bytes).
    Removing stm32f10x_dma.o(i.DMA_ClearFlag), (28 bytes).
    Removing stm32f10x_dma.o(i.DMA_ClearITPendingBit), (28 bytes).
    Removing stm32f10x_dma.o(i.DMA_Cmd), (22 bytes).
    Removing stm32f10x_dma.o(i.DMA_DeInit), (332 bytes).
    Removing stm32f10x_dma.o(i.DMA_GetCurrDataCounter), (8 bytes).
    Removing stm32f10x_dma.o(i.DMA_GetFlagStatus), (44 bytes).
    Removing stm32f10x_dma.o(i.DMA_GetITStatus), (44 bytes).
    Removing stm32f10x_dma.o(i.DMA_ITConfig), (18 bytes).
    Removing stm32f10x_dma.o(i.DMA_Init), (60 bytes).
    Removing stm32f10x_dma.o(i.DMA_StructInit), (26 bytes).
    Removing user_delay.o(.constdata), (6 bytes).
    Removing user_function.o(i.BlinkLeftToRight), (188 bytes).
    Removing user_function.o(i.BlinkRightToLeft), (188 bytes).
    Removing user_function.o(.constdata), (6 bytes).
    Removing user_function.o(.data), (10 bytes).
    Removing nokia_5110.o(i.LCDBitmap), (26 bytes).
    Removing nokia_5110.o(i.nDelay), (14 bytes).
    Removing nokia_5110.o(i.testLCD), (48 bytes).
    Removing nokia_5110.o(.data), (10 bytes).
    Removing sht31.o(i.SHT31_DMA_Config), (112 bytes).
    Removing sht31.o(i.SHT31_Init), (136 bytes).
    Removing sht31.o(i.SHT31_ReadTemp), (504 bytes).
    Removing sht31.o(.constdata), (6 bytes).
    Removing sht31.o(.data), (10 bytes).
    Removing myiic.o(i.IIC_Cmd_Write), (72 bytes).
    Removing myiic.o(i.IIC_WriteMulti), (94 bytes).
    Removing myiic.o(i.Read_IIC), (86 bytes).
    Removing myiic.o(.constdata), (6 bytes).
    Removing myiic.o(.data), (10 bytes).

228 unused section(s) (total 8894 bytes) removed from the image.

==============================================================================

Image Symbol Table

    Local Symbols

    Symbol Name                              Value     Ov Type        Size  Object(Section)

    ../clib/microlib/division.c              0x00000000   Number         0  uldiv.o ABSOLUTE
    ../clib/microlib/division.c              0x00000000   Number         0  uidiv.o ABSOLUTE
    ../clib/microlib/init/entry.s            0x00000000   Number         0  entry8b.o ABSOLUTE
    ../clib/microlib/init/entry.s            0x00000000   Number         0  entry9a.o ABSOLUTE
    ../clib/microlib/init/entry.s            0x00000000   Number         0  entry9b.o ABSOLUTE
    ../clib/microlib/init/entry.s            0x00000000   Number         0  entry10b.o ABSOLUTE
    ../clib/microlib/init/entry.s            0x00000000   Number         0  entry2.o ABSOLUTE
    ../clib/microlib/init/entry.s            0x00000000   Number         0  entry8a.o ABSOLUTE
    ../clib/microlib/init/entry.s            0x00000000   Number         0  entry11b.o ABSOLUTE
    ../clib/microlib/init/entry.s            0x00000000   Number         0  entry10a.o ABSOLUTE
    ../clib/microlib/init/entry.s            0x00000000   Number         0  entry11a.o ABSOLUTE
    ../clib/microlib/init/entry.s            0x00000000   Number         0  entry5.o ABSOLUTE
    ../clib/microlib/init/entry.s            0x00000000   Number         0  entry.o ABSOLUTE
    ../clib/microlib/init/entry.s            0x00000000   Number         0  entry7a.o ABSOLUTE
    ../clib/microlib/init/entry.s            0x00000000   Number         0  entry7b.o ABSOLUTE
    ../clib/microlib/longlong.c              0x00000000   Number         0  llushr.o ABSOLUTE
    ../clib/microlib/longlong.c              0x00000000   Number         0  llsshr.o ABSOLUTE
    ../clib/microlib/longlong.c              0x00000000   Number         0  llshl.o ABSOLUTE
    ../clib/microlib/printf/printf.c         0x00000000   Number         0  printf5.o ABSOLUTE
    ../clib/microlib/printf/printf.c         0x00000000   Number         0  printfa.o ABSOLUTE
    ../clib/microlib/printf/printf.c         0x00000000   Number         0  printf6.o ABSOLUTE
    ../clib/microlib/printf/printf.c         0x00000000   Number         0  printf4.o ABSOLUTE
    ../clib/microlib/printf/printf.c         0x00000000   Number         0  printf3.o ABSOLUTE
    ../clib/microlib/printf/printf.c         0x00000000   Number         0  printf7.o ABSOLUTE
    ../clib/microlib/printf/printf.c         0x00000000   Number         0  printf8.o ABSOLUTE
    ../clib/microlib/printf/printf.c         0x00000000   Number         0  printf1.o ABSOLUTE
    ../clib/microlib/printf/printf.c         0x00000000   Number         0  printf0.o ABSOLUTE
    ../clib/microlib/printf/printf.c         0x00000000   Number         0  printfb.o ABSOLUTE
    ../clib/microlib/printf/printf.c         0x00000000   Number         0  printf2.o ABSOLUTE
    ../clib/microlib/printf/stubs.s          0x00000000   Number         0  stubs.o ABSOLUTE
    ../clib/microlib/stdio/streams.c         0x00000000   Number         0  stdout.o ABSOLUTE
    ../clib/microlib/string/memcpy.c         0x00000000   Number         0  memcpya.o ABSOLUTE
    ../clib/microlib/string/memcpy.c         0x00000000   Number         0  memcpyb.o ABSOLUTE
    ../clib/microlib/string/strcat.c         0x00000000   Number         0  strcat.o ABSOLUTE
    ../clib/microlib/stubs.s                 0x00000000   Number         0  iusefp.o ABSOLUTE
    ../fplib/microlib/d2f.c                  0x00000000   Number         0  d2f.o ABSOLUTE
    ../fplib/microlib/f2d.c                  0x00000000   Number         0  f2d.o ABSOLUTE
    ../fplib/microlib/fpadd.c                0x00000000   Number         0  fadd.o ABSOLUTE
    ../fplib/microlib/fpadd.c                0x00000000   Number         0  dadd.o ABSOLUTE
    ../fplib/microlib/fpdiv.c                0x00000000   Number         0  fdiv.o ABSOLUTE
    ../fplib/microlib/fpdiv.c                0x00000000   Number         0  ddiv.o ABSOLUTE
    ../fplib/microlib/fpepilogue.c           0x00000000   Number         0  depilogue.o ABSOLUTE
    ../fplib/microlib/fpepilogue.c           0x00000000   Number         0  fepilogue.o ABSOLUTE
    ../fplib/microlib/fpfix.c                0x00000000   Number         0  dfixul.o ABSOLUTE
    ../fplib/microlib/fpflt.c                0x00000000   Number         0  fflti.o ABSOLUTE
    ../fplib/microlib/fpmul.c                0x00000000   Number         0  dmul.o ABSOLUTE
    ..\..\Libraries\CMSIS\CM3\CoreSupport\core_cm3.c 0x00000000   Number         0  core_cm3.o ABSOLUTE
    ..\..\Libraries\CMSIS\CM3\DeviceSupport\ST\STM32F10x\startup\arm\startup_stm32f10x_md.s 0x00000000   Number         0  startup_stm32f10x_md.o ABSOLUTE
    ..\..\Libraries\CMSIS\CM3\DeviceSupport\ST\STM32F10x\system_stm32f10x.c 0x00000000   Number         0  system_stm32f10x.o ABSOLUTE
    ..\..\Libraries\STM32F10x_StdPeriph_Driver\src\misc.c 0x00000000   Number         0  misc.o ABSOLUTE
    ..\..\Libraries\STM32F10x_StdPeriph_Driver\src\stm32f10x_dma.c 0x00000000   Number         0  stm32f10x_dma.o ABSOLUTE
    ..\..\Libraries\STM32F10x_StdPeriph_Driver\src\stm32f10x_exti.c 0x00000000   Number         0  stm32f10x_exti.o ABSOLUTE
    ..\..\Libraries\STM32F10x_StdPeriph_Driver\src\stm32f10x_gpio.c 0x00000000   Number         0  stm32f10x_gpio.o ABSOLUTE
    ..\..\Libraries\STM32F10x_StdPeriph_Driver\src\stm32f10x_i2c.c 0x00000000   Number         0  stm32f10x_i2c.o ABSOLUTE
    ..\..\Libraries\STM32F10x_StdPeriph_Driver\src\stm32f10x_rcc.c 0x00000000   Number         0  stm32f10x_rcc.o ABSOLUTE
    ..\..\Libraries\STM32F10x_StdPeriph_Driver\src\stm32f10x_tim.c 0x00000000   Number         0  stm32f10x_tim.o ABSOLUTE
    ..\..\Libraries\STM32F10x_StdPeriph_Driver\src\stm32f10x_usart.c 0x00000000   Number         0  stm32f10x_usart.o ABSOLUTE
    ..\SHT31.c                               0x00000000   Number         0  sht31.o ABSOLUTE
    ..\User_Function.c                       0x00000000   Number         0  user_function.o ABSOLUTE
    ..\\..\\Libraries\\CMSIS\\CM3\\CoreSupport\\core_cm3.c 0x00000000   Number         0  core_cm3.o ABSOLUTE
    ..\main.c                                0x00000000   Number         0  main.o ABSOLUTE
    ..\myiic.c                               0x00000000   Number         0  myiic.o ABSOLUTE
    ..\nokia_5110.c                          0x00000000   Number         0  nokia_5110.o ABSOLUTE
    ..\stm32f10x_it.c                        0x00000000   Number         0  stm32f10x_it.o ABSOLUTE
    ..\user_delay.c                          0x00000000   Number         0  user_delay.o ABSOLUTE
    cdrcmple.s                               0x00000000   Number         0  cdrcmple.o ABSOLUTE
    cfcmple.s                                0x00000000   Number         0  cfcmple.o ABSOLUTE
    cfrcmple.s                               0x00000000   Number         0  cfrcmple.o ABSOLUTE
    dc.s                                     0x00000000   Number         0  dc.o ABSOLUTE
    handlers.s                               0x00000000   Number         0  handlers.o ABSOLUTE
    init.s                                   0x00000000   Number         0  init.o ABSOLUTE
    RESET                                    0x08000000   Section      236  startup_stm32f10x_md.o(RESET)
    .ARM.Collect$$$$00000000                 0x080000ec   Section        0  entry.o(.ARM.Collect$$$$00000000)
    .ARM.Collect$$$$00000001                 0x080000ec   Section        4  entry2.o(.ARM.Collect$$$$00000001)
    .ARM.Collect$$$$00000004                 0x080000f0   Section        4  entry5.o(.ARM.Collect$$$$00000004)
    .ARM.Collect$$$$00000008                 0x080000f4   Section        0  entry7b.o(.ARM.Collect$$$$00000008)
    .ARM.Collect$$$$0000000A                 0x080000f4   Section        0  entry8b.o(.ARM.Collect$$$$0000000A)
    .ARM.Collect$$$$0000000B                 0x080000f4   Section        8  entry9a.o(.ARM.Collect$$$$0000000B)
    .ARM.Collect$$$$0000000D                 0x080000fc   Section        0  entry10a.o(.ARM.Collect$$$$0000000D)
    .ARM.Collect$$$$0000000F                 0x080000fc   Section        0  entry11a.o(.ARM.Collect$$$$0000000F)
    .ARM.Collect$$$$00002712                 0x080000fc   Section        4  entry2.o(.ARM.Collect$$$$00002712)
    __lit__00000000                          0x080000fc   Data           4  entry2.o(.ARM.Collect$$$$00002712)
    .text                                    0x08000100   Section       36  startup_stm32f10x_md.o(.text)
    .text                                    0x08000124   Section        0  memcpya.o(.text)
    .text                                    0x08000148   Section        0  strcat.o(.text)
    .text                                    0x08000160   Section        0  fadd.o(.text)
    .text                                    0x08000210   Section        0  fdiv.o(.text)
    .text                                    0x0800028c   Section        0  dadd.o(.text)
    .text                                    0x080003da   Section        0  fflti.o(.text)
    .text                                    0x080003ec   Section        0  f2d.o(.text)
    .text                                    0x08000412   Section        0  d2f.o(.text)
    .text                                    0x0800044c   Section       20  cfcmple.o(.text)
    .text                                    0x08000460   Section       20  cfrcmple.o(.text)
    .text                                    0x08000474   Section        0  uidiv.o(.text)
    .text                                    0x080004a0   Section        0  uldiv.o(.text)
    .text                                    0x08000502   Section        0  llshl.o(.text)
    .text                                    0x08000520   Section        0  llsshr.o(.text)
    .text                                    0x08000544   Section        0  fepilogue.o(.text)
    .text                                    0x08000544   Section        0  iusefp.o(.text)
    .text                                    0x080005b2   Section        0  depilogue.o(.text)
    .text                                    0x0800066c   Section        0  dmul.o(.text)
    .text                                    0x08000750   Section        0  ddiv.o(.text)
    .text                                    0x0800082e   Section        0  dfixul.o(.text)
    .text                                    0x08000860   Section       48  cdrcmple.o(.text)
    .text                                    0x08000890   Section       36  init.o(.text)
    .text                                    0x080008b4   Section        0  llushr.o(.text)
    i.BusFault_Handler                       0x080008d4   Section        0  stm32f10x_it.o(i.BusFault_Handler)
    i.DebugMon_Handler                       0x080008d6   Section        0  stm32f10x_it.o(i.DebugMon_Handler)
    i.EXTI9_5_IRQHandler                     0x080008d8   Section        0  stm32f10x_it.o(i.EXTI9_5_IRQHandler)
    i.EXTI_ClearITPendingBit                 0x080009ec   Section        0  stm32f10x_exti.o(i.EXTI_ClearITPendingBit)
    i.EXTI_GetITStatus                       0x080009f8   Section        0  stm32f10x_exti.o(i.EXTI_GetITStatus)
    i.EXTI_Init                              0x08000a20   Section        0  stm32f10x_exti.o(i.EXTI_Init)
    i.GPIO_EXTILineConfig                    0x08000ab4   Section        0  stm32f10x_gpio.o(i.GPIO_EXTILineConfig)
    i.GPIO_Init                              0x08000af4   Section        0  stm32f10x_gpio.o(i.GPIO_Init)
    i.GPIO_ReadInputDataBit                  0x08000c0a   Section        0  stm32f10x_gpio.o(i.GPIO_ReadInputDataBit)
    i.GPIO_ResetBits                         0x08000c1c   Section        0  stm32f10x_gpio.o(i.GPIO_ResetBits)
    i.GPIO_SetBits                           0x08000c20   Section        0  stm32f10x_gpio.o(i.GPIO_SetBits)
    i.HardFault_Handler                      0x08000c24   Section        0  stm32f10x_it.o(i.HardFault_Handler)
    i.IIC_Ack                                0x08000c28   Section        0  myiic.o(i.IIC_Ack)
    i.IIC_Init                               0x08000c78   Section        0  myiic.o(i.IIC_Init)
    i.IIC_NAck                               0x08000cc0   Section        0  myiic.o(i.IIC_NAck)
    i.IIC_ReadMulti                          0x08000d10   Section        0  myiic.o(i.IIC_ReadMulti)
    i.IIC_Read_Byte                          0x08000d84   Section        0  myiic.o(i.IIC_Read_Byte)
    i.IIC_Send_Byte                          0x08000df4   Section        0  myiic.o(i.IIC_Send_Byte)
    i.IIC_Start                              0x08000e54   Section        0  myiic.o(i.IIC_Start)
    i.IIC_Stop                               0x08000ea4   Section        0  myiic.o(i.IIC_Stop)
    i.IIC_Wait_Ack                           0x08000ef0   Section        0  myiic.o(i.IIC_Wait_Ack)
    i.IIC_Write                              0x08000f54   Section        0  myiic.o(i.IIC_Write)
    i.Init_BT_ExInterrupt                    0x08000fac   Section        0  user_function.o(i.Init_BT_ExInterrupt)
    i.Init_GPIO                              0x08001014   Section        0  user_function.o(i.Init_GPIO)
    i.Init_Timer_2                           0x08001046   Section        0  user_function.o(i.Init_Timer_2)
    i.LCDCharacter                           0x08001094   Section        0  nokia_5110.o(i.LCDCharacter)
    i.LCDClear                               0x080010cc   Section        0  nokia_5110.o(i.LCDClear)
    i.LCDInit                                0x080010ec   Section        0  nokia_5110.o(i.LCDInit)
    i.LCDString                              0x08001170   Section        0  nokia_5110.o(i.LCDString)
    i.LCDWrite                               0x08001188   Section        0  nokia_5110.o(i.LCDWrite)
    i.LCD_GPIO_Init                          0x080011c8   Section        0  nokia_5110.o(i.LCD_GPIO_Init)
    i.LCD_Interface                          0x08001264   Section        0  main.o(i.LCD_Interface)
    i.MemManage_Handler                      0x080013b4   Section        0  stm32f10x_it.o(i.MemManage_Handler)
    i.NMI_Handler                            0x080013b8   Section        0  stm32f10x_it.o(i.NMI_Handler)
    i.NVIC_Init                              0x080013bc   Section        0  misc.o(i.NVIC_Init)
    i.NVIC_PriorityGroupConfig               0x0800142c   Section        0  misc.o(i.NVIC_PriorityGroupConfig)
    i.PendSV_Handler                         0x08001440   Section        0  stm32f10x_it.o(i.PendSV_Handler)
    i.RCC_APB1PeriphClockCmd                 0x08001444   Section        0  stm32f10x_rcc.o(i.RCC_APB1PeriphClockCmd)
    i.RCC_APB2PeriphClockCmd                 0x08001464   Section        0  stm32f10x_rcc.o(i.RCC_APB2PeriphClockCmd)
    i.RCC_GetClocksFreq                      0x08001484   Section        0  stm32f10x_rcc.o(i.RCC_GetClocksFreq)
    i.SHT31_GetData                          0x08001558   Section        0  main.o(i.SHT31_GetData)
    i.SHT31_TempThreshHold                   0x080015dc   Section        0  main.o(i.SHT31_TempThreshHold)
    i.SVC_Handler                            0x08001754   Section        0  stm32f10x_it.o(i.SVC_Handler)
    i.SetSysClock                            0x08001756   Section        0  system_stm32f10x.o(i.SetSysClock)
    SetSysClock                              0x08001757   Thumb Code     8  system_stm32f10x.o(i.SetSysClock)
    i.SetSysClockTo72                        0x08001760   Section        0  system_stm32f10x.o(i.SetSysClockTo72)
    SetSysClockTo72                          0x08001761   Thumb Code   220  system_stm32f10x.o(i.SetSysClockTo72)
    i.SysTick_Handler                        0x08001844   Section        0  stm32f10x_it.o(i.SysTick_Handler)
    i.SystemInit                             0x08001848   Section        0  system_stm32f10x.o(i.SystemInit)
    i.TIM2_IRQHandler                        0x0800189c   Section        0  stm32f10x_it.o(i.TIM2_IRQHandler)
    i.TIM_ClearITPendingBit                  0x0800190c   Section        0  stm32f10x_tim.o(i.TIM_ClearITPendingBit)
    i.TIM_Cmd                                0x08001912   Section        0  stm32f10x_tim.o(i.TIM_Cmd)
    i.TIM_GetITStatus                        0x0800192a   Section        0  stm32f10x_tim.o(i.TIM_GetITStatus)
    i.TIM_ITConfig                           0x0800194c   Section        0  stm32f10x_tim.o(i.TIM_ITConfig)
    i.TIM_TimeBaseInit                       0x08001960   Section        0  stm32f10x_tim.o(i.TIM_TimeBaseInit)
    i.USART1_Configuration                   0x0800199c   Section        0  main.o(i.USART1_Configuration)
    i.USART2_Configuration                   0x08001a24   Section        0  main.o(i.USART2_Configuration)
    i.USART2_IRQHandler                      0x08001aa8   Section        0  stm32f10x_it.o(i.USART2_IRQHandler)
    i.USART3_Configuration                   0x08001aac   Section        0  main.o(i.USART3_Configuration)
    i.USART_ClearFlag                        0x08001b34   Section        0  stm32f10x_usart.o(i.USART_ClearFlag)
    i.USART_Cmd                              0x08001b46   Section        0  stm32f10x_usart.o(i.USART_Cmd)
    i.USART_Init                             0x08001b60   Section        0  stm32f10x_usart.o(i.USART_Init)
    i.USART_SendData                         0x08001c00   Section        0  stm32f10x_usart.o(i.USART_SendData)
    i.UsageFault_Handler                     0x08001c08   Section        0  stm32f10x_it.o(i.UsageFault_Handler)
    i.__0sprintf                             0x08001c0c   Section        0  printfa.o(i.__0sprintf)
    i.__scatterload_copy                     0x08001c34   Section       14  handlers.o(i.__scatterload_copy)
    i.__scatterload_null                     0x08001c42   Section        2  handlers.o(i.__scatterload_null)
    i.__scatterload_zeroinit                 0x08001c44   Section       14  handlers.o(i.__scatterload_zeroinit)
    i._fp_digits                             0x08001c54   Section        0  printfa.o(i._fp_digits)
    _fp_digits                               0x08001c55   Thumb Code   366  printfa.o(i._fp_digits)
    i._printf_core                           0x08001dd8   Section        0  printfa.o(i._printf_core)
    _printf_core                             0x08001dd9   Thumb Code  1744  printfa.o(i._printf_core)
    i._printf_post_padding                   0x080024b4   Section        0  printfa.o(i._printf_post_padding)
    _printf_post_padding                     0x080024b5   Thumb Code    36  printfa.o(i._printf_post_padding)
    i._printf_pre_padding                    0x080024d8   Section        0  printfa.o(i._printf_pre_padding)
    _printf_pre_padding                      0x080024d9   Thumb Code    46  printfa.o(i._printf_pre_padding)
    i._sputc                                 0x08002506   Section        0  printfa.o(i._sputc)
    _sputc                                   0x08002507   Thumb Code    10  printfa.o(i._sputc)
    i.delay_init                             0x08002510   Section        0  user_delay.o(i.delay_init)
    i.delay_ms                               0x08002550   Section        0  user_delay.o(i.delay_ms)
    i.delay_us                               0x0800258c   Section        0  user_delay.o(i.delay_us)
    i.gotoXY                                 0x080025c8   Section        0  nokia_5110.o(i.gotoXY)
    i.main                                   0x080025e8   Section        0  main.o(i.main)
    i.shiftOut                               0x08002718   Section        0  nokia_5110.o(i.shiftOut)
    .constdata                               0x08002774   Section       72  main.o(.constdata)
    LOW_REPEATABILITY_CLOCK_STRETCHING_ENABLE 0x08002774   Data           2  main.o(.constdata)
    HIGH_REPEATABILITY_CLOCK_STRETCHING_ENABLE 0x08002776   Data           2  main.o(.constdata)
    HIGH_REPEATABILITY_CLOCK_STRETCHING_DISABLE 0x08002778   Data           2  main.o(.constdata)
    .constdata                               0x080027bc   Section      486  nokia_5110.o(.constdata)
    LOW_REPEATABILITY_CLOCK_STRETCHING_ENABLE 0x080027bc   Data           2  nokia_5110.o(.constdata)
    HIGH_REPEATABILITY_CLOCK_STRETCHING_ENABLE 0x080027be   Data           2  nokia_5110.o(.constdata)
    HIGH_REPEATABILITY_CLOCK_STRETCHING_DISABLE 0x080027c0   Data           2  nokia_5110.o(.constdata)
    ASCII                                    0x080027c2   Data         480  nokia_5110.o(.constdata)
    .data                                    0x20000000   Section        4  system_stm32f10x.o(.data)
    .data                                    0x20000004   Section       35  main.o(.data)
    SHT31_Timeout                            0x20000004   Data           4  main.o(.data)
    SHT31_BufferRX                           0x20000008   Data           6  main.o(.data)
    alert_state                              0x20000026   Data           1  main.o(.data)
    .data                                    0x20000028   Section       24  stm32f10x_it.o(.data)
    SHT31_Timeout                            0x20000028   Data           4  stm32f10x_it.o(.data)
    SHT31_BufferRX                           0x2000002c   Data           6  stm32f10x_it.o(.data)
    usTicks                                  0x20000034   Data           4  stm32f10x_it.o(.data)
    tim_state                                0x20000038   Data           4  stm32f10x_it.o(.data)
    tim2_count                               0x2000003c   Data           4  stm32f10x_it.o(.data)
    .data                                    0x20000040   Section       20  stm32f10x_rcc.o(.data)
    APBAHBPrescTable                         0x20000040   Data          16  stm32f10x_rcc.o(.data)
    ADCPrescTable                            0x20000050   Data           4  stm32f10x_rcc.o(.data)
    .data                                    0x20000054   Section       14  user_delay.o(.data)
    SHT31_Timeout                            0x20000054   Data           4  user_delay.o(.data)
    SHT31_BufferRX                           0x20000058   Data           6  user_delay.o(.data)
    fac_us                                   0x2000005e   Data           1  user_delay.o(.data)
    fac_ms                                   0x20000060   Data           2  user_delay.o(.data)
    .bss                                     0x20000064   Section       10  main.o(.bss)
    STACK                                    0x20000070   Section     1024  startup_stm32f10x_md.o(STACK)

    Global Symbols

    Symbol Name                              Value     Ov Type        Size  Object(Section)

    BuildAttributes$$THM_ISAv4$P$D$K$B$S$PE$A:L22UL41UL21$X:L11$S22US41US21$IEEE1$IW$USESV6$~STKCKD$USESV7$~SHL$OTIME$ROPI$EBA8$MICROLIB$REQ8$PRES8$EABIv2 0x00000000   Number         0  anon$$obj.o ABSOLUTE
    __ARM_use_no_argv                        0x00000000   Number         0  main.o ABSOLUTE
    _printf_a                                0x00000000   Number         0  stubs.o ABSOLUTE
    _printf_c                                0x00000000   Number         0  stubs.o ABSOLUTE
    _printf_charcount                        0x00000000   Number         0  stubs.o ABSOLUTE
    _printf_d                                0x00000000   Number         0  stubs.o ABSOLUTE
    _printf_e                                0x00000000   Number         0  stubs.o ABSOLUTE
    _printf_f                                0x00000000   Number         0  stubs.o ABSOLUTE
    _printf_flags                            0x00000000   Number         0  stubs.o ABSOLUTE
    _printf_fp_dec                           0x00000000   Number         0  stubs.o ABSOLUTE
    _printf_fp_hex                           0x00000000   Number         0  stubs.o ABSOLUTE
    _printf_g                                0x00000000   Number         0  stubs.o ABSOLUTE
    _printf_i                                0x00000000   Number         0  stubs.o ABSOLUTE
    _printf_int_dec                          0x00000000   Number         0  stubs.o ABSOLUTE
    _printf_l                                0x00000000   Number         0  stubs.o ABSOLUTE
    _printf_lc                               0x00000000   Number         0  stubs.o ABSOLUTE
    _printf_ll                               0x00000000   Number         0  stubs.o ABSOLUTE
    _printf_lld                              0x00000000   Number         0  stubs.o ABSOLUTE
    _printf_lli                              0x00000000   Number         0  stubs.o ABSOLUTE
    _printf_llo                              0x00000000   Number         0  stubs.o ABSOLUTE
    _printf_llu                              0x00000000   Number         0  stubs.o ABSOLUTE
    _printf_llx                              0x00000000   Number         0  stubs.o ABSOLUTE
    _printf_longlong_dec                     0x00000000   Number         0  stubs.o ABSOLUTE
    _printf_longlong_hex                     0x00000000   Number         0  stubs.o ABSOLUTE
    _printf_longlong_oct                     0x00000000   Number         0  stubs.o ABSOLUTE
    _printf_ls                               0x00000000   Number         0  stubs.o ABSOLUTE
    _printf_mbtowc                           0x00000000   Number         0  stubs.o ABSOLUTE
    _printf_n                                0x00000000   Number         0  stubs.o ABSOLUTE
    _printf_o                                0x00000000   Number         0  stubs.o ABSOLUTE
    _printf_p                                0x00000000   Number         0  stubs.o ABSOLUTE
    _printf_percent                          0x00000000   Number         0  stubs.o ABSOLUTE
    _printf_pre_padding                      0x00000000   Number         0  stubs.o ABSOLUTE
    _printf_return_value                     0x00000000   Number         0  stubs.o ABSOLUTE
    _printf_s                                0x00000000   Number         0  stubs.o ABSOLUTE
    _printf_sizespec                         0x00000000   Number         0  stubs.o ABSOLUTE
    _printf_str                              0x00000000   Number         0  stubs.o ABSOLUTE
    _printf_truncate_signed                  0x00000000   Number         0  stubs.o ABSOLUTE
    _printf_truncate_unsigned                0x00000000   Number         0  stubs.o ABSOLUTE
    _printf_u                                0x00000000   Number         0  stubs.o ABSOLUTE
    _printf_wc                               0x00000000   Number         0  stubs.o ABSOLUTE
    _printf_wctomb                           0x00000000   Number         0  stubs.o ABSOLUTE
    _printf_widthprec                        0x00000000   Number         0  stubs.o ABSOLUTE
    _printf_x                                0x00000000   Number         0  stubs.o ABSOLUTE
    __cpp_initialize__aeabi_                  - Undefined Weak Reference
    __cxa_finalize                            - Undefined Weak Reference
    __decompress                              - Undefined Weak Reference
    _clock_init                               - Undefined Weak Reference
    _microlib_exit                            - Undefined Weak Reference
    __Vectors_Size                           0x000000ec   Number         0  startup_stm32f10x_md.o ABSOLUTE
    __Vectors                                0x08000000   Data           4  startup_stm32f10x_md.o(RESET)
    __Vectors_End                            0x080000ec   Data           0  startup_stm32f10x_md.o(RESET)
    __main                                   0x080000ed   Thumb Code     0  entry.o(.ARM.Collect$$$$00000000)
    _main_stk                                0x080000ed   Thumb Code     0  entry2.o(.ARM.Collect$$$$00000001)
    _main_scatterload                        0x080000f1   Thumb Code     0  entry5.o(.ARM.Collect$$$$00000004)
    __main_after_scatterload                 0x080000f5   Thumb Code     0  entry5.o(.ARM.Collect$$$$00000004)
    _main_clock                              0x080000f5   Thumb Code     0  entry7b.o(.ARM.Collect$$$$00000008)
    _main_cpp_init                           0x080000f5   Thumb Code     0  entry8b.o(.ARM.Collect$$$$0000000A)
    _main_init                               0x080000f5   Thumb Code     0  entry9a.o(.ARM.Collect$$$$0000000B)
    __rt_final_cpp                           0x080000fd   Thumb Code     0  entry10a.o(.ARM.Collect$$$$0000000D)
    __rt_final_exit                          0x080000fd   Thumb Code     0  entry11a.o(.ARM.Collect$$$$0000000F)
    Reset_Handler                            0x08000101   Thumb Code     8  startup_stm32f10x_md.o(.text)
    ADC1_2_IRQHandler                        0x0800011b   Thumb Code     0  startup_stm32f10x_md.o(.text)
    CAN1_RX1_IRQHandler                      0x0800011b   Thumb Code     0  startup_stm32f10x_md.o(.text)
    CAN1_SCE_IRQHandler                      0x0800011b   Thumb Code     0  startup_stm32f10x_md.o(.text)
    DMA1_Channel1_IRQHandler                 0x0800011b   Thumb Code     0  startup_stm32f10x_md.o(.text)
    DMA1_Channel2_IRQHandler                 0x0800011b   Thumb Code     0  startup_stm32f10x_md.o(.text)
    DMA1_Channel3_IRQHandler                 0x0800011b   Thumb Code     0  startup_stm32f10x_md.o(.text)
    DMA1_Channel4_IRQHandler                 0x0800011b   Thumb Code     0  startup_stm32f10x_md.o(.text)
    DMA1_Channel5_IRQHandler                 0x0800011b   Thumb Code     0  startup_stm32f10x_md.o(.text)
    DMA1_Channel6_IRQHandler                 0x0800011b   Thumb Code     0  startup_stm32f10x_md.o(.text)
    DMA1_Channel7_IRQHandler                 0x0800011b   Thumb Code     0  startup_stm32f10x_md.o(.text)
    EXTI0_IRQHandler                         0x0800011b   Thumb Code     0  startup_stm32f10x_md.o(.text)
    EXTI15_10_IRQHandler                     0x0800011b   Thumb Code     0  startup_stm32f10x_md.o(.text)
    EXTI1_IRQHandler                         0x0800011b   Thumb Code     0  startup_stm32f10x_md.o(.text)
    EXTI2_IRQHandler                         0x0800011b   Thumb Code     0  startup_stm32f10x_md.o(.text)
    EXTI3_IRQHandler                         0x0800011b   Thumb Code     0  startup_stm32f10x_md.o(.text)
    EXTI4_IRQHandler                         0x0800011b   Thumb Code     0  startup_stm32f10x_md.o(.text)
    FLASH_IRQHandler                         0x0800011b   Thumb Code     0  startup_stm32f10x_md.o(.text)
    I2C1_ER_IRQHandler                       0x0800011b   Thumb Code     0  startup_stm32f10x_md.o(.text)
    I2C1_EV_IRQHandler                       0x0800011b   Thumb Code     0  startup_stm32f10x_md.o(.text)
    I2C2_ER_IRQHandler                       0x0800011b   Thumb Code     0  startup_stm32f10x_md.o(.text)
    I2C2_EV_IRQHandler                       0x0800011b   Thumb Code     0  startup_stm32f10x_md.o(.text)
    PVD_IRQHandler                           0x0800011b   Thumb Code     0  startup_stm32f10x_md.o(.text)
    RCC_IRQHandler                           0x0800011b   Thumb Code     0  startup_stm32f10x_md.o(.text)
    RTCAlarm_IRQHandler                      0x0800011b   Thumb Code     0  startup_stm32f10x_md.o(.text)
    RTC_IRQHandler                           0x0800011b   Thumb Code     0  startup_stm32f10x_md.o(.text)
    SPI1_IRQHandler                          0x0800011b   Thumb Code     0  startup_stm32f10x_md.o(.text)
    SPI2_IRQHandler                          0x0800011b   Thumb Code     0  startup_stm32f10x_md.o(.text)
    TAMPER_IRQHandler                        0x0800011b   Thumb Code     0  startup_stm32f10x_md.o(.text)
    TIM1_BRK_IRQHandler                      0x0800011b   Thumb Code     0  startup_stm32f10x_md.o(.text)
    TIM1_CC_IRQHandler                       0x0800011b   Thumb Code     0  startup_stm32f10x_md.o(.text)
    TIM1_TRG_COM_IRQHandler                  0x0800011b   Thumb Code     0  startup_stm32f10x_md.o(.text)
    TIM1_UP_IRQHandler                       0x0800011b   Thumb Code     0  startup_stm32f10x_md.o(.text)
    TIM3_IRQHandler                          0x0800011b   Thumb Code     0  startup_stm32f10x_md.o(.text)
    TIM4_IRQHandler                          0x0800011b   Thumb Code     0  startup_stm32f10x_md.o(.text)
    USART1_IRQHandler                        0x0800011b   Thumb Code     0  startup_stm32f10x_md.o(.text)
    USART3_IRQHandler                        0x0800011b   Thumb Code     0  startup_stm32f10x_md.o(.text)
    USBWakeUp_IRQHandler                     0x0800011b   Thumb Code     0  startup_stm32f10x_md.o(.text)
    USB_HP_CAN1_TX_IRQHandler                0x0800011b   Thumb Code     0  startup_stm32f10x_md.o(.text)
    USB_LP_CAN1_RX0_IRQHandler               0x0800011b   Thumb Code     0  startup_stm32f10x_md.o(.text)
    WWDG_IRQHandler                          0x0800011b   Thumb Code     0  startup_stm32f10x_md.o(.text)
    __aeabi_memcpy                           0x08000125   Thumb Code    36  memcpya.o(.text)
    __aeabi_memcpy4                          0x08000125   Thumb Code     0  memcpya.o(.text)
    __aeabi_memcpy8                          0x08000125   Thumb Code     0  memcpya.o(.text)
    strcat                                   0x08000149   Thumb Code    24  strcat.o(.text)
    __aeabi_fadd                             0x08000161   Thumb Code   164  fadd.o(.text)
    __aeabi_fsub                             0x08000205   Thumb Code     6  fadd.o(.text)
    __aeabi_frsub                            0x0800020b   Thumb Code     6  fadd.o(.text)
    __aeabi_fdiv                             0x08000211   Thumb Code   124  fdiv.o(.text)
    __aeabi_dadd                             0x0800028d   Thumb Code   322  dadd.o(.text)
    __aeabi_dsub                             0x080003cf   Thumb Code     6  dadd.o(.text)
    __aeabi_drsub                            0x080003d5   Thumb Code     6  dadd.o(.text)
    __aeabi_i2f                              0x080003db   Thumb Code    18  fflti.o(.text)
    __aeabi_f2d                              0x080003ed   Thumb Code    38  f2d.o(.text)
    __aeabi_d2f                              0x08000413   Thumb Code    56  d2f.o(.text)
    __aeabi_cfcmpeq                          0x0800044d   Thumb Code     0  cfcmple.o(.text)
    __aeabi_cfcmple                          0x0800044d   Thumb Code    20  cfcmple.o(.text)
    __aeabi_cfrcmple                         0x08000461   Thumb Code    20  cfrcmple.o(.text)
    __aeabi_uidiv                            0x08000475   Thumb Code     0  uidiv.o(.text)
    __aeabi_uidivmod                         0x08000475   Thumb Code    44  uidiv.o(.text)
    __aeabi_uldivmod                         0x080004a1   Thumb Code    98  uldiv.o(.text)
    __aeabi_llsl                             0x08000503   Thumb Code    30  llshl.o(.text)
    _ll_shift_l                              0x08000503   Thumb Code     0  llshl.o(.text)
    __aeabi_lasr                             0x08000521   Thumb Code    36  llsshr.o(.text)
    _ll_sshift_r                             0x08000521   Thumb Code     0  llsshr.o(.text)
    __I$use$fp                               0x08000545   Thumb Code     0  iusefp.o(.text)
    _float_round                             0x08000545   Thumb Code    18  fepilogue.o(.text)
    _float_epilogue                          0x08000557   Thumb Code    92  fepilogue.o(.text)
    _double_round                            0x080005b3   Thumb Code    30  depilogue.o(.text)
    _double_epilogue                         0x080005d1   Thumb Code   156  depilogue.o(.text)
    __aeabi_dmul                             0x0800066d   Thumb Code   228  dmul.o(.text)
    __aeabi_ddiv                             0x08000751   Thumb Code   222  ddiv.o(.text)
    __aeabi_d2ulz                            0x0800082f   Thumb Code    48  dfixul.o(.text)
    __aeabi_cdrcmple                         0x08000861   Thumb Code    48  cdrcmple.o(.text)
    __scatterload                            0x08000891   Thumb Code    28  init.o(.text)
    __scatterload_rt2                        0x08000891   Thumb Code     0  init.o(.text)
    __aeabi_llsr                             0x080008b5   Thumb Code    32  llushr.o(.text)
    _ll_ushift_r                             0x080008b5   Thumb Code     0  llushr.o(.text)
    BusFault_Handler                         0x080008d5   Thumb Code     2  stm32f10x_it.o(i.BusFault_Handler)
    DebugMon_Handler                         0x080008d7   Thumb Code     2  stm32f10x_it.o(i.DebugMon_Handler)
    EXTI9_5_IRQHandler                       0x080008d9   Thumb Code   246  stm32f10x_it.o(i.EXTI9_5_IRQHandler)
    EXTI_ClearITPendingBit                   0x080009ed   Thumb Code     6  stm32f10x_exti.o(i.EXTI_ClearITPendingBit)
    EXTI_GetITStatus                         0x080009f9   Thumb Code    34  stm32f10x_exti.o(i.EXTI_GetITStatus)
    EXTI_Init                                0x08000a21   Thumb Code   142  stm32f10x_exti.o(i.EXTI_Init)
    GPIO_EXTILineConfig                      0x08000ab5   Thumb Code    60  stm32f10x_gpio.o(i.GPIO_EXTILineConfig)
    GPIO_Init                                0x08000af5   Thumb Code   278  stm32f10x_gpio.o(i.GPIO_Init)
    GPIO_ReadInputDataBit                    0x08000c0b   Thumb Code    18  stm32f10x_gpio.o(i.GPIO_ReadInputDataBit)
    GPIO_ResetBits                           0x08000c1d   Thumb Code     4  stm32f10x_gpio.o(i.GPIO_ResetBits)
    GPIO_SetBits                             0x08000c21   Thumb Code     4  stm32f10x_gpio.o(i.GPIO_SetBits)
    HardFault_Handler                        0x08000c25   Thumb Code     4  stm32f10x_it.o(i.HardFault_Handler)
    IIC_Ack                                  0x08000c29   Thumb Code    66  myiic.o(i.IIC_Ack)
    IIC_Init                                 0x08000c79   Thumb Code    54  myiic.o(i.IIC_Init)
    IIC_NAck                                 0x08000cc1   Thumb Code    66  myiic.o(i.IIC_NAck)
    IIC_ReadMulti                            0x08000d11   Thumb Code   114  myiic.o(i.IIC_ReadMulti)
    IIC_Read_Byte                            0x08000d85   Thumb Code    98  myiic.o(i.IIC_Read_Byte)
    IIC_Send_Byte                            0x08000df5   Thumb Code    84  myiic.o(i.IIC_Send_Byte)
    IIC_Start                                0x08000e55   Thumb Code    66  myiic.o(i.IIC_Start)
    IIC_Stop                                 0x08000ea5   Thumb Code    64  myiic.o(i.IIC_Stop)
    IIC_Wait_Ack                             0x08000ef1   Thumb Code    86  myiic.o(i.IIC_Wait_Ack)
    IIC_Write                                0x08000f55   Thumb Code    86  myiic.o(i.IIC_Write)
    Init_BT_ExInterrupt                      0x08000fad   Thumb Code   100  user_function.o(i.Init_BT_ExInterrupt)
    Init_GPIO                                0x08001015   Thumb Code    50  user_function.o(i.Init_GPIO)
    Init_Timer_2                             0x08001047   Thumb Code    78  user_function.o(i.Init_Timer_2)
    LCDCharacter                             0x08001095   Thumb Code    52  nokia_5110.o(i.LCDCharacter)
    LCDClear                                 0x080010cd   Thumb Code    32  nokia_5110.o(i.LCDClear)
    LCDInit                                  0x080010ed   Thumb Code   124  nokia_5110.o(i.LCDInit)
    LCDString                                0x08001171   Thumb Code    22  nokia_5110.o(i.LCDString)
    LCDWrite                                 0x08001189   Thumb Code    54  nokia_5110.o(i.LCDWrite)
    LCD_GPIO_Init                            0x080011c9   Thumb Code   148  nokia_5110.o(i.LCD_GPIO_Init)
    LCD_Interface                            0x08001265   Thumb Code   260  main.o(i.LCD_Interface)
    MemManage_Handler                        0x080013b5   Thumb Code     4  stm32f10x_it.o(i.MemManage_Handler)
    NMI_Handler                              0x080013b9   Thumb Code     2  stm32f10x_it.o(i.NMI_Handler)
    NVIC_Init                                0x080013bd   Thumb Code   100  misc.o(i.NVIC_Init)
    NVIC_PriorityGroupConfig                 0x0800142d   Thumb Code    10  misc.o(i.NVIC_PriorityGroupConfig)
    PendSV_Handler                           0x08001441   Thumb Code     2  stm32f10x_it.o(i.PendSV_Handler)
    RCC_APB1PeriphClockCmd                   0x08001445   Thumb Code    26  stm32f10x_rcc.o(i.RCC_APB1PeriphClockCmd)
    RCC_APB2PeriphClockCmd                   0x08001465   Thumb Code    26  stm32f10x_rcc.o(i.RCC_APB2PeriphClockCmd)
    RCC_GetClocksFreq                        0x08001485   Thumb Code   192  stm32f10x_rcc.o(i.RCC_GetClocksFreq)
    SHT31_GetData                            0x08001559   Thumb Code   112  main.o(i.SHT31_GetData)
    SHT31_TempThreshHold                     0x080015dd   Thumb Code   334  main.o(i.SHT31_TempThreshHold)
    SVC_Handler                              0x08001755   Thumb Code     2  stm32f10x_it.o(i.SVC_Handler)
    SysTick_Handler                          0x08001845   Thumb Code     2  stm32f10x_it.o(i.SysTick_Handler)
    SystemInit                               0x08001849   Thumb Code    70  system_stm32f10x.o(i.SystemInit)
    TIM2_IRQHandler                          0x0800189d   Thumb Code    96  stm32f10x_it.o(i.TIM2_IRQHandler)
    TIM_ClearITPendingBit                    0x0800190d   Thumb Code     6  stm32f10x_tim.o(i.TIM_ClearITPendingBit)
    TIM_Cmd                                  0x08001913   Thumb Code    24  stm32f10x_tim.o(i.TIM_Cmd)
    TIM_GetITStatus                          0x0800192b   Thumb Code    34  stm32f10x_tim.o(i.TIM_GetITStatus)
    TIM_ITConfig                             0x0800194d   Thumb Code    18  stm32f10x_tim.o(i.TIM_ITConfig)
    TIM_TimeBaseInit                         0x08001961   Thumb Code    50  stm32f10x_tim.o(i.TIM_TimeBaseInit)
    USART1_Configuration                     0x0800199d   Thumb Code   126  main.o(i.USART1_Configuration)
    USART2_Configuration                     0x08001a25   Thumb Code   122  main.o(i.USART2_Configuration)
    USART2_IRQHandler                        0x08001aa9   Thumb Code     2  stm32f10x_it.o(i.USART2_IRQHandler)
    USART3_Configuration                     0x08001aad   Thumb Code   126  main.o(i.USART3_Configuration)
    USART_ClearFlag                          0x08001b35   Thumb Code    18  stm32f10x_usart.o(i.USART_ClearFlag)
    USART_Cmd                                0x08001b47   Thumb Code    24  stm32f10x_usart.o(i.USART_Cmd)
    USART_Init                               0x08001b61   Thumb Code   156  stm32f10x_usart.o(i.USART_Init)
    USART_SendData                           0x08001c01   Thumb Code     8  stm32f10x_usart.o(i.USART_SendData)
    UsageFault_Handler                       0x08001c09   Thumb Code     2  stm32f10x_it.o(i.UsageFault_Handler)
    __0sprintf                               0x08001c0d   Thumb Code    34  printfa.o(i.__0sprintf)
    __1sprintf                               0x08001c0d   Thumb Code     0  printfa.o(i.__0sprintf)
    __2sprintf                               0x08001c0d   Thumb Code     0  printfa.o(i.__0sprintf)
    __c89sprintf                             0x08001c0d   Thumb Code     0  printfa.o(i.__0sprintf)
    sprintf                                  0x08001c0d   Thumb Code     0  printfa.o(i.__0sprintf)
    __scatterload_copy                       0x08001c35   Thumb Code    14  handlers.o(i.__scatterload_copy)
    __scatterload_null                       0x08001c43   Thumb Code     2  handlers.o(i.__scatterload_null)
    __scatterload_zeroinit                   0x08001c45   Thumb Code    14  handlers.o(i.__scatterload_zeroinit)
    delay_init                               0x08002511   Thumb Code    56  user_delay.o(i.delay_init)
    delay_ms                                 0x08002551   Thumb Code    56  user_delay.o(i.delay_ms)
    delay_us                                 0x0800258d   Thumb Code    56  user_delay.o(i.delay_us)
    gotoXY                                   0x080025c9   Thumb Code    32  nokia_5110.o(i.gotoXY)
    main                                     0x080025e9   Thumb Code   268  main.o(i.main)
    shiftOut                                 0x08002719   Thumb Code    88  nokia_5110.o(i.shiftOut)
    Region$$Table$$Base                      0x080029a4   Number         0  anon$$obj.o(Region$$Table)
    Region$$Table$$Limit                     0x080029c4   Number         0  anon$$obj.o(Region$$Table)
    SystemCoreClock                          0x20000000   Data           4  system_stm32f10x.o(.data)
    TEMP_ALERT                               0x20000010   Data           4  main.o(.data)
    ALERT_STATUS                             0x20000014   Data           1  main.o(.data)
    MORE_LESS_COMPARISION                    0x20000015   Data           1  main.o(.data)
    SHT31_Temp                               0x20000018   Data           4  main.o(.data)
    SHT31_Humid                              0x2000001c   Data           4  main.o(.data)
    SHT31_I2C_Data_Buffer                    0x20000020   Data           6  main.o(.data)
    Char_buff                                0x20000064   Data          10  main.o(.bss)
    __initial_sp                             0x20000470   Data           0  startup_stm32f10x_md.o(STACK)



==============================================================================

Memory Map of the image

  Image Entry point : 0x080000ed

  Load Region LR_IROM1 (Base: 0x08000000, Size: 0x00002a28, Max: 0x00010000, ABSOLUTE)

    Execution Region ER_IROM1 (Exec base: 0x08000000, Load base: 0x08000000, Size: 0x000029c4, Max: 0x00010000, ABSOLUTE)

    Exec Addr    Load Addr    Size         Type   Attr      Idx    E Section Name        Object

    0x08000000   0x08000000   0x000000ec   Data   RO           96    RESET               startup_stm32f10x_md.o
    0x080000ec   0x080000ec   0x00000000   Code   RO         1934  * .ARM.Collect$$$$00000000  mc_w.l(entry.o)
    0x080000ec   0x080000ec   0x00000004   Code   RO         2220    .ARM.Collect$$$$00000001  mc_w.l(entry2.o)
    0x080000f0   0x080000f0   0x00000004   Code   RO         2223    .ARM.Collect$$$$00000004  mc_w.l(entry5.o)
    0x080000f4   0x080000f4   0x00000000   Code   RO         2225    .ARM.Collect$$$$00000008  mc_w.l(entry7b.o)
    0x080000f4   0x080000f4   0x00000000   Code   RO         2227    .ARM.Collect$$$$0000000A  mc_w.l(entry8b.o)
    0x080000f4   0x080000f4   0x00000008   Code   RO         2228    .ARM.Collect$$$$0000000B  mc_w.l(entry9a.o)
    0x080000fc   0x080000fc   0x00000000   Code   RO         2230    .ARM.Collect$$$$0000000D  mc_w.l(entry10a.o)
    0x080000fc   0x080000fc   0x00000000   Code   RO         2232    .ARM.Collect$$$$0000000F  mc_w.l(entry11a.o)
    0x080000fc   0x080000fc   0x00000004   Code   RO         2221    .ARM.Collect$$$$00002712  mc_w.l(entry2.o)
    0x08000100   0x08000100   0x00000024   Code   RO           97    .text               startup_stm32f10x_md.o
    0x08000124   0x08000124   0x00000024   Code   RO         1937    .text               mc_w.l(memcpya.o)
    0x08000148   0x08000148   0x00000018   Code   RO         1939    .text               mc_w.l(strcat.o)
    0x08000160   0x08000160   0x000000b0   Code   RO         2204    .text               mf_w.l(fadd.o)
    0x08000210   0x08000210   0x0000007c   Code   RO         2206    .text               mf_w.l(fdiv.o)
    0x0800028c   0x0800028c   0x0000014e   Code   RO         2208    .text               mf_w.l(dadd.o)
    0x080003da   0x080003da   0x00000012   Code   RO         2210    .text               mf_w.l(fflti.o)
    0x080003ec   0x080003ec   0x00000026   Code   RO         2212    .text               mf_w.l(f2d.o)
    0x08000412   0x08000412   0x00000038   Code   RO         2214    .text               mf_w.l(d2f.o)
    0x0800044a   0x0800044a   0x00000002   PAD
    0x0800044c   0x0800044c   0x00000014   Code   RO         2216    .text               mf_w.l(cfcmple.o)
    0x08000460   0x08000460   0x00000014   Code   RO         2218    .text               mf_w.l(cfrcmple.o)
    0x08000474   0x08000474   0x0000002c   Code   RO         2235    .text               mc_w.l(uidiv.o)
    0x080004a0   0x080004a0   0x00000062   Code   RO         2237    .text               mc_w.l(uldiv.o)
    0x08000502   0x08000502   0x0000001e   Code   RO         2239    .text               mc_w.l(llshl.o)
    0x08000520   0x08000520   0x00000024   Code   RO         2241    .text               mc_w.l(llsshr.o)
    0x08000544   0x08000544   0x00000000   Code   RO         2243    .text               mc_w.l(iusefp.o)
    0x08000544   0x08000544   0x0000006e   Code   RO         2244    .text               mf_w.l(fepilogue.o)
    0x080005b2   0x080005b2   0x000000ba   Code   RO         2246    .text               mf_w.l(depilogue.o)
    0x0800066c   0x0800066c   0x000000e4   Code   RO         2248    .text               mf_w.l(dmul.o)
    0x08000750   0x08000750   0x000000de   Code   RO         2250    .text               mf_w.l(ddiv.o)
    0x0800082e   0x0800082e   0x00000030   Code   RO         2252    .text               mf_w.l(dfixul.o)
    0x0800085e   0x0800085e   0x00000002   PAD
    0x08000860   0x08000860   0x00000030   Code   RO         2254    .text               mf_w.l(cdrcmple.o)
    0x08000890   0x08000890   0x00000024   Code   RO         2256    .text               mc_w.l(init.o)
    0x080008b4   0x080008b4   0x00000020   Code   RO         2258    .text               mc_w.l(llushr.o)
    0x080008d4   0x080008d4   0x00000002   Code   RO          211    i.BusFault_Handler  stm32f10x_it.o
    0x080008d6   0x080008d6   0x00000002   Code   RO          212    i.DebugMon_Handler  stm32f10x_it.o
    0x080008d8   0x080008d8   0x00000114   Code   RO          213    i.EXTI9_5_IRQHandler  stm32f10x_it.o
    0x080009ec   0x080009ec   0x0000000c   Code   RO          647    i.EXTI_ClearITPendingBit  stm32f10x_exti.o
    0x080009f8   0x080009f8   0x00000028   Code   RO          651    i.EXTI_GetITStatus  stm32f10x_exti.o
    0x08000a20   0x08000a20   0x00000094   Code   RO          652    i.EXTI_Init         stm32f10x_exti.o
    0x08000ab4   0x08000ab4   0x00000040   Code   RO          335    i.GPIO_EXTILineConfig  stm32f10x_gpio.o
    0x08000af4   0x08000af4   0x00000116   Code   RO          338    i.GPIO_Init         stm32f10x_gpio.o
    0x08000c0a   0x08000c0a   0x00000012   Code   RO          342    i.GPIO_ReadInputDataBit  stm32f10x_gpio.o
    0x08000c1c   0x08000c1c   0x00000004   Code   RO          345    i.GPIO_ResetBits    stm32f10x_gpio.o
    0x08000c20   0x08000c20   0x00000004   Code   RO          346    i.GPIO_SetBits      stm32f10x_gpio.o
    0x08000c24   0x08000c24   0x00000004   Code   RO          214    i.HardFault_Handler  stm32f10x_it.o
    0x08000c28   0x08000c28   0x00000050   Code   RO         1847    i.IIC_Ack           myiic.o
    0x08000c78   0x08000c78   0x00000048   Code   RO         1849    i.IIC_Init          myiic.o
    0x08000cc0   0x08000cc0   0x00000050   Code   RO         1850    i.IIC_NAck          myiic.o
    0x08000d10   0x08000d10   0x00000072   Code   RO         1851    i.IIC_ReadMulti     myiic.o
    0x08000d82   0x08000d82   0x00000002   PAD
    0x08000d84   0x08000d84   0x00000070   Code   RO         1852    i.IIC_Read_Byte     myiic.o
    0x08000df4   0x08000df4   0x00000060   Code   RO         1853    i.IIC_Send_Byte     myiic.o
    0x08000e54   0x08000e54   0x00000050   Code   RO         1854    i.IIC_Start         myiic.o
    0x08000ea4   0x08000ea4   0x0000004c   Code   RO         1855    i.IIC_Stop          myiic.o
    0x08000ef0   0x08000ef0   0x00000064   Code   RO         1856    i.IIC_Wait_Ack      myiic.o
    0x08000f54   0x08000f54   0x00000056   Code   RO         1857    i.IIC_Write         myiic.o
    0x08000faa   0x08000faa   0x00000002   PAD
    0x08000fac   0x08000fac   0x00000068   Code   RO         1709    i.Init_BT_ExInterrupt  user_function.o
    0x08001014   0x08001014   0x00000032   Code   RO         1710    i.Init_GPIO         user_function.o
    0x08001046   0x08001046   0x0000004e   Code   RO         1711    i.Init_Timer_2      user_function.o
    0x08001094   0x08001094   0x00000038   Code   RO         1747    i.LCDCharacter      nokia_5110.o
    0x080010cc   0x080010cc   0x00000020   Code   RO         1748    i.LCDClear          nokia_5110.o
    0x080010ec   0x080010ec   0x00000084   Code   RO         1749    i.LCDInit           nokia_5110.o
    0x08001170   0x08001170   0x00000016   Code   RO         1750    i.LCDString         nokia_5110.o
    0x08001186   0x08001186   0x00000002   PAD
    0x08001188   0x08001188   0x00000040   Code   RO         1751    i.LCDWrite          nokia_5110.o
    0x080011c8   0x080011c8   0x0000009c   Code   RO         1752    i.LCD_GPIO_Init     nokia_5110.o
    0x08001264   0x08001264   0x00000150   Code   RO          101    i.LCD_Interface     main.o
    0x080013b4   0x080013b4   0x00000004   Code   RO          215    i.MemManage_Handler  stm32f10x_it.o
    0x080013b8   0x080013b8   0x00000002   Code   RO          216    i.NMI_Handler       stm32f10x_it.o
    0x080013ba   0x080013ba   0x00000002   PAD
    0x080013bc   0x080013bc   0x00000070   Code   RO          296    i.NVIC_Init         misc.o
    0x0800142c   0x0800142c   0x00000014   Code   RO          297    i.NVIC_PriorityGroupConfig  misc.o
    0x08001440   0x08001440   0x00000002   Code   RO          217    i.PendSV_Handler    stm32f10x_it.o
    0x08001442   0x08001442   0x00000002   PAD
    0x08001444   0x08001444   0x00000020   Code   RO          448    i.RCC_APB1PeriphClockCmd  stm32f10x_rcc.o
    0x08001464   0x08001464   0x00000020   Code   RO          450    i.RCC_APB2PeriphClockCmd  stm32f10x_rcc.o
    0x08001484   0x08001484   0x000000d4   Code   RO          458    i.RCC_GetClocksFreq  stm32f10x_rcc.o
    0x08001558   0x08001558   0x00000084   Code   RO          102    i.SHT31_GetData     main.o
    0x080015dc   0x080015dc   0x00000178   Code   RO          103    i.SHT31_TempThreshHold  main.o
    0x08001754   0x08001754   0x00000002   Code   RO          218    i.SVC_Handler       stm32f10x_it.o
    0x08001756   0x08001756   0x00000008   Code   RO           17    i.SetSysClock       system_stm32f10x.o
    0x0800175e   0x0800175e   0x00000002   PAD
    0x08001760   0x08001760   0x000000e4   Code   RO           18    i.SetSysClockTo72   system_stm32f10x.o
    0x08001844   0x08001844   0x00000002   Code   RO          219    i.SysTick_Handler   stm32f10x_it.o
    0x08001846   0x08001846   0x00000002   PAD
    0x08001848   0x08001848   0x00000054   Code   RO           20    i.SystemInit        system_stm32f10x.o
    0x0800189c   0x0800189c   0x00000070   Code   RO          220    i.TIM2_IRQHandler   stm32f10x_it.o
    0x0800190c   0x0800190c   0x00000006   Code   RO          711    i.TIM_ClearITPendingBit  stm32f10x_tim.o
    0x08001912   0x08001912   0x00000018   Code   RO          716    i.TIM_Cmd           stm32f10x_tim.o
    0x0800192a   0x0800192a   0x00000022   Code   RO          737    i.TIM_GetITStatus   stm32f10x_tim.o
    0x0800194c   0x0800194c   0x00000012   Code   RO          741    i.TIM_ITConfig      stm32f10x_tim.o
    0x0800195e   0x0800195e   0x00000002   PAD
    0x08001960   0x08001960   0x0000003c   Code   RO          787    i.TIM_TimeBaseInit  stm32f10x_tim.o
    0x0800199c   0x0800199c   0x00000088   Code   RO          105    i.USART1_Configuration  main.o
    0x08001a24   0x08001a24   0x00000084   Code   RO          106    i.USART2_Configuration  main.o
    0x08001aa8   0x08001aa8   0x00000002   Code   RO          221    i.USART2_IRQHandler  stm32f10x_it.o
    0x08001aaa   0x08001aaa   0x00000002   PAD
    0x08001aac   0x08001aac   0x00000088   Code   RO          107    i.USART3_Configuration  main.o
    0x08001b34   0x08001b34   0x00000012   Code   RO         1248    i.USART_ClearFlag   stm32f10x_usart.o
    0x08001b46   0x08001b46   0x00000018   Code   RO         1252    i.USART_Cmd         stm32f10x_usart.o
    0x08001b5e   0x08001b5e   0x00000002   PAD
    0x08001b60   0x08001b60   0x000000a0   Code   RO         1259    i.USART_Init        stm32f10x_usart.o
    0x08001c00   0x08001c00   0x00000008   Code   RO         1267    i.USART_SendData    stm32f10x_usart.o
    0x08001c08   0x08001c08   0x00000002   Code   RO          222    i.UsageFault_Handler  stm32f10x_it.o
    0x08001c0a   0x08001c0a   0x00000002   PAD
    0x08001c0c   0x08001c0c   0x00000028   Code   RO         2178    i.__0sprintf        mc_w.l(printfa.o)
    0x08001c34   0x08001c34   0x0000000e   Code   RO         2262    i.__scatterload_copy  mc_w.l(handlers.o)
    0x08001c42   0x08001c42   0x00000002   Code   RO         2263    i.__scatterload_null  mc_w.l(handlers.o)
    0x08001c44   0x08001c44   0x0000000e   Code   RO         2264    i.__scatterload_zeroinit  mc_w.l(handlers.o)
    0x08001c52   0x08001c52   0x00000002   PAD
    0x08001c54   0x08001c54   0x00000184   Code   RO         2183    i._fp_digits        mc_w.l(printfa.o)
    0x08001dd8   0x08001dd8   0x000006dc   Code   RO         2184    i._printf_core      mc_w.l(printfa.o)
    0x080024b4   0x080024b4   0x00000024   Code   RO         2185    i._printf_post_padding  mc_w.l(printfa.o)
    0x080024d8   0x080024d8   0x0000002e   Code   RO         2186    i._printf_pre_padding  mc_w.l(printfa.o)
    0x08002506   0x08002506   0x0000000a   Code   RO         2188    i._sputc            mc_w.l(printfa.o)
    0x08002510   0x08002510   0x00000040   Code   RO         1680    i.delay_init        user_delay.o
    0x08002550   0x08002550   0x0000003c   Code   RO         1681    i.delay_ms          user_delay.o
    0x0800258c   0x0800258c   0x0000003c   Code   RO         1682    i.delay_us          user_delay.o
    0x080025c8   0x080025c8   0x00000020   Code   RO         1753    i.gotoXY            nokia_5110.o
    0x080025e8   0x080025e8   0x00000130   Code   RO          110    i.main              main.o
    0x08002718   0x08002718   0x0000005c   Code   RO         1755    i.shiftOut          nokia_5110.o
    0x08002774   0x08002774   0x00000048   Data   RO          113    .constdata          main.o
    0x080027bc   0x080027bc   0x000001e6   Data   RO         1757    .constdata          nokia_5110.o
    0x080029a2   0x080029a2   0x00000002   PAD
    0x080029a4   0x080029a4   0x00000020   Data   RO         2260    Region$$Table       anon$$obj.o


    Execution Region RW_IRAM1 (Exec base: 0x20000000, Load base: 0x080029c4, Size: 0x00000470, Max: 0x00005000, ABSOLUTE)

    Exec Addr    Load Addr    Size         Type   Attr      Idx    E Section Name        Object

    0x20000000   0x080029c4   0x00000004   Data   RW           21    .data               system_stm32f10x.o
    0x20000004   0x080029c8   0x00000023   Data   RW          114    .data               main.o
    0x20000027   0x080029eb   0x00000001   PAD
    0x20000028   0x080029ec   0x00000018   Data   RW          224    .data               stm32f10x_it.o
    0x20000040   0x08002a04   0x00000014   Data   RW          478    .data               stm32f10x_rcc.o
    0x20000054   0x08002a18   0x0000000e   Data   RW         1684    .data               user_delay.o
    0x20000062   0x08002a26   0x00000002   PAD
    0x20000064        -       0x0000000a   Zero   RW          112    .bss                main.o
    0x2000006e   0x08002a26   0x00000002   PAD
    0x20000070        -       0x00000400   Zero   RW           94    STACK               startup_stm32f10x_md.o


==============================================================================

Image component sizes


      Code (inc. data)   RO Data    RW Data    ZI Data      Debug   Object Name

         0          0          0          0          0       4588   core_cm3.o
      1552        204         72         35         10      22237   main.o
       132         22          0          0          0       1815   misc.o
       896        112          0          0          0       6122   myiic.o
       586         34        486          0          0       5491   nokia_5110.o
        36          8        236          0       1024        948   startup_stm32f10x_md.o
       200         18          0          0          0       2480   stm32f10x_exti.o
       368          4          0          0          0       4822   stm32f10x_gpio.o
       412         46          0         24          0       6792   stm32f10x_it.o
       276         32          0         20          0       4870   stm32f10x_rcc.o
       142         10          0          0          0       6434   stm32f10x_tim.o
       210          4          0          0          0       4296   stm32f10x_usart.o
       320         22          0          4          0     247599   system_stm32f10x.o
       184         16          0         14          0       2035   user_delay.o
       232          4          0          0          0       2253   user_function.o

    ----------------------------------------------------------------------
      5568        536        828        100       1036     322782   Object Totals
         0          0         32          0          0          0   (incl. Generated)
        22          0          2          3          2          0   (incl. Padding)

    ----------------------------------------------------------------------

      Code (inc. data)   RO Data    RW Data    ZI Data      Debug   Library Member Name

         0          0          0          0          0          0   entry.o
         0          0          0          0          0          0   entry10a.o
         0          0          0          0          0          0   entry11a.o
         8          4          0          0          0          0   entry2.o
         4          0          0          0          0          0   entry5.o
         0          0          0          0          0          0   entry7b.o
         0          0          0          0          0          0   entry8b.o
         8          4          0          0          0          0   entry9a.o
        30          0          0          0          0          0   handlers.o
        36          8          0          0          0         68   init.o
         0          0          0          0          0          0   iusefp.o
        30          0          0          0          0         68   llshl.o
        36          0          0          0          0         68   llsshr.o
        32          0          0          0          0         68   llushr.o
        36          0          0          0          0         68   memcpya.o
      2276         86          0          0          0        520   printfa.o
        24          0          0          0          0         68   strcat.o
        44          0          0          0          0         80   uidiv.o
        98          0          0          0          0         92   uldiv.o
        48          0          0          0          0         68   cdrcmple.o
        20          0          0          0          0         68   cfcmple.o
        20          0          0          0          0         68   cfrcmple.o
        56          0          0          0          0         88   d2f.o
       334          0          0          0          0        148   dadd.o
       222          0          0          0          0        100   ddiv.o
       186          0          0          0          0        176   depilogue.o
        48          0          0          0          0         68   dfixul.o
       228          0          0          0          0         96   dmul.o
        38          0          0          0          0         68   f2d.o
       176          0          0          0          0        140   fadd.o
       124          0          0          0          0         88   fdiv.o
       110          0          0          0          0        168   fepilogue.o
        18          0          0          0          0         68   fflti.o

    ----------------------------------------------------------------------
      4296        102          0          0          0       2512   Library Totals
         6          0          0          0          0          0   (incl. Padding)

    ----------------------------------------------------------------------

      Code (inc. data)   RO Data    RW Data    ZI Data      Debug   Library Name

      2662        102          0          0          0       1100   mc_w.l
      1628          0          0          0          0       1412   mf_w.l

    ----------------------------------------------------------------------
      4296        102          0          0          0       2512   Library Totals

    ----------------------------------------------------------------------

==============================================================================


      Code (inc. data)   RO Data    RW Data    ZI Data      Debug   

      9864        638        828        100       1036     320766   Grand Totals
      9864        638        828        100       1036     320766   ELF Image Totals
      9864        638        828        100          0          0   ROM Totals

==============================================================================

    Total RO  Size (Code + RO Data)                10692 (  10.44kB)
    Total RW  Size (RW Data + ZI Data)              1136 (   1.11kB)
    Total ROM Size (Code + RO Data + RW Data)      10792 (  10.54kB)

==============================================================================

